<?xml version="1.0"?>
<link_info>
   <banner>TI ARM Linker PC v16.9.0.LTS</banner>
   <copyright>Copyright (c) 1996-2015 Texas Instruments Incorporated</copyright>
   <link_time>0x58a2860d</link_time>
   <link_errors>0x0</link_errors>
   <output_file>Project1_LAUNCHXL2_RM57L.out</output_file>
   <entry_point>
      <name>_c_int00</name>
      <address>0x55c0</address>
   </entry_point>
   <input_file_list>
      <input_file id="fl-2">
         <path>.\demoapp\source\</path>
         <kind>object</kind>
         <file>adc_demos.obj</file>
         <name>adc_demos.obj</name>
      </input_file>
      <input_file id="fl-3">
         <path>.\demoapp\source\</path>
         <kind>object</kind>
         <file>app_main_NoOS.obj</file>
         <name>app_main_NoOS.obj</name>
      </input_file>
      <input_file id="fl-4">
         <path>.\demoapp\source\</path>
         <kind>object</kind>
         <file>esm_application_callback.obj</file>
         <name>esm_application_callback.obj</name>
      </input_file>
      <input_file id="fl-5">
         <path>.\demoapp\source\</path>
         <kind>object</kind>
         <file>misc.obj</file>
         <name>misc.obj</name>
      </input_file>
      <input_file id="fl-6">
         <path>.\demoapp\source\</path>
         <kind>object</kind>
         <file>support_functions.obj</file>
         <name>support_functions.obj</name>
      </input_file>
      <input_file id="fl-7">
         <path>.\hcg\source\</path>
         <kind>object</kind>
         <file>HL_adc.obj</file>
         <name>HL_adc.obj</name>
      </input_file>
      <input_file id="fl-8">
         <path>.\hcg\source\</path>
         <kind>object</kind>
         <file>HL_epc.obj</file>
         <name>HL_epc.obj</name>
      </input_file>
      <input_file id="fl-9">
         <path>.\hcg\source\</path>
         <kind>object</kind>
         <file>HL_errata.obj</file>
         <name>HL_errata.obj</name>
      </input_file>
      <input_file id="fl-a">
         <path>.\hcg\source\</path>
         <kind>object</kind>
         <file>HL_esm.obj</file>
         <name>HL_esm.obj</name>
      </input_file>
      <input_file id="fl-b">
         <path>.\hcg\source\</path>
         <kind>object</kind>
         <file>HL_gio.obj</file>
         <name>HL_gio.obj</name>
      </input_file>
      <input_file id="fl-c">
         <path>.\hcg\source\</path>
         <kind>object</kind>
         <file>HL_nmpu.obj</file>
         <name>HL_nmpu.obj</name>
      </input_file>
      <input_file id="fl-d">
         <path>.\hcg\source\</path>
         <kind>object</kind>
         <file>HL_notification.obj</file>
         <name>HL_notification.obj</name>
      </input_file>
      <input_file id="fl-e">
         <path>.\hcg\source\</path>
         <kind>object</kind>
         <file>HL_pinmux.obj</file>
         <name>HL_pinmux.obj</name>
      </input_file>
      <input_file id="fl-f">
         <path>.\hcg\source\</path>
         <kind>object</kind>
         <file>HL_rti.obj</file>
         <name>HL_rti.obj</name>
      </input_file>
      <input_file id="fl-10">
         <path>.\hcg\source\</path>
         <kind>object</kind>
         <file>HL_sci.obj</file>
         <name>HL_sci.obj</name>
      </input_file>
      <input_file id="fl-11">
         <path>.\hcg\source\</path>
         <kind>object</kind>
         <file>HL_sys_core.obj</file>
         <name>HL_sys_core.obj</name>
      </input_file>
      <input_file id="fl-12">
         <path>.\hcg\source\</path>
         <kind>object</kind>
         <file>HL_sys_dma.obj</file>
         <name>HL_sys_dma.obj</name>
      </input_file>
      <input_file id="fl-13">
         <path>.\hcg\source\</path>
         <kind>object</kind>
         <file>HL_sys_intvecs.obj</file>
         <name>HL_sys_intvecs.obj</name>
      </input_file>
      <input_file id="fl-14">
         <path>.\hcg\source\</path>
         <kind>object</kind>
         <file>HL_sys_mpu.obj</file>
         <name>HL_sys_mpu.obj</name>
      </input_file>
      <input_file id="fl-15">
         <path>.\hcg\source\</path>
         <kind>object</kind>
         <file>HL_sys_pcr.obj</file>
         <name>HL_sys_pcr.obj</name>
      </input_file>
      <input_file id="fl-16">
         <path>.\hcg\source\</path>
         <kind>object</kind>
         <file>HL_sys_phantom.obj</file>
         <name>HL_sys_phantom.obj</name>
      </input_file>
      <input_file id="fl-17">
         <path>.\hcg\source\</path>
         <kind>object</kind>
         <file>HL_sys_pmm.obj</file>
         <name>HL_sys_pmm.obj</name>
      </input_file>
      <input_file id="fl-18">
         <path>.\hcg\source\</path>
         <kind>object</kind>
         <file>HL_sys_pmu.obj</file>
         <name>HL_sys_pmu.obj</name>
      </input_file>
      <input_file id="fl-19">
         <path>.\hcg\source\</path>
         <kind>object</kind>
         <file>HL_sys_startup.obj</file>
         <name>HL_sys_startup.obj</name>
      </input_file>
      <input_file id="fl-1a">
         <path>.\hcg\source\</path>
         <kind>object</kind>
         <file>HL_sys_vim.obj</file>
         <name>HL_sys_vim.obj</name>
      </input_file>
      <input_file id="fl-1b">
         <path>.\hcg\source\</path>
         <kind>object</kind>
         <file>HL_system.obj</file>
         <name>HL_system.obj</name>
      </input_file>
      <input_file id="fl-21">
         <path>C:\ti\Hercules\SafeTI Diagnostic Library\2.2.0\libs\</path>
         <kind>archive</kind>
         <file>SafeTILib_RM57L_LE.lib</file>
         <name>sl_selftest.obj</name>
      </input_file>
      <input_file id="fl-22">
         <path>C:\ti\Hercules\SafeTI Diagnostic Library\2.2.0\libs\</path>
         <kind>archive</kind>
         <file>SafeTILib_RM57L_LE.lib</file>
         <name>sl_priv.obj</name>
      </input_file>
      <input_file id="fl-23">
         <path>C:\ti\Hercules\SafeTI Diagnostic Library\2.2.0\libs\</path>
         <kind>archive</kind>
         <file>SafeTILib_RM57L_LE.lib</file>
         <name>sl_log.obj</name>
      </input_file>
      <input_file id="fl-24">
         <path>C:\ti\Hercules\SafeTI Diagnostic Library\2.2.0\libs\</path>
         <kind>archive</kind>
         <file>SafeTILib_RM57L_LE.lib</file>
         <name>sl_init.obj</name>
      </input_file>
      <input_file id="fl-25">
         <path>C:\ti\Hercules\SafeTI Diagnostic Library\2.2.0\libs\</path>
         <kind>archive</kind>
         <file>SafeTILib_RM57L_LE.lib</file>
         <name>sl_esm.obj</name>
      </input_file>
      <input_file id="fl-26">
         <path>C:\ti\Hercules\SafeTI Diagnostic Library\2.2.0\libs\</path>
         <kind>archive</kind>
         <file>SafeTILib_RM57L_LE.lib</file>
         <name>sl_asm_api.obj</name>
      </input_file>
      <input_file id="fl-dc">
         <path>C:\ti\ccsv7\tools\compiler\ti-cgt-arm_16.9.0.LTS\lib\</path>
         <kind>archive</kind>
         <file>rtsv7R4_A_le_v3D16_eabi.lib</file>
         <name>copy_decompress_lzss.obj</name>
      </input_file>
      <input_file id="fl-dd">
         <path>C:\ti\ccsv7\tools\compiler\ti-cgt-arm_16.9.0.LTS\lib\</path>
         <kind>archive</kind>
         <file>rtsv7R4_A_le_v3D16_eabi.lib</file>
         <name>copy_decompress_none.obj</name>
      </input_file>
      <input_file id="fl-de">
         <path>C:\ti\ccsv7\tools\compiler\ti-cgt-arm_16.9.0.LTS\lib\</path>
         <kind>archive</kind>
         <file>rtsv7R4_A_le_v3D16_eabi.lib</file>
         <name>copy_zero_init.obj</name>
      </input_file>
      <input_file id="fl-df">
         <path>C:\ti\ccsv7\tools\compiler\ti-cgt-arm_16.9.0.LTS\lib\</path>
         <kind>archive</kind>
         <file>rtsv7R4_A_le_v3D16_eabi.lib</file>
         <name>exit.obj</name>
      </input_file>
      <input_file id="fl-e0">
         <path>C:\ti\ccsv7\tools\compiler\ti-cgt-arm_16.9.0.LTS\lib\</path>
         <kind>archive</kind>
         <file>rtsv7R4_A_le_v3D16_eabi.lib</file>
         <name>memcpy32.obj</name>
      </input_file>
      <input_file id="fl-e1">
         <path>C:\ti\ccsv7\tools\compiler\ti-cgt-arm_16.9.0.LTS\lib\</path>
         <kind>archive</kind>
         <file>rtsv7R4_A_le_v3D16_eabi.lib</file>
         <name>memset32.obj</name>
      </input_file>
      <input_file id="fl-e2">
         <path>C:\ti\ccsv7\tools\compiler\ti-cgt-arm_16.9.0.LTS\lib\</path>
         <kind>archive</kind>
         <file>rtsv7R4_A_le_v3D16_eabi.lib</file>
         <name>_lock.obj</name>
      </input_file>
   </input_file_list>
   <object_component_list>
      <object_component id="oc-4e">
         <name>.intvecs</name>
         <load_address>0x0</load_address>
         <run_address>0x0</run_address>
         <size>0x20</size>
         <input_file_ref idref="fl-13"/>
      </object_component>
      <object_component id="oc-aa">
         <name>.text</name>
         <load_address>0x20</load_address>
         <run_address>0x20</run_address>
         <size>0x1810</size>
         <input_file_ref idref="fl-21"/>
      </object_component>
      <object_component id="oc-24d">
         <name>.text</name>
         <load_address>0x1830</load_address>
         <run_address>0x1830</run_address>
         <size>0x9b4</size>
         <input_file_ref idref="fl-e"/>
      </object_component>
      <object_component id="oc-119">
         <name>.text</name>
         <load_address>0x21e4</load_address>
         <run_address>0x21e4</run_address>
         <size>0x980</size>
         <input_file_ref idref="fl-1b"/>
      </object_component>
      <object_component id="oc-5a">
         <name>.text</name>
         <load_address>0x2b64</load_address>
         <run_address>0x2b64</run_address>
         <size>0x940</size>
         <input_file_ref idref="fl-1a"/>
      </object_component>
      <object_component id="oc-11f">
         <name>.text</name>
         <load_address>0x34a4</load_address>
         <run_address>0x34a4</run_address>
         <size>0x7d0</size>
         <input_file_ref idref="fl-a"/>
      </object_component>
      <object_component id="oc-94">
         <name>.text</name>
         <load_address>0x3c74</load_address>
         <run_address>0x3c74</run_address>
         <size>0x408</size>
         <input_file_ref idref="fl-11"/>
      </object_component>
      <object_component id="oc-12b">
         <name>.text</name>
         <load_address>0x407c</load_address>
         <run_address>0x407c</run_address>
         <size>0x394</size>
         <input_file_ref idref="fl-14"/>
      </object_component>
      <object_component id="oc-6a">
         <name>.text</name>
         <load_address>0x4410</load_address>
         <run_address>0x4410</run_address>
         <size>0x37c</size>
         <input_file_ref idref="fl-25"/>
      </object_component>
      <object_component id="oc-59">
         <name>.text:retain</name>
         <load_address>0x478c</load_address>
         <run_address>0x478c</run_address>
         <size>0x34c</size>
         <input_file_ref idref="fl-1a"/>
      </object_component>
      <object_component id="oc-125">
         <name>.text</name>
         <load_address>0x4ad8</load_address>
         <run_address>0x4ad8</run_address>
         <size>0x334</size>
         <input_file_ref idref="fl-8"/>
      </object_component>
      <object_component id="oc-130">
         <name>.text</name>
         <load_address>0x4e0c</load_address>
         <run_address>0x4e0c</run_address>
         <size>0x300</size>
         <input_file_ref idref="fl-3"/>
      </object_component>
      <object_component id="oc-3f">
         <name>.text:retain</name>
         <load_address>0x510c</load_address>
         <run_address>0x510c</run_address>
         <size>0x2b4</size>
         <input_file_ref idref="fl-a"/>
      </object_component>
      <object_component id="oc-99">
         <name>.text</name>
         <load_address>0x53c0</load_address>
         <run_address>0x53c0</run_address>
         <size>0x200</size>
         <input_file_ref idref="fl-26"/>
      </object_component>
      <object_component id="oc-2c">
         <name>.text:retain</name>
         <load_address>0x55c0</load_address>
         <run_address>0x55c0</run_address>
         <size>0x1cc</size>
         <input_file_ref idref="fl-19"/>
      </object_component>
      <object_component id="oc-7c">
         <name>.text</name>
         <load_address>0x578c</load_address>
         <run_address>0x578c</run_address>
         <size>0x180</size>
         <input_file_ref idref="fl-e0"/>
      </object_component>
      <object_component id="oc-9e">
         <name>.text</name>
         <load_address>0x590c</load_address>
         <run_address>0x590c</run_address>
         <size>0x138</size>
         <input_file_ref idref="fl-24"/>
      </object_component>
      <object_component id="oc-65">
         <name>.text:retain</name>
         <load_address>0x5a44</load_address>
         <run_address>0x5a44</run_address>
         <size>0x134</size>
         <input_file_ref idref="fl-25"/>
      </object_component>
      <object_component id="oc-a4">
         <name>.text</name>
         <load_address>0x5b78</load_address>
         <run_address>0x5b78</run_address>
         <size>0x110</size>
         <input_file_ref idref="fl-22"/>
      </object_component>
      <object_component id="oc-88">
         <name>.text</name>
         <load_address>0x5c88</load_address>
         <run_address>0x5c88</run_address>
         <size>0xb0</size>
         <input_file_ref idref="fl-e1"/>
      </object_component>
      <object_component id="oc-b6">
         <name>.text</name>
         <load_address>0x5d38</load_address>
         <run_address>0x5d38</run_address>
         <size>0x9c</size>
         <input_file_ref idref="fl-d"/>
      </object_component>
      <object_component id="oc-1a">
         <name>.text:decompress:lzss</name>
         <load_address>0x5dd4</load_address>
         <run_address>0x5dd4</run_address>
         <size>0x90</size>
         <input_file_ref idref="fl-dc"/>
      </object_component>
      <object_component id="oc-136">
         <name>.text</name>
         <load_address>0x5e64</load_address>
         <run_address>0x5e64</run_address>
         <size>0x90</size>
         <input_file_ref idref="fl-df"/>
      </object_component>
      <object_component id="oc-48">
         <name>.text:retain</name>
         <load_address>0x5ef4</load_address>
         <run_address>0x5ef4</run_address>
         <size>0x84</size>
         <input_file_ref idref="fl-f"/>
      </object_component>
      <object_component id="oc-10e">
         <name>.text</name>
         <load_address>0x5f78</load_address>
         <run_address>0x5f78</run_address>
         <size>0x60</size>
         <input_file_ref idref="fl-23"/>
      </object_component>
      <object_component id="oc-b0">
         <name>.text</name>
         <load_address>0x5fd8</load_address>
         <run_address>0x5fd8</run_address>
         <size>0x34</size>
         <input_file_ref idref="fl-19"/>
      </object_component>
      <object_component id="oc-2ae">
         <name>.text</name>
         <load_address>0x600c</load_address>
         <run_address>0x600c</run_address>
         <size>0x24</size>
         <input_file_ref idref="fl-e2"/>
      </object_component>
      <object_component id="oc-20">
         <name>.text:decompress:none</name>
         <load_address>0x6030</load_address>
         <run_address>0x6030</run_address>
         <size>0x14</size>
         <input_file_ref idref="fl-dd"/>
      </object_component>
      <object_component id="oc-26">
         <name>.text:decompress:ZI</name>
         <load_address>0x6044</load_address>
         <run_address>0x6044</run_address>
         <size>0x10</size>
         <input_file_ref idref="fl-de"/>
      </object_component>
      <object_component id="oc-53">
         <name>.text:retain</name>
         <load_address>0x6054</load_address>
         <run_address>0x6054</run_address>
         <size>0x4</size>
         <input_file_ref idref="fl-16"/>
      </object_component>
      <object_component id="oc-45">
         <name>.const:s_vim_init</name>
         <load_address>0x6058</load_address>
         <run_address>0x6058</run_address>
         <size>0x200</size>
         <input_file_ref idref="fl-1a"/>
      </object_component>
      <object_component id="oc-302">
         <name>.cinit..data.load</name>
         <load_address>0x6258</load_address>
         <run_address>0x6258</run_address>
         <size>0x13</size>
      </object_component>
      <object_component id="oc-303">
         <name>.cinit.LOG_DATA.load</name>
         <load_address>0x626b</load_address>
         <run_address>0x626b</run_address>
         <size>0xf</size>
      </object_component>
      <object_component id="oc-2ff">
         <name>__TI_handler_table</name>
         <load_address>0x627c</load_address>
         <run_address>0x627c</run_address>
         <size>0xc</size>
      </object_component>
      <object_component id="oc-301">
         <name>.cinit..bss.load</name>
         <load_address>0x6288</load_address>
         <run_address>0x6288</run_address>
         <size>0x8</size>
      </object_component>
      <object_component id="oc-300">
         <name>__TI_cinit_table</name>
         <load_address>0x6290</load_address>
         <run_address>0x6290</run_address>
         <size>0x18</size>
      </object_component>
      <object_component id="oc-bc">
         <name>.common:resetReason</name>
         <uninitialized>true</uninitialized>
         <run_address>0x800198c</run_address>
         <size>0x1</size>
      </object_component>
      <object_component id="oc-e6">
         <name>.common:ESM_AppCallback</name>
         <uninitialized>true</uninitialized>
         <run_address>0x8001988</run_address>
         <size>0x4</size>
      </object_component>
      <object_component id="oc-114">
         <name>.data</name>
         <load_address>0x80019c0</load_address>
         <run_address>0x80019c0</run_address>
         <size>0x20</size>
         <input_file_ref idref="fl-21"/>
      </object_component>
      <object_component id="oc-109">
         <name>.data:sl_priv_flag_set</name>
         <load_address>0x8001990</load_address>
         <run_address>0x8001990</run_address>
         <size>0x26</size>
         <input_file_ref idref="fl-22"/>
      </object_component>
      <object_component id="oc-e3">
         <name>.data</name>
         <load_address>0x80019ec</load_address>
         <run_address>0x80019ec</run_address>
         <size>0x4</size>
         <input_file_ref idref="fl-25"/>
      </object_component>
      <object_component id="oc-264">
         <name>.data:$O1$$</name>
         <load_address>0x80019e0</load_address>
         <run_address>0x80019e0</run_address>
         <size>0xc</size>
         <input_file_ref idref="fl-df"/>
      </object_component>
      <object_component id="oc-267">
         <name>.data:$O1$$</name>
         <load_address>0x80019b8</load_address>
         <run_address>0x80019b8</run_address>
         <size>0x8</size>
         <input_file_ref idref="fl-e2"/>
      </object_component>
      <object_component id="oc-23c">
         <name>LOG_DATA:init</name>
         <load_address>0x8001980</load_address>
         <run_address>0x8001980</run_address>
         <size>0x8</size>
         <input_file_ref idref="fl-23"/>
      </object_component>
      <object_component id="oc-23f">
         <name>LOG_DATA:uninit</name>
         <load_address>0x8001800</load_address>
         <run_address>0x8001800</run_address>
         <size>0x180</size>
         <input_file_ref idref="fl-23"/>
      </object_component>
      <object_component id="oc-2ba">
         <name>.debug_info</name>
         <load_address>0x0</load_address>
         <run_address>0x0</run_address>
         <size>0x200</size>
         <input_file_ref idref="fl-2"/>
      </object_component>
      <object_component id="oc-26f">
         <name>.debug_info</name>
         <load_address>0x200</load_address>
         <run_address>0x200</run_address>
         <size>0x791</size>
         <input_file_ref idref="fl-2"/>
      </object_component>
      <object_component id="oc-1c4">
         <name>.debug_info</name>
         <load_address>0x991</load_address>
         <run_address>0x991</run_address>
         <size>0x8b</size>
         <input_file_ref idref="fl-2"/>
      </object_component>
      <object_component id="oc-1c9">
         <name>.debug_info</name>
         <load_address>0xa1c</load_address>
         <run_address>0xa1c</run_address>
         <size>0x18b</size>
         <input_file_ref idref="fl-2"/>
      </object_component>
      <object_component id="oc-c6">
         <name>.debug_info</name>
         <load_address>0xba7</load_address>
         <run_address>0xba7</run_address>
         <size>0xae</size>
         <input_file_ref idref="fl-2"/>
      </object_component>
      <object_component id="oc-d7">
         <name>.debug_info</name>
         <load_address>0xc55</load_address>
         <run_address>0xc55</run_address>
         <size>0x86</size>
         <input_file_ref idref="fl-2"/>
      </object_component>
      <object_component id="oc-288">
         <name>.debug_info</name>
         <load_address>0xcdb</load_address>
         <run_address>0xcdb</run_address>
         <size>0x38f</size>
         <input_file_ref idref="fl-2"/>
      </object_component>
      <object_component id="oc-283">
         <name>.debug_info</name>
         <load_address>0x106a</load_address>
         <run_address>0x106a</run_address>
         <size>0x1e5</size>
         <input_file_ref idref="fl-3"/>
      </object_component>
      <object_component id="oc-131">
         <name>.debug_info</name>
         <load_address>0x124f</load_address>
         <run_address>0x124f</run_address>
         <size>0x153</size>
         <input_file_ref idref="fl-3"/>
      </object_component>
      <object_component id="oc-147">
         <name>.debug_info</name>
         <load_address>0x13a2</load_address>
         <run_address>0x13a2</run_address>
         <size>0x547</size>
         <input_file_ref idref="fl-3"/>
      </object_component>
      <object_component id="oc-174">
         <name>.debug_info</name>
         <load_address>0x18e9</load_address>
         <run_address>0x18e9</run_address>
         <size>0x1f9</size>
         <input_file_ref idref="fl-3"/>
      </object_component>
      <object_component id="oc-2be">
         <name>.debug_info</name>
         <load_address>0x1ae2</load_address>
         <run_address>0x1ae2</run_address>
         <size>0x3d3</size>
         <input_file_ref idref="fl-3"/>
      </object_component>
      <object_component id="oc-2a5">
         <name>.debug_info</name>
         <load_address>0x1eb5</load_address>
         <run_address>0x1eb5</run_address>
         <size>0x199</size>
         <input_file_ref idref="fl-3"/>
      </object_component>
      <object_component id="oc-1ba">
         <name>.debug_info</name>
         <load_address>0x204e</load_address>
         <run_address>0x204e</run_address>
         <size>0x70a</size>
         <input_file_ref idref="fl-3"/>
      </object_component>
      <object_component id="oc-285">
         <name>.debug_info</name>
         <load_address>0x2758</load_address>
         <run_address>0x2758</run_address>
         <size>0x32e</size>
         <input_file_ref idref="fl-4"/>
      </object_component>
      <object_component id="oc-1df">
         <name>.debug_info</name>
         <load_address>0x2a86</load_address>
         <run_address>0x2a86</run_address>
         <size>0x306</size>
         <input_file_ref idref="fl-4"/>
      </object_component>
      <object_component id="oc-1e4">
         <name>.debug_info</name>
         <load_address>0x2d8c</load_address>
         <run_address>0x2d8c</run_address>
         <size>0x532</size>
         <input_file_ref idref="fl-4"/>
      </object_component>
      <object_component id="oc-243">
         <name>.debug_info</name>
         <load_address>0x32be</load_address>
         <run_address>0x32be</run_address>
         <size>0x1f2</size>
         <input_file_ref idref="fl-4"/>
      </object_component>
      <object_component id="oc-1e9">
         <name>.debug_info</name>
         <load_address>0x34b0</load_address>
         <run_address>0x34b0</run_address>
         <size>0x15f</size>
         <input_file_ref idref="fl-4"/>
      </object_component>
      <object_component id="oc-28d">
         <name>.debug_info</name>
         <load_address>0x360f</load_address>
         <run_address>0x360f</run_address>
         <size>0xae</size>
         <input_file_ref idref="fl-4"/>
      </object_component>
      <object_component id="oc-1ee">
         <name>.debug_info</name>
         <load_address>0x36bd</load_address>
         <run_address>0x36bd</run_address>
         <size>0x102</size>
         <input_file_ref idref="fl-4"/>
      </object_component>
      <object_component id="oc-2c7">
         <name>.debug_info</name>
         <load_address>0x37bf</load_address>
         <run_address>0x37bf</run_address>
         <size>0x1f9</size>
         <input_file_ref idref="fl-4"/>
      </object_component>
      <object_component id="oc-1f3">
         <name>.debug_info</name>
         <load_address>0x39b8</load_address>
         <run_address>0x39b8</run_address>
         <size>0x222</size>
         <input_file_ref idref="fl-4"/>
      </object_component>
      <object_component id="oc-2cc">
         <name>.debug_info</name>
         <load_address>0x3bda</load_address>
         <run_address>0x3bda</run_address>
         <size>0x243</size>
         <input_file_ref idref="fl-4"/>
      </object_component>
      <object_component id="oc-1f8">
         <name>.debug_info</name>
         <load_address>0x3e1d</load_address>
         <run_address>0x3e1d</run_address>
         <size>0x49b</size>
         <input_file_ref idref="fl-4"/>
      </object_component>
      <object_component id="oc-1fd">
         <name>.debug_info</name>
         <load_address>0x42b8</load_address>
         <run_address>0x42b8</run_address>
         <size>0xa26</size>
         <input_file_ref idref="fl-4"/>
      </object_component>
      <object_component id="oc-202">
         <name>.debug_info</name>
         <load_address>0x4cde</load_address>
         <run_address>0x4cde</run_address>
         <size>0x1ca</size>
         <input_file_ref idref="fl-4"/>
      </object_component>
      <object_component id="oc-207">
         <name>.debug_info</name>
         <load_address>0x4ea8</load_address>
         <run_address>0x4ea8</run_address>
         <size>0x142</size>
         <input_file_ref idref="fl-4"/>
      </object_component>
      <object_component id="oc-20c">
         <name>.debug_info</name>
         <load_address>0x4fea</load_address>
         <run_address>0x4fea</run_address>
         <size>0x285</size>
         <input_file_ref idref="fl-4"/>
      </object_component>
      <object_component id="oc-211">
         <name>.debug_info</name>
         <load_address>0x526f</load_address>
         <run_address>0x526f</run_address>
         <size>0x3f6</size>
         <input_file_ref idref="fl-4"/>
      </object_component>
      <object_component id="oc-216">
         <name>.debug_info</name>
         <load_address>0x5665</load_address>
         <run_address>0x5665</run_address>
         <size>0x1d1</size>
         <input_file_ref idref="fl-4"/>
      </object_component>
      <object_component id="oc-21b">
         <name>.debug_info</name>
         <load_address>0x5836</load_address>
         <run_address>0x5836</run_address>
         <size>0x152</size>
         <input_file_ref idref="fl-4"/>
      </object_component>
      <object_component id="oc-220">
         <name>.debug_info</name>
         <load_address>0x5988</load_address>
         <run_address>0x5988</run_address>
         <size>0x1de</size>
         <input_file_ref idref="fl-4"/>
      </object_component>
      <object_component id="oc-225">
         <name>.debug_info</name>
         <load_address>0x5b66</load_address>
         <run_address>0x5b66</run_address>
         <size>0x1b6</size>
         <input_file_ref idref="fl-4"/>
      </object_component>
      <object_component id="oc-22f">
         <name>.debug_info</name>
         <load_address>0x5d1c</load_address>
         <run_address>0x5d1c</run_address>
         <size>0x36d</size>
         <input_file_ref idref="fl-4"/>
      </object_component>
      <object_component id="oc-1b0">
         <name>.debug_info</name>
         <load_address>0x6089</load_address>
         <run_address>0x6089</run_address>
         <size>0x4f</size>
         <input_file_ref idref="fl-4"/>
      </object_component>
      <object_component id="oc-2bb">
         <name>.debug_info</name>
         <load_address>0x60d8</load_address>
         <run_address>0x60d8</run_address>
         <size>0x185</size>
         <input_file_ref idref="fl-6"/>
      </object_component>
      <object_component id="oc-27e">
         <name>.debug_info</name>
         <load_address>0x625d</load_address>
         <run_address>0x625d</run_address>
         <size>0x243</size>
         <input_file_ref idref="fl-6"/>
      </object_component>
      <object_component id="oc-1d5">
         <name>.debug_info</name>
         <load_address>0x64a0</load_address>
         <run_address>0x64a0</run_address>
         <size>0x19b</size>
         <input_file_ref idref="fl-7"/>
      </object_component>
      <object_component id="oc-d2">
         <name>.debug_info</name>
         <load_address>0x663b</load_address>
         <run_address>0x663b</run_address>
         <size>0x18c</size>
         <input_file_ref idref="fl-7"/>
      </object_component>
      <object_component id="oc-1bf">
         <name>.debug_info</name>
         <load_address>0x67c7</load_address>
         <run_address>0x67c7</run_address>
         <size>0x36d</size>
         <input_file_ref idref="fl-7"/>
      </object_component>
      <object_component id="oc-284">
         <name>.debug_info</name>
         <load_address>0x6b34</load_address>
         <run_address>0x6b34</run_address>
         <size>0x1fc</size>
         <input_file_ref idref="fl-8"/>
      </object_component>
      <object_component id="oc-127">
         <name>.debug_info</name>
         <load_address>0x6d30</load_address>
         <run_address>0x6d30</run_address>
         <size>0x7b9</size>
         <input_file_ref idref="fl-8"/>
      </object_component>
      <object_component id="oc-254">
         <name>.debug_info</name>
         <load_address>0x74e9</load_address>
         <run_address>0x74e9</run_address>
         <size>0x432</size>
         <input_file_ref idref="fl-8"/>
      </object_component>
      <object_component id="oc-160">
         <name>.debug_info</name>
         <load_address>0x791b</load_address>
         <run_address>0x791b</run_address>
         <size>0x102</size>
         <input_file_ref idref="fl-8"/>
      </object_component>
      <object_component id="oc-165">
         <name>.debug_info</name>
         <load_address>0x7a1d</load_address>
         <run_address>0x7a1d</run_address>
         <size>0x142</size>
         <input_file_ref idref="fl-8"/>
      </object_component>
      <object_component id="oc-16a">
         <name>.debug_info</name>
         <load_address>0x7b5f</load_address>
         <run_address>0x7b5f</run_address>
         <size>0x285</size>
         <input_file_ref idref="fl-8"/>
      </object_component>
      <object_component id="oc-16f">
         <name>.debug_info</name>
         <load_address>0x7de4</load_address>
         <run_address>0x7de4</run_address>
         <size>0x44a</size>
         <input_file_ref idref="fl-8"/>
      </object_component>
      <object_component id="oc-179">
         <name>.debug_info</name>
         <load_address>0x822e</load_address>
         <run_address>0x822e</run_address>
         <size>0x152</size>
         <input_file_ref idref="fl-8"/>
      </object_component>
      <object_component id="oc-260">
         <name>.debug_info</name>
         <load_address>0x8380</load_address>
         <run_address>0x8380</run_address>
         <size>0x1ba</size>
         <input_file_ref idref="fl-a"/>
      </object_component>
      <object_component id="oc-122">
         <name>.debug_info</name>
         <load_address>0x853a</load_address>
         <run_address>0x853a</run_address>
         <size>0x11a9</size>
         <input_file_ref idref="fl-a"/>
      </object_component>
      <object_component id="oc-42">
         <name>.debug_info</name>
         <load_address>0x96e3</load_address>
         <run_address>0x96e3</run_address>
         <size>0x2ac</size>
         <input_file_ref idref="fl-a"/>
      </object_component>
      <object_component id="oc-25b">
         <name>.debug_info</name>
         <load_address>0x998f</load_address>
         <run_address>0x998f</run_address>
         <size>0x168</size>
         <input_file_ref idref="fl-a"/>
      </object_component>
      <object_component id="oc-13e">
         <name>.debug_info</name>
         <load_address>0x9af7</load_address>
         <run_address>0x9af7</run_address>
         <size>0x295</size>
         <input_file_ref idref="fl-d"/>
      </object_component>
      <object_component id="oc-b8">
         <name>.debug_info</name>
         <load_address>0x9d8c</load_address>
         <run_address>0x9d8c</run_address>
         <size>0x802</size>
         <input_file_ref idref="fl-d"/>
      </object_component>
      <object_component id="oc-274">
         <name>.debug_info</name>
         <load_address>0xa58e</load_address>
         <run_address>0xa58e</run_address>
         <size>0x306</size>
         <input_file_ref idref="fl-d"/>
      </object_component>
      <object_component id="oc-279">
         <name>.debug_info</name>
         <load_address>0xa894</load_address>
         <run_address>0xa894</run_address>
         <size>0xadd</size>
         <input_file_ref idref="fl-d"/>
      </object_component>
      <object_component id="oc-140">
         <name>.debug_info</name>
         <load_address>0xb371</load_address>
         <run_address>0xb371</run_address>
         <size>0x6eb</size>
         <input_file_ref idref="fl-d"/>
      </object_component>
      <object_component id="oc-24e">
         <name>.debug_info</name>
         <load_address>0xba5c</load_address>
         <run_address>0xba5c</run_address>
         <size>0x14d</size>
         <input_file_ref idref="fl-e"/>
      </object_component>
      <object_component id="oc-49">
         <name>.debug_info</name>
         <load_address>0xbba9</load_address>
         <run_address>0xbba9</run_address>
         <size>0x2cc</size>
         <input_file_ref idref="fl-f"/>
      </object_component>
      <object_component id="oc-95">
         <name>.debug_info</name>
         <load_address>0xbe75</load_address>
         <run_address>0xbe75</run_address>
         <size>0x8b3</size>
         <input_file_ref idref="fl-11"/>
      </object_component>
      <object_component id="oc-51">
         <name>.debug_info</name>
         <load_address>0xc728</load_address>
         <run_address>0xc728</run_address>
         <size>0x135</size>
         <input_file_ref idref="fl-13"/>
      </object_component>
      <object_component id="oc-12c">
         <name>.debug_info</name>
         <load_address>0xc85d</load_address>
         <run_address>0xc85d</run_address>
         <size>0x4a4</size>
         <input_file_ref idref="fl-14"/>
      </object_component>
      <object_component id="oc-2d1">
         <name>.debug_info</name>
         <load_address>0xcd01</load_address>
         <run_address>0xcd01</run_address>
         <size>0x170</size>
         <input_file_ref idref="fl-15"/>
      </object_component>
      <object_component id="oc-2a0">
         <name>.debug_info</name>
         <load_address>0xce71</load_address>
         <run_address>0xce71</run_address>
         <size>0x457</size>
         <input_file_ref idref="fl-15"/>
      </object_component>
      <object_component id="oc-57">
         <name>.debug_info</name>
         <load_address>0xd2c8</load_address>
         <run_address>0xd2c8</run_address>
         <size>0x16e</size>
         <input_file_ref idref="fl-16"/>
      </object_component>
      <object_component id="oc-bd">
         <name>.debug_info</name>
         <load_address>0xd436</load_address>
         <run_address>0xd436</run_address>
         <size>0x62a</size>
         <input_file_ref idref="fl-19"/>
      </object_component>
      <object_component id="oc-2e">
         <name>.debug_info</name>
         <load_address>0xda60</load_address>
         <run_address>0xda60</run_address>
         <size>0x2a4</size>
         <input_file_ref idref="fl-19"/>
      </object_component>
      <object_component id="oc-b2">
         <name>.debug_info</name>
         <load_address>0xdd04</load_address>
         <run_address>0xdd04</run_address>
         <size>0x1f8</size>
         <input_file_ref idref="fl-19"/>
      </object_component>
      <object_component id="oc-14c">
         <name>.debug_info</name>
         <load_address>0xdefc</load_address>
         <run_address>0xdefc</run_address>
         <size>0x306</size>
         <input_file_ref idref="fl-19"/>
      </object_component>
      <object_component id="oc-151">
         <name>.debug_info</name>
         <load_address>0xe202</load_address>
         <run_address>0xe202</run_address>
         <size>0x532</size>
         <input_file_ref idref="fl-19"/>
      </object_component>
      <object_component id="oc-c0">
         <name>.debug_info</name>
         <load_address>0xe734</load_address>
         <run_address>0xe734</run_address>
         <size>0x7d0</size>
         <input_file_ref idref="fl-19"/>
      </object_component>
      <object_component id="oc-156">
         <name>.debug_info</name>
         <load_address>0xef04</load_address>
         <run_address>0xef04</run_address>
         <size>0x15f</size>
         <input_file_ref idref="fl-19"/>
      </object_component>
      <object_component id="oc-15b">
         <name>.debug_info</name>
         <load_address>0xf063</load_address>
         <run_address>0xf063</run_address>
         <size>0x102</size>
         <input_file_ref idref="fl-19"/>
      </object_component>
      <object_component id="oc-17e">
         <name>.debug_info</name>
         <load_address>0xf165</load_address>
         <run_address>0xf165</run_address>
         <size>0x222</size>
         <input_file_ref idref="fl-19"/>
      </object_component>
      <object_component id="oc-183">
         <name>.debug_info</name>
         <load_address>0xf387</load_address>
         <run_address>0xf387</run_address>
         <size>0x49b</size>
         <input_file_ref idref="fl-19"/>
      </object_component>
      <object_component id="oc-188">
         <name>.debug_info</name>
         <load_address>0xf822</load_address>
         <run_address>0xf822</run_address>
         <size>0xa26</size>
         <input_file_ref idref="fl-19"/>
      </object_component>
      <object_component id="oc-18d">
         <name>.debug_info</name>
         <load_address>0x10248</load_address>
         <run_address>0x10248</run_address>
         <size>0x1ca</size>
         <input_file_ref idref="fl-19"/>
      </object_component>
      <object_component id="oc-192">
         <name>.debug_info</name>
         <load_address>0x10412</load_address>
         <run_address>0x10412</run_address>
         <size>0x285</size>
         <input_file_ref idref="fl-19"/>
      </object_component>
      <object_component id="oc-197">
         <name>.debug_info</name>
         <load_address>0x10697</load_address>
         <run_address>0x10697</run_address>
         <size>0x3f6</size>
         <input_file_ref idref="fl-19"/>
      </object_component>
      <object_component id="oc-19c">
         <name>.debug_info</name>
         <load_address>0x10a8d</load_address>
         <run_address>0x10a8d</run_address>
         <size>0x1d1</size>
         <input_file_ref idref="fl-19"/>
      </object_component>
      <object_component id="oc-1a1">
         <name>.debug_info</name>
         <load_address>0x10c5e</load_address>
         <run_address>0x10c5e</run_address>
         <size>0x1de</size>
         <input_file_ref idref="fl-19"/>
      </object_component>
      <object_component id="oc-1a6">
         <name>.debug_info</name>
         <load_address>0x10e3c</load_address>
         <run_address>0x10e3c</run_address>
         <size>0x1b6</size>
         <input_file_ref idref="fl-19"/>
      </object_component>
      <object_component id="oc-1ab">
         <name>.debug_info</name>
         <load_address>0x10ff2</load_address>
         <run_address>0x10ff2</run_address>
         <size>0x36d</size>
         <input_file_ref idref="fl-19"/>
      </object_component>
      <object_component id="oc-1b5">
         <name>.debug_info</name>
         <load_address>0x1135f</load_address>
         <run_address>0x1135f</run_address>
         <size>0x1b6</size>
         <input_file_ref idref="fl-19"/>
      </object_component>
      <object_component id="oc-cd">
         <name>.debug_info</name>
         <load_address>0x11515</load_address>
         <run_address>0x11515</run_address>
         <size>0x3a3</size>
         <input_file_ref idref="fl-1a"/>
      </object_component>
      <object_component id="oc-46">
         <name>.debug_info</name>
         <load_address>0x118b8</load_address>
         <run_address>0x118b8</run_address>
         <size>0x108</size>
         <input_file_ref idref="fl-1a"/>
      </object_component>
      <object_component id="oc-5b">
         <name>.debug_info</name>
         <load_address>0x119c0</load_address>
         <run_address>0x119c0</run_address>
         <size>0x4e0</size>
         <input_file_ref idref="fl-1a"/>
      </object_component>
      <object_component id="oc-61">
         <name>.debug_info</name>
         <load_address>0x11ea0</load_address>
         <run_address>0x11ea0</run_address>
         <size>0x22b</size>
         <input_file_ref idref="fl-1a"/>
      </object_component>
      <object_component id="oc-1d0">
         <name>.debug_info</name>
         <load_address>0x120cb</load_address>
         <run_address>0x120cb</run_address>
         <size>0x4f</size>
         <input_file_ref idref="fl-1a"/>
      </object_component>
      <object_component id="oc-259">
         <name>.debug_info</name>
         <load_address>0x1211a</load_address>
         <run_address>0x1211a</run_address>
         <size>0x26d</size>
         <input_file_ref idref="fl-1b"/>
      </object_component>
      <object_component id="oc-11a">
         <name>.debug_info</name>
         <load_address>0x12387</load_address>
         <run_address>0x12387</run_address>
         <size>0x600</size>
         <input_file_ref idref="fl-1b"/>
      </object_component>
      <object_component id="oc-118">
         <name>.debug_info</name>
         <load_address>0x12987</load_address>
         <run_address>0x12987</run_address>
         <size>0x570</size>
         <input_file_ref idref="fl-21"/>
      </object_component>
      <object_component id="oc-115">
         <name>.debug_info</name>
         <load_address>0x12ef7</load_address>
         <run_address>0x12ef7</run_address>
         <size>0x13e</size>
         <input_file_ref idref="fl-21"/>
      </object_component>
      <object_component id="oc-ab">
         <name>.debug_info</name>
         <load_address>0x13035</load_address>
         <run_address>0x13035</run_address>
         <size>0x2098</size>
         <input_file_ref idref="fl-21"/>
      </object_component>
      <object_component id="oc-ea">
         <name>.debug_info</name>
         <load_address>0x150cd</load_address>
         <run_address>0x150cd</run_address>
         <size>0x7d0</size>
         <input_file_ref idref="fl-21"/>
      </object_component>
      <object_component id="oc-77">
         <name>.debug_info</name>
         <load_address>0x1589d</load_address>
         <run_address>0x1589d</run_address>
         <size>0x84</size>
         <input_file_ref idref="fl-21"/>
      </object_component>
      <object_component id="oc-de">
         <name>.debug_info</name>
         <load_address>0x15921</load_address>
         <run_address>0x15921</run_address>
         <size>0xae</size>
         <input_file_ref idref="fl-21"/>
      </object_component>
      <object_component id="oc-1d6">
         <name>.debug_info</name>
         <load_address>0x159cf</load_address>
         <run_address>0x159cf</run_address>
         <size>0x2c</size>
         <input_file_ref idref="fl-21"/>
      </object_component>
      <object_component id="oc-22a">
         <name>.debug_info</name>
         <load_address>0x159fb</load_address>
         <run_address>0x159fb</run_address>
         <size>0x6f7</size>
         <input_file_ref idref="fl-21"/>
      </object_component>
      <object_component id="oc-10d">
         <name>.debug_info</name>
         <load_address>0x160f2</load_address>
         <run_address>0x160f2</run_address>
         <size>0x376</size>
         <input_file_ref idref="fl-22"/>
      </object_component>
      <object_component id="oc-10a">
         <name>.debug_info</name>
         <load_address>0x16468</load_address>
         <run_address>0x16468</run_address>
         <size>0x13c</size>
         <input_file_ref idref="fl-22"/>
      </object_component>
      <object_component id="oc-a6">
         <name>.debug_info</name>
         <load_address>0x165a4</load_address>
         <run_address>0x165a4</run_address>
         <size>0x814</size>
         <input_file_ref idref="fl-22"/>
      </object_component>
      <object_component id="oc-248">
         <name>.debug_info</name>
         <load_address>0x16db8</load_address>
         <run_address>0x16db8</run_address>
         <size>0x30e</size>
         <input_file_ref idref="fl-23"/>
      </object_component>
      <object_component id="oc-23d">
         <name>.debug_info</name>
         <load_address>0x170c6</load_address>
         <run_address>0x170c6</run_address>
         <size>0x178</size>
         <input_file_ref idref="fl-23"/>
      </object_component>
      <object_component id="oc-240">
         <name>.debug_info</name>
         <load_address>0x1723e</load_address>
         <run_address>0x1723e</run_address>
         <size>0x144</size>
         <input_file_ref idref="fl-23"/>
      </object_component>
      <object_component id="oc-110">
         <name>.debug_info</name>
         <load_address>0x17382</load_address>
         <run_address>0x17382</run_address>
         <size>0x262</size>
         <input_file_ref idref="fl-23"/>
      </object_component>
      <object_component id="oc-298">
         <name>.debug_info</name>
         <load_address>0x175e4</load_address>
         <run_address>0x175e4</run_address>
         <size>0xe1</size>
         <input_file_ref idref="fl-23"/>
      </object_component>
      <object_component id="oc-108">
         <name>.debug_info</name>
         <load_address>0x176c5</load_address>
         <run_address>0x176c5</run_address>
         <size>0x38b</size>
         <input_file_ref idref="fl-24"/>
      </object_component>
      <object_component id="oc-9f">
         <name>.debug_info</name>
         <load_address>0x17a50</load_address>
         <run_address>0x17a50</run_address>
         <size>0x6de</size>
         <input_file_ref idref="fl-24"/>
      </object_component>
      <object_component id="oc-e7">
         <name>.debug_info</name>
         <load_address>0x1812e</load_address>
         <run_address>0x1812e</run_address>
         <size>0x39f</size>
         <input_file_ref idref="fl-25"/>
      </object_component>
      <object_component id="oc-e4">
         <name>.debug_info</name>
         <load_address>0x184cd</load_address>
         <run_address>0x184cd</run_address>
         <size>0x140</size>
         <input_file_ref idref="fl-25"/>
      </object_component>
      <object_component id="oc-6d">
         <name>.debug_info</name>
         <load_address>0x1860d</load_address>
         <run_address>0x1860d</run_address>
         <size>0x6fb</size>
         <input_file_ref idref="fl-25"/>
      </object_component>
      <object_component id="oc-68">
         <name>.debug_info</name>
         <load_address>0x18d08</load_address>
         <run_address>0x18d08</run_address>
         <size>0x359</size>
         <input_file_ref idref="fl-25"/>
      </object_component>
      <object_component id="oc-9b">
         <name>.debug_info</name>
         <load_address>0x19061</load_address>
         <run_address>0x19061</run_address>
         <size>0x5cb</size>
         <input_file_ref idref="fl-26"/>
      </object_component>
      <object_component id="oc-f4">
         <name>.debug_info</name>
         <load_address>0x1962c</load_address>
         <run_address>0x1962c</run_address>
         <size>0xc9</size>
         <input_file_ref idref="fl-dc"/>
      </object_component>
      <object_component id="oc-1b">
         <name>.debug_info</name>
         <load_address>0x196f5</load_address>
         <run_address>0x196f5</run_address>
         <size>0x215</size>
         <input_file_ref idref="fl-dc"/>
      </object_component>
      <object_component id="oc-72">
         <name>.debug_info</name>
         <load_address>0x1990a</load_address>
         <run_address>0x1990a</run_address>
         <size>0x60</size>
         <input_file_ref idref="fl-dc"/>
      </object_component>
      <object_component id="oc-ef">
         <name>.debug_info</name>
         <load_address>0x1996a</load_address>
         <run_address>0x1996a</run_address>
         <size>0x46</size>
         <input_file_ref idref="fl-dc"/>
      </object_component>
      <object_component id="oc-87">
         <name>.debug_info</name>
         <load_address>0x199b0</load_address>
         <run_address>0x199b0</run_address>
         <size>0x10b</size>
         <input_file_ref idref="fl-dd"/>
      </object_component>
      <object_component id="oc-21">
         <name>.debug_info</name>
         <load_address>0x19abb</load_address>
         <run_address>0x19abb</run_address>
         <size>0x19a</size>
         <input_file_ref idref="fl-dd"/>
      </object_component>
      <object_component id="oc-82">
         <name>.debug_info</name>
         <load_address>0x19c55</load_address>
         <run_address>0x19c55</run_address>
         <size>0x46</size>
         <input_file_ref idref="fl-dd"/>
      </object_component>
      <object_component id="oc-f6">
         <name>.debug_info</name>
         <load_address>0x19c9b</load_address>
         <run_address>0x19c9b</run_address>
         <size>0x2c</size>
         <input_file_ref idref="fl-dd"/>
      </object_component>
      <object_component id="oc-93">
         <name>.debug_info</name>
         <load_address>0x19cc7</load_address>
         <run_address>0x19cc7</run_address>
         <size>0xfa</size>
         <input_file_ref idref="fl-de"/>
      </object_component>
      <object_component id="oc-27">
         <name>.debug_info</name>
         <load_address>0x19dc1</load_address>
         <run_address>0x19dc1</run_address>
         <size>0x165</size>
         <input_file_ref idref="fl-de"/>
      </object_component>
      <object_component id="oc-8e">
         <name>.debug_info</name>
         <load_address>0x19f26</load_address>
         <run_address>0x19f26</run_address>
         <size>0x46</size>
         <input_file_ref idref="fl-de"/>
      </object_component>
      <object_component id="oc-fe">
         <name>.debug_info</name>
         <load_address>0x19f6c</load_address>
         <run_address>0x19f6c</run_address>
         <size>0x2c</size>
         <input_file_ref idref="fl-de"/>
      </object_component>
      <object_component id="oc-26b">
         <name>.debug_info</name>
         <load_address>0x19f98</load_address>
         <run_address>0x19f98</run_address>
         <size>0x204</size>
         <input_file_ref idref="fl-df"/>
      </object_component>
      <object_component id="oc-265">
         <name>.debug_info</name>
         <load_address>0x1a19c</load_address>
         <run_address>0x1a19c</run_address>
         <size>0x155</size>
         <input_file_ref idref="fl-df"/>
      </object_component>
      <object_component id="oc-139">
         <name>.debug_info</name>
         <load_address>0x1a2f1</load_address>
         <run_address>0x1a2f1</run_address>
         <size>0x1e4</size>
         <input_file_ref idref="fl-df"/>
      </object_component>
      <object_component id="oc-7d">
         <name>.debug_info</name>
         <load_address>0x1a4d5</load_address>
         <run_address>0x1a4d5</run_address>
         <size>0x14c</size>
         <input_file_ref idref="fl-e0"/>
      </object_component>
      <object_component id="oc-89">
         <name>.debug_info</name>
         <load_address>0x1a621</load_address>
         <run_address>0x1a621</run_address>
         <size>0x114</size>
         <input_file_ref idref="fl-e1"/>
      </object_component>
      <object_component id="oc-2b6">
         <name>.debug_info</name>
         <load_address>0x1a735</load_address>
         <run_address>0x1a735</run_address>
         <size>0xf4</size>
         <input_file_ref idref="fl-e2"/>
      </object_component>
      <object_component id="oc-268">
         <name>.debug_info</name>
         <load_address>0x1a829</load_address>
         <run_address>0x1a829</run_address>
         <size>0xe3</size>
         <input_file_ref idref="fl-e2"/>
      </object_component>
      <object_component id="oc-2b2">
         <name>.debug_info</name>
         <load_address>0x1a90c</load_address>
         <run_address>0x1a90c</run_address>
         <size>0x1ef</size>
         <input_file_ref idref="fl-e2"/>
      </object_component>
      <object_component id="oc-304">
         <name>.debug_info</name>
         <load_address>0x1aafb</load_address>
         <run_address>0x1aafb</run_address>
         <size>0xc6</size>
      </object_component>
      <object_component id="oc-2d6">
         <name>.debug_line</name>
         <load_address>0x0</load_address>
         <run_address>0x0</run_address>
         <size>0xab</size>
         <input_file_ref idref="fl-2"/>
      </object_component>
      <object_component id="oc-272">
         <name>.debug_line</name>
         <load_address>0xab</load_address>
         <run_address>0xab</run_address>
         <size>0x8e</size>
         <input_file_ref idref="fl-2"/>
      </object_component>
      <object_component id="oc-1c7">
         <name>.debug_line</name>
         <load_address>0x139</load_address>
         <run_address>0x139</run_address>
         <size>0x20</size>
         <input_file_ref idref="fl-2"/>
      </object_component>
      <object_component id="oc-1cc">
         <name>.debug_line</name>
         <load_address>0x159</load_address>
         <run_address>0x159</run_address>
         <size>0x65</size>
         <input_file_ref idref="fl-2"/>
      </object_component>
      <object_component id="oc-c9">
         <name>.debug_line</name>
         <load_address>0x1be</load_address>
         <run_address>0x1be</run_address>
         <size>0x93</size>
         <input_file_ref idref="fl-2"/>
      </object_component>
      <object_component id="oc-da">
         <name>.debug_line</name>
         <load_address>0x251</load_address>
         <run_address>0x251</run_address>
         <size>0x91</size>
         <input_file_ref idref="fl-2"/>
      </object_component>
      <object_component id="oc-28b">
         <name>.debug_line</name>
         <load_address>0x2e2</load_address>
         <run_address>0x2e2</run_address>
         <size>0x8a</size>
         <input_file_ref idref="fl-2"/>
      </object_component>
      <object_component id="oc-2bd">
         <name>.debug_line</name>
         <load_address>0x36c</load_address>
         <run_address>0x36c</run_address>
         <size>0x20</size>
         <input_file_ref idref="fl-3"/>
      </object_component>
      <object_component id="oc-135">
         <name>.debug_line</name>
         <load_address>0x38c</load_address>
         <run_address>0x38c</run_address>
         <size>0x88</size>
         <input_file_ref idref="fl-3"/>
      </object_component>
      <object_component id="oc-14a">
         <name>.debug_line</name>
         <load_address>0x414</load_address>
         <run_address>0x414</run_address>
         <size>0x91</size>
         <input_file_ref idref="fl-3"/>
      </object_component>
      <object_component id="oc-177">
         <name>.debug_line</name>
         <load_address>0x4a5</load_address>
         <run_address>0x4a5</run_address>
         <size>0x8e</size>
         <input_file_ref idref="fl-3"/>
      </object_component>
      <object_component id="oc-2c1">
         <name>.debug_line</name>
         <load_address>0x533</load_address>
         <run_address>0x533</run_address>
         <size>0x8e</size>
         <input_file_ref idref="fl-3"/>
      </object_component>
      <object_component id="oc-2a8">
         <name>.debug_line</name>
         <load_address>0x5c1</load_address>
         <run_address>0x5c1</run_address>
         <size>0x91</size>
         <input_file_ref idref="fl-3"/>
      </object_component>
      <object_component id="oc-1bd">
         <name>.debug_line</name>
         <load_address>0x652</load_address>
         <run_address>0x652</run_address>
         <size>0x91</size>
         <input_file_ref idref="fl-3"/>
      </object_component>
      <object_component id="oc-2c6">
         <name>.debug_line</name>
         <load_address>0x6e3</load_address>
         <run_address>0x6e3</run_address>
         <size>0x50</size>
         <input_file_ref idref="fl-4"/>
      </object_component>
      <object_component id="oc-1e2">
         <name>.debug_line</name>
         <load_address>0x733</load_address>
         <run_address>0x733</run_address>
         <size>0x6b</size>
         <input_file_ref idref="fl-4"/>
      </object_component>
      <object_component id="oc-1e7">
         <name>.debug_line</name>
         <load_address>0x79e</load_address>
         <run_address>0x79e</run_address>
         <size>0x6e</size>
         <input_file_ref idref="fl-4"/>
      </object_component>
      <object_component id="oc-246">
         <name>.debug_line</name>
         <load_address>0x80c</load_address>
         <run_address>0x80c</run_address>
         <size>0x72</size>
         <input_file_ref idref="fl-4"/>
      </object_component>
      <object_component id="oc-1ec">
         <name>.debug_line</name>
         <load_address>0x87e</load_address>
         <run_address>0x87e</run_address>
         <size>0x6b</size>
         <input_file_ref idref="fl-4"/>
      </object_component>
      <object_component id="oc-290">
         <name>.debug_line</name>
         <load_address>0x8e9</load_address>
         <run_address>0x8e9</run_address>
         <size>0x70</size>
         <input_file_ref idref="fl-4"/>
      </object_component>
      <object_component id="oc-1f1">
         <name>.debug_line</name>
         <load_address>0x959</load_address>
         <run_address>0x959</run_address>
         <size>0x73</size>
         <input_file_ref idref="fl-4"/>
      </object_component>
      <object_component id="oc-2ca">
         <name>.debug_line</name>
         <load_address>0x9cc</load_address>
         <run_address>0x9cc</run_address>
         <size>0x8e</size>
         <input_file_ref idref="fl-4"/>
      </object_component>
      <object_component id="oc-1f6">
         <name>.debug_line</name>
         <load_address>0xa5a</load_address>
         <run_address>0xa5a</run_address>
         <size>0x73</size>
         <input_file_ref idref="fl-4"/>
      </object_component>
      <object_component id="oc-2cf">
         <name>.debug_line</name>
         <load_address>0xacd</load_address>
         <run_address>0xacd</run_address>
         <size>0x8e</size>
         <input_file_ref idref="fl-4"/>
      </object_component>
      <object_component id="oc-1fb">
         <name>.debug_line</name>
         <load_address>0xb5b</load_address>
         <run_address>0xb5b</run_address>
         <size>0x6b</size>
         <input_file_ref idref="fl-4"/>
      </object_component>
      <object_component id="oc-200">
         <name>.debug_line</name>
         <load_address>0xbc6</load_address>
         <run_address>0xbc6</run_address>
         <size>0x6b</size>
         <input_file_ref idref="fl-4"/>
      </object_component>
      <object_component id="oc-205">
         <name>.debug_line</name>
         <load_address>0xc31</load_address>
         <run_address>0xc31</run_address>
         <size>0x6b</size>
         <input_file_ref idref="fl-4"/>
      </object_component>
      <object_component id="oc-20a">
         <name>.debug_line</name>
         <load_address>0xc9c</load_address>
         <run_address>0xc9c</run_address>
         <size>0x6b</size>
         <input_file_ref idref="fl-4"/>
      </object_component>
      <object_component id="oc-20f">
         <name>.debug_line</name>
         <load_address>0xd07</load_address>
         <run_address>0xd07</run_address>
         <size>0x6b</size>
         <input_file_ref idref="fl-4"/>
      </object_component>
      <object_component id="oc-214">
         <name>.debug_line</name>
         <load_address>0xd72</load_address>
         <run_address>0xd72</run_address>
         <size>0x6d</size>
         <input_file_ref idref="fl-4"/>
      </object_component>
      <object_component id="oc-219">
         <name>.debug_line</name>
         <load_address>0xddf</load_address>
         <run_address>0xddf</run_address>
         <size>0x6b</size>
         <input_file_ref idref="fl-4"/>
      </object_component>
      <object_component id="oc-21e">
         <name>.debug_line</name>
         <load_address>0xe4a</load_address>
         <run_address>0xe4a</run_address>
         <size>0x6e</size>
         <input_file_ref idref="fl-4"/>
      </object_component>
      <object_component id="oc-223">
         <name>.debug_line</name>
         <load_address>0xeb8</load_address>
         <run_address>0xeb8</run_address>
         <size>0x6d</size>
         <input_file_ref idref="fl-4"/>
      </object_component>
      <object_component id="oc-228">
         <name>.debug_line</name>
         <load_address>0xf25</load_address>
         <run_address>0xf25</run_address>
         <size>0x6b</size>
         <input_file_ref idref="fl-4"/>
      </object_component>
      <object_component id="oc-232">
         <name>.debug_line</name>
         <load_address>0xf90</load_address>
         <run_address>0xf90</run_address>
         <size>0x6b</size>
         <input_file_ref idref="fl-4"/>
      </object_component>
      <object_component id="oc-1b3">
         <name>.debug_line</name>
         <load_address>0xffb</load_address>
         <run_address>0xffb</run_address>
         <size>0x70</size>
         <input_file_ref idref="fl-4"/>
      </object_component>
      <object_component id="oc-2d8">
         <name>.debug_line</name>
         <load_address>0x106b</load_address>
         <run_address>0x106b</run_address>
         <size>0x8a</size>
         <input_file_ref idref="fl-6"/>
      </object_component>
      <object_component id="oc-281">
         <name>.debug_line</name>
         <load_address>0x10f5</load_address>
         <run_address>0x10f5</run_address>
         <size>0x8e</size>
         <input_file_ref idref="fl-6"/>
      </object_component>
      <object_component id="oc-287">
         <name>.debug_line</name>
         <load_address>0x1183</load_address>
         <run_address>0x1183</run_address>
         <size>0x20</size>
         <input_file_ref idref="fl-7"/>
      </object_component>
      <object_component id="oc-d5">
         <name>.debug_line</name>
         <load_address>0x11a3</load_address>
         <run_address>0x11a3</run_address>
         <size>0x8e</size>
         <input_file_ref idref="fl-7"/>
      </object_component>
      <object_component id="oc-1c2">
         <name>.debug_line</name>
         <load_address>0x1231</load_address>
         <run_address>0x1231</run_address>
         <size>0x8e</size>
         <input_file_ref idref="fl-7"/>
      </object_component>
      <object_component id="oc-2c4">
         <name>.debug_line</name>
         <load_address>0x12bf</load_address>
         <run_address>0x12bf</run_address>
         <size>0x20</size>
         <input_file_ref idref="fl-8"/>
      </object_component>
      <object_component id="oc-129">
         <name>.debug_line</name>
         <load_address>0x12df</load_address>
         <run_address>0x12df</run_address>
         <size>0x1d1</size>
         <input_file_ref idref="fl-8"/>
      </object_component>
      <object_component id="oc-257">
         <name>.debug_line</name>
         <load_address>0x14b0</load_address>
         <run_address>0x14b0</run_address>
         <size>0x8d</size>
         <input_file_ref idref="fl-8"/>
      </object_component>
      <object_component id="oc-163">
         <name>.debug_line</name>
         <load_address>0x153d</load_address>
         <run_address>0x153d</run_address>
         <size>0x90</size>
         <input_file_ref idref="fl-8"/>
      </object_component>
      <object_component id="oc-168">
         <name>.debug_line</name>
         <load_address>0x15cd</load_address>
         <run_address>0x15cd</run_address>
         <size>0x8e</size>
         <input_file_ref idref="fl-8"/>
      </object_component>
      <object_component id="oc-16d">
         <name>.debug_line</name>
         <load_address>0x165b</load_address>
         <run_address>0x165b</run_address>
         <size>0x8e</size>
         <input_file_ref idref="fl-8"/>
      </object_component>
      <object_component id="oc-172">
         <name>.debug_line</name>
         <load_address>0x16e9</load_address>
         <run_address>0x16e9</run_address>
         <size>0x90</size>
         <input_file_ref idref="fl-8"/>
      </object_component>
      <object_component id="oc-17c">
         <name>.debug_line</name>
         <load_address>0x1779</load_address>
         <run_address>0x1779</run_address>
         <size>0x91</size>
         <input_file_ref idref="fl-8"/>
      </object_component>
      <object_component id="oc-2ab">
         <name>.debug_line</name>
         <load_address>0x180a</load_address>
         <run_address>0x180a</run_address>
         <size>0x8a</size>
         <input_file_ref idref="fl-a"/>
      </object_component>
      <object_component id="oc-124">
         <name>.debug_line</name>
         <load_address>0x1894</load_address>
         <run_address>0x1894</run_address>
         <size>0x35d</size>
         <input_file_ref idref="fl-a"/>
      </object_component>
      <object_component id="oc-44">
         <name>.debug_line</name>
         <load_address>0x1bf1</load_address>
         <run_address>0x1bf1</run_address>
         <size>0xbf</size>
         <input_file_ref idref="fl-a"/>
      </object_component>
      <object_component id="oc-25e">
         <name>.debug_line</name>
         <load_address>0x1cb0</load_address>
         <run_address>0x1cb0</run_address>
         <size>0x8a</size>
         <input_file_ref idref="fl-a"/>
      </object_component>
      <object_component id="oc-26e">
         <name>.debug_line</name>
         <load_address>0x1d3a</load_address>
         <run_address>0x1d3a</run_address>
         <size>0x43</size>
         <input_file_ref idref="fl-d"/>
      </object_component>
      <object_component id="oc-b7">
         <name>.debug_line</name>
         <load_address>0x1d7d</load_address>
         <run_address>0x1d7d</run_address>
         <size>0x108</size>
         <input_file_ref idref="fl-d"/>
      </object_component>
      <object_component id="oc-277">
         <name>.debug_line</name>
         <load_address>0x1e85</load_address>
         <run_address>0x1e85</run_address>
         <size>0x8e</size>
         <input_file_ref idref="fl-d"/>
      </object_component>
      <object_component id="oc-27c">
         <name>.debug_line</name>
         <load_address>0x1f13</load_address>
         <run_address>0x1f13</run_address>
         <size>0x8e</size>
         <input_file_ref idref="fl-d"/>
      </object_component>
      <object_component id="oc-143">
         <name>.debug_line</name>
         <load_address>0x1fa1</load_address>
         <run_address>0x1fa1</run_address>
         <size>0x8e</size>
         <input_file_ref idref="fl-d"/>
      </object_component>
      <object_component id="oc-251">
         <name>.debug_line</name>
         <load_address>0x202f</load_address>
         <run_address>0x202f</run_address>
         <size>0xe0</size>
         <input_file_ref idref="fl-e"/>
      </object_component>
      <object_component id="oc-4c">
         <name>.debug_line</name>
         <load_address>0x210f</load_address>
         <run_address>0x210f</run_address>
         <size>0xa3</size>
         <input_file_ref idref="fl-f"/>
      </object_component>
      <object_component id="oc-98">
         <name>.debug_line</name>
         <load_address>0x21b2</load_address>
         <run_address>0x21b2</run_address>
         <size>0x307</size>
         <input_file_ref idref="fl-11"/>
      </object_component>
      <object_component id="oc-4f">
         <name>.debug_line</name>
         <load_address>0x24b9</load_address>
         <run_address>0x24b9</run_address>
         <size>0x56</size>
         <input_file_ref idref="fl-13"/>
      </object_component>
      <object_component id="oc-12f">
         <name>.debug_line</name>
         <load_address>0x250f</load_address>
         <run_address>0x250f</run_address>
         <size>0x201</size>
         <input_file_ref idref="fl-14"/>
      </object_component>
      <object_component id="oc-2da">
         <name>.debug_line</name>
         <load_address>0x2710</load_address>
         <run_address>0x2710</run_address>
         <size>0x20</size>
         <input_file_ref idref="fl-15"/>
      </object_component>
      <object_component id="oc-2a3">
         <name>.debug_line</name>
         <load_address>0x2730</load_address>
         <run_address>0x2730</run_address>
         <size>0x8e</size>
         <input_file_ref idref="fl-15"/>
      </object_component>
      <object_component id="oc-55">
         <name>.debug_line</name>
         <load_address>0x27be</load_address>
         <run_address>0x27be</run_address>
         <size>0x52</size>
         <input_file_ref idref="fl-16"/>
      </object_component>
      <object_component id="oc-146">
         <name>.debug_line</name>
         <load_address>0x2810</load_address>
         <run_address>0x2810</run_address>
         <size>0x320</size>
         <input_file_ref idref="fl-19"/>
      </object_component>
      <object_component id="oc-30">
         <name>.debug_line</name>
         <load_address>0x2b30</load_address>
         <run_address>0x2b30</run_address>
         <size>0xa7</size>
         <input_file_ref idref="fl-19"/>
      </object_component>
      <object_component id="oc-b4">
         <name>.debug_line</name>
         <load_address>0x2bd7</load_address>
         <run_address>0x2bd7</run_address>
         <size>0x64</size>
         <input_file_ref idref="fl-19"/>
      </object_component>
      <object_component id="oc-14f">
         <name>.debug_line</name>
         <load_address>0x2c3b</load_address>
         <run_address>0x2c3b</run_address>
         <size>0x6b</size>
         <input_file_ref idref="fl-19"/>
      </object_component>
      <object_component id="oc-154">
         <name>.debug_line</name>
         <load_address>0x2ca6</load_address>
         <run_address>0x2ca6</run_address>
         <size>0x6e</size>
         <input_file_ref idref="fl-19"/>
      </object_component>
      <object_component id="oc-c3">
         <name>.debug_line</name>
         <load_address>0x2d14</load_address>
         <run_address>0x2d14</run_address>
         <size>0x74</size>
         <input_file_ref idref="fl-19"/>
      </object_component>
      <object_component id="oc-159">
         <name>.debug_line</name>
         <load_address>0x2d88</load_address>
         <run_address>0x2d88</run_address>
         <size>0x6b</size>
         <input_file_ref idref="fl-19"/>
      </object_component>
      <object_component id="oc-15e">
         <name>.debug_line</name>
         <load_address>0x2df3</load_address>
         <run_address>0x2df3</run_address>
         <size>0x73</size>
         <input_file_ref idref="fl-19"/>
      </object_component>
      <object_component id="oc-181">
         <name>.debug_line</name>
         <load_address>0x2e66</load_address>
         <run_address>0x2e66</run_address>
         <size>0x73</size>
         <input_file_ref idref="fl-19"/>
      </object_component>
      <object_component id="oc-186">
         <name>.debug_line</name>
         <load_address>0x2ed9</load_address>
         <run_address>0x2ed9</run_address>
         <size>0x6b</size>
         <input_file_ref idref="fl-19"/>
      </object_component>
      <object_component id="oc-18b">
         <name>.debug_line</name>
         <load_address>0x2f44</load_address>
         <run_address>0x2f44</run_address>
         <size>0x6b</size>
         <input_file_ref idref="fl-19"/>
      </object_component>
      <object_component id="oc-190">
         <name>.debug_line</name>
         <load_address>0x2faf</load_address>
         <run_address>0x2faf</run_address>
         <size>0x6b</size>
         <input_file_ref idref="fl-19"/>
      </object_component>
      <object_component id="oc-195">
         <name>.debug_line</name>
         <load_address>0x301a</load_address>
         <run_address>0x301a</run_address>
         <size>0x6b</size>
         <input_file_ref idref="fl-19"/>
      </object_component>
      <object_component id="oc-19a">
         <name>.debug_line</name>
         <load_address>0x3085</load_address>
         <run_address>0x3085</run_address>
         <size>0x6d</size>
         <input_file_ref idref="fl-19"/>
      </object_component>
      <object_component id="oc-19f">
         <name>.debug_line</name>
         <load_address>0x30f2</load_address>
         <run_address>0x30f2</run_address>
         <size>0x6b</size>
         <input_file_ref idref="fl-19"/>
      </object_component>
      <object_component id="oc-1a4">
         <name>.debug_line</name>
         <load_address>0x315d</load_address>
         <run_address>0x315d</run_address>
         <size>0x6d</size>
         <input_file_ref idref="fl-19"/>
      </object_component>
      <object_component id="oc-1a9">
         <name>.debug_line</name>
         <load_address>0x31ca</load_address>
         <run_address>0x31ca</run_address>
         <size>0x6b</size>
         <input_file_ref idref="fl-19"/>
      </object_component>
      <object_component id="oc-1ae">
         <name>.debug_line</name>
         <load_address>0x3235</load_address>
         <run_address>0x3235</run_address>
         <size>0x6b</size>
         <input_file_ref idref="fl-19"/>
      </object_component>
      <object_component id="oc-1b8">
         <name>.debug_line</name>
         <load_address>0x32a0</load_address>
         <run_address>0x32a0</run_address>
         <size>0x8e</size>
         <input_file_ref idref="fl-19"/>
      </object_component>
      <object_component id="oc-1cf">
         <name>.debug_line</name>
         <load_address>0x332e</load_address>
         <run_address>0x332e</run_address>
         <size>0xf8</size>
         <input_file_ref idref="fl-1a"/>
      </object_component>
      <object_component id="oc-cc">
         <name>.debug_line</name>
         <load_address>0x3426</load_address>
         <run_address>0x3426</run_address>
         <size>0x3e</size>
         <input_file_ref idref="fl-1a"/>
      </object_component>
      <object_component id="oc-5e">
         <name>.debug_line</name>
         <load_address>0x3464</load_address>
         <run_address>0x3464</run_address>
         <size>0x1b6</size>
         <input_file_ref idref="fl-1a"/>
      </object_component>
      <object_component id="oc-60">
         <name>.debug_line</name>
         <load_address>0x361a</load_address>
         <run_address>0x361a</run_address>
         <size>0xc0</size>
         <input_file_ref idref="fl-1a"/>
      </object_component>
      <object_component id="oc-1d3">
         <name>.debug_line</name>
         <load_address>0x36da</load_address>
         <run_address>0x36da</run_address>
         <size>0x3e</size>
         <input_file_ref idref="fl-1a"/>
      </object_component>
      <object_component id="oc-29f">
         <name>.debug_line</name>
         <load_address>0x3718</load_address>
         <run_address>0x3718</run_address>
         <size>0xfc</size>
         <input_file_ref idref="fl-1b"/>
      </object_component>
      <object_component id="oc-11d">
         <name>.debug_line</name>
         <load_address>0x3814</load_address>
         <run_address>0x3814</run_address>
         <size>0x232</size>
         <input_file_ref idref="fl-1b"/>
      </object_component>
      <object_component id="oc-24c">
         <name>.debug_line</name>
         <load_address>0x3a46</load_address>
         <run_address>0x3a46</run_address>
         <size>0x16c</size>
         <input_file_ref idref="fl-21"/>
      </object_component>
      <object_component id="oc-24a">
         <name>.debug_line</name>
         <load_address>0x3bb2</load_address>
         <run_address>0x3bb2</run_address>
         <size>0x76</size>
         <input_file_ref idref="fl-21"/>
      </object_component>
      <object_component id="oc-ae">
         <name>.debug_line</name>
         <load_address>0x3c28</load_address>
         <run_address>0x3c28</run_address>
         <size>0xc06</size>
         <input_file_ref idref="fl-21"/>
      </object_component>
      <object_component id="oc-ed">
         <name>.debug_line</name>
         <load_address>0x482e</load_address>
         <run_address>0x482e</run_address>
         <size>0x74</size>
         <input_file_ref idref="fl-21"/>
      </object_component>
      <object_component id="oc-7a">
         <name>.debug_line</name>
         <load_address>0x48a2</load_address>
         <run_address>0x48a2</run_address>
         <size>0x20</size>
         <input_file_ref idref="fl-21"/>
      </object_component>
      <object_component id="oc-e1">
         <name>.debug_line</name>
         <load_address>0x48c2</load_address>
         <run_address>0x48c2</run_address>
         <size>0x70</size>
         <input_file_ref idref="fl-21"/>
      </object_component>
      <object_component id="oc-1d9">
         <name>.debug_line</name>
         <load_address>0x4932</load_address>
         <run_address>0x4932</run_address>
         <size>0x70</size>
         <input_file_ref idref="fl-21"/>
      </object_component>
      <object_component id="oc-22d">
         <name>.debug_line</name>
         <load_address>0x49a2</load_address>
         <run_address>0x49a2</run_address>
         <size>0x6e</size>
         <input_file_ref idref="fl-21"/>
      </object_component>
      <object_component id="oc-23b">
         <name>.debug_line</name>
         <load_address>0x4a10</load_address>
         <run_address>0x4a10</run_address>
         <size>0x72</size>
         <input_file_ref idref="fl-22"/>
      </object_component>
      <object_component id="oc-239">
         <name>.debug_line</name>
         <load_address>0x4a82</load_address>
         <run_address>0x4a82</run_address>
         <size>0x72</size>
         <input_file_ref idref="fl-22"/>
      </object_component>
      <object_component id="oc-a8">
         <name>.debug_line</name>
         <load_address>0x4af4</load_address>
         <run_address>0x4af4</run_address>
         <size>0x12f</size>
         <input_file_ref idref="fl-22"/>
      </object_component>
[...]
         <value>0x3ee0</value>
         <object_component_ref idref="oc-94"/>
      </symbol>
      <symbol id="sm-2d5">
         <name>_memInit_</name>
         <value>0x3f94</value>
         <object_component_ref idref="oc-94"/>
      </symbol>
      <symbol id="sm-2d6">
         <name>_dCacheInvalidate_</name>
         <value>0x403c</value>
         <object_component_ref idref="oc-94"/>
      </symbol>
      <symbol id="sm-2d7">
         <name>_coreGetDataFaultAddress_</name>
         <value>0x3e84</value>
         <object_component_ref idref="oc-94"/>
      </symbol>
      <symbol id="sm-2d8">
         <name>_coreClearInstructionFault_</name>
         <value>0x3e70</value>
         <object_component_ref idref="oc-94"/>
      </symbol>
      <symbol id="sm-2d9">
         <name>_getCPSRValue_</name>
         <value>0x3dcc</value>
         <object_component_ref idref="oc-94"/>
      </symbol>
      <symbol id="sm-2da">
         <name>_cacheDisable_</name>
         <value>0x4018</value>
         <object_component_ref idref="oc-94"/>
      </symbol>
      <symbol id="sm-2db">
         <name>_enable_IRQ_interrupt_</name>
         <value>0x3efc</value>
         <object_component_ref idref="oc-94"/>
      </symbol>
      <symbol id="sm-2dc">
         <name>__TI_PINIT_Limit</name>
         <value>0x4078</value>
         <object_component_ref idref="oc-94"/>
      </symbol>
      <symbol id="sm-2dd">
         <name>_coreGetAuxiliaryInstructionFault_</name>
         <value>0x3ed8</value>
         <object_component_ref idref="oc-94"/>
      </symbol>
      <symbol id="sm-2de">
         <name>_coreInitStackPointer_</name>
         <value>0x3d80</value>
         <object_component_ref idref="oc-94"/>
      </symbol>
      <symbol id="sm-2df">
         <name>_esmCcmErrorsClear_</name>
         <value>0x3f0c</value>
         <object_component_ref idref="oc-94"/>
      </symbol>
      <symbol id="sm-2e0">
         <name>_gotoCPUIdle_</name>
         <value>0x3dd4</value>
         <object_component_ref idref="oc-94"/>
      </symbol>
      <symbol id="sm-2e1">
         <name>_coreEnableIrqVicOffset_</name>
         <value>0x3e34</value>
         <object_component_ref idref="oc-94"/>
      </symbol>
      <symbol id="sm-2e2">
         <name>_coreGetInstructionFault_</name>
         <value>0x3e68</value>
         <object_component_ref idref="oc-94"/>
      </symbol>
      <symbol id="sm-2e3">
         <name>_cacheEnable_</name>
         <value>0x3fe8</value>
         <object_component_ref idref="oc-94"/>
      </symbol>
      <symbol id="sm-2e4">
         <name>_coreEnableVfp_</name>
         <value>0x3dec</value>
         <object_component_ref idref="oc-94"/>
      </symbol>
      <symbol id="sm-2e5">
         <name>_coreClearAuxiliaryDataFault_</name>
         <value>0x3ec4</value>
         <object_component_ref idref="oc-94"/>
      </symbol>
      <symbol id="sm-2e6">
         <name>_coreEnableEventBusExport_</name>
         <value>0x3e04</value>
         <object_component_ref idref="oc-94"/>
      </symbol>
      <symbol id="sm-2e7">
         <name>_checkMemInitOn_</name>
         <value>0x3fc8</value>
         <object_component_ref idref="oc-94"/>
      </symbol>
      <symbol id="sm-2f5">
         <name>resetEntry</name>
         <value>0x0</value>
         <object_component_ref idref="oc-4e"/>
      </symbol>
      <symbol id="sm-310">
         <name>_mpuSetRegionBaseAddress_</name>
         <value>0x43d4</value>
         <object_component_ref idref="oc-12b"/>
      </symbol>
      <symbol id="sm-311">
         <name>_mpuInit_</name>
         <value>0x407c</value>
         <object_component_ref idref="oc-12b"/>
      </symbol>
      <symbol id="sm-312">
         <name>_mpuSetRegionSizeRegister_</name>
         <value>0x4408</value>
         <object_component_ref idref="oc-12b"/>
      </symbol>
      <symbol id="sm-313">
         <name>_mpuDisableBackgroundRegion_</name>
         <value>0x4394</value>
         <object_component_ref idref="oc-12b"/>
      </symbol>
      <symbol id="sm-314">
         <name>_mpuSetRegionTypeAndPermission_</name>
         <value>0x43e4</value>
         <object_component_ref idref="oc-12b"/>
      </symbol>
      <symbol id="sm-315">
         <name>_mpuGetRegionPermission_</name>
         <value>0x43fc</value>
         <object_component_ref idref="oc-12b"/>
      </symbol>
      <symbol id="sm-316">
         <name>_mpuEnable_</name>
         <value>0x433c</value>
         <object_component_ref idref="oc-12b"/>
      </symbol>
      <symbol id="sm-317">
         <name>_mpuGetNumberOfRegions_</name>
         <value>0x43ac</value>
         <object_component_ref idref="oc-12b"/>
      </symbol>
      <symbol id="sm-318">
         <name>_mpuAreRegionsSeparate_</name>
         <value>0x43b8</value>
         <object_component_ref idref="oc-12b"/>
      </symbol>
      <symbol id="sm-319">
         <name>_mpuEnableBackgroundRegion_</name>
         <value>0x437c</value>
         <object_component_ref idref="oc-12b"/>
      </symbol>
      <symbol id="sm-31a">
         <name>_mpuGetRegionType_</name>
         <value>0x43f0</value>
         <object_component_ref idref="oc-12b"/>
      </symbol>
      <symbol id="sm-31b">
         <name>_mpuDisable_</name>
         <value>0x435c</value>
         <object_component_ref idref="oc-12b"/>
      </symbol>
      <symbol id="sm-31c">
         <name>_mpuGetRegionBaseAddress_</name>
         <value>0x43dc</value>
         <object_component_ref idref="oc-12b"/>
      </symbol>
      <symbol id="sm-31d">
         <name>_mpuSetRegion_</name>
         <value>0x43c4</value>
         <object_component_ref idref="oc-12b"/>
      </symbol>
      <symbol id="sm-31e">
         <name>_mpuGetRegion_</name>
         <value>0x43cc</value>
         <object_component_ref idref="oc-12b"/>
      </symbol>
      <symbol id="sm-331">
         <name>phantomInterrupt</name>
         <value>0x6054</value>
         <object_component_ref idref="oc-53"/>
      </symbol>
      <symbol id="sm-3ad">
         <name>resetReason</name>
         <value>0x800198c</value>
      </symbol>
      <symbol id="sm-3ae">
         <name>afterSTC</name>
         <value>0x5fd8</value>
         <object_component_ref idref="oc-b0"/>
      </symbol>
      <symbol id="sm-3af">
         <name>_c_int00</name>
         <value>0x55c0</value>
         <object_component_ref idref="oc-2c"/>
      </symbol>
      <symbol id="sm-453">
         <name>vimChannelMap</name>
         <value>0x2c38</value>
         <object_component_ref idref="oc-5a"/>
      </symbol>
      <symbol id="sm-454">
         <name>vimInit</name>
         <value>0x2b64</value>
         <object_component_ref idref="oc-5a"/>
      </symbol>
      <symbol id="sm-455">
         <name>vimEnableInterrupt</name>
         <value>0x2cdc</value>
         <object_component_ref idref="oc-5a"/>
      </symbol>
      <symbol id="sm-456">
         <name>vimDisableInterrupt</name>
         <value>0x2ea4</value>
         <object_component_ref idref="oc-5a"/>
      </symbol>
      <symbol id="sm-457">
         <name>vimGetConfigValue</name>
         <value>0x2f50</value>
         <object_component_ref idref="oc-5a"/>
      </symbol>
      <symbol id="sm-458">
         <name>vimECCErrorHandler</name>
         <value>0x478c</value>
         <object_component_ref idref="oc-59"/>
      </symbol>
      <symbol id="sm-4a7">
         <name>systemGetConfigValue</name>
         <value>0x269c</value>
         <object_component_ref idref="oc-119"/>
      </symbol>
      <symbol id="sm-4a8">
         <name>trimLPO</name>
         <value>0x2244</value>
         <object_component_ref idref="oc-119"/>
      </symbol>
      <symbol id="sm-4a9">
         <name>systemInit</name>
         <value>0x24ac</value>
         <object_component_ref idref="oc-119"/>
      </symbol>
      <symbol id="sm-4aa">
         <name>periphInit</name>
         <value>0x22cc</value>
         <object_component_ref idref="oc-119"/>
      </symbol>
      <symbol id="sm-4ab">
         <name>setupFlash</name>
         <value>0x228c</value>
         <object_component_ref idref="oc-119"/>
      </symbol>
      <symbol id="sm-4ac">
         <name>setupPLL</name>
         <value>0x21e4</value>
         <object_component_ref idref="oc-119"/>
      </symbol>
      <symbol id="sm-4ad">
         <name>getResetSource</name>
         <value>0x2550</value>
         <object_component_ref idref="oc-119"/>
      </symbol>
      <symbol id="sm-4ae">
         <name>mapClocks</name>
         <value>0x2380</value>
         <object_component_ref idref="oc-119"/>
      </symbol>
      <symbol id="sm-4af">
         <name>systemPowerDown</name>
         <value>0x2520</value>
         <object_component_ref idref="oc-119"/>
      </symbol>
      <symbol id="sm-5b9">
         <name>SL_SelfTest_EFuse</name>
         <value>0xb9c</value>
         <object_component_ref idref="oc-aa"/>
      </symbol>
      <symbol id="sm-5ba">
         <name>SL_SelfTest_Status_CCMR5F</name>
         <value>0x258</value>
         <object_component_ref idref="oc-aa"/>
      </symbol>
      <symbol id="sm-5bb">
         <name>SL_SelfTest_CAN</name>
         <value>0x1348</value>
         <object_component_ref idref="oc-aa"/>
      </symbol>
      <symbol id="sm-5bc">
         <name>SL_SelfTest_PBIST</name>
         <value>0x67c</value>
         <object_component_ref idref="oc-aa"/>
      </symbol>
      <symbol id="sm-5bd">
         <name>SL_SelfTest_STC</name>
         <value>0x378</value>
         <object_component_ref idref="oc-aa"/>
      </symbol>
      <symbol id="sm-5be">
         <name>SL_SelfTest_CCMR5F</name>
         <value>0xff8</value>
         <object_component_ref idref="oc-aa"/>
      </symbol>
      <symbol id="sm-5bf">
         <name>sramEccTestBuff</name>
         <value>0x80019c0</value>
         <object_component_ref idref="oc-114"/>
      </symbol>
      <symbol id="sm-5c0">
         <name>SL_SelfTest_SRAM</name>
         <value>0x468</value>
         <object_component_ref idref="oc-aa"/>
      </symbol>
      <symbol id="sm-5c1">
         <name>SL_SelfTest_WaitCompletion_PBIST</name>
         <value>0x20</value>
         <object_component_ref idref="oc-aa"/>
      </symbol>
      <symbol id="sm-5c2">
         <name>SL_SelfTest_Status_EFuse</name>
         <value>0x1d0</value>
         <object_component_ref idref="oc-aa"/>
      </symbol>
      <symbol id="sm-5c3">
         <name>SL_SelfTest_PBIST_StopExec</name>
         <value>0xd4</value>
         <object_component_ref idref="oc-aa"/>
      </symbol>
      <symbol id="sm-5c4">
         <name>SL_SelfTest_Status_STC</name>
         <value>0x3c</value>
         <object_component_ref idref="oc-aa"/>
      </symbol>
      <symbol id="sm-5c5">
         <name>SL_SelfTest_Status_PBIST</name>
         <value>0xf8</value>
         <object_component_ref idref="oc-aa"/>
      </symbol>
      <symbol id="sm-5c6">
         <name>SL_SelfTest_MibSPI</name>
         <value>0x7c8</value>
         <object_component_ref idref="oc-aa"/>
      </symbol>
      <symbol id="sm-5c7">
         <name>SL_SelfTest_DMA</name>
         <value>0xcf4</value>
         <object_component_ref idref="oc-aa"/>
      </symbol>
      <symbol id="sm-5ea">
         <name>SL_FLAG_GET</name>
         <value>0x5c58</value>
         <object_component_ref idref="oc-a4"/>
      </symbol>
      <symbol id="sm-5eb">
         <name>_SL_HoldNClear_nError</name>
         <value>0x5bfc</value>
         <object_component_ref idref="oc-a4"/>
      </symbol>
      <symbol id="sm-5ec">
         <name>sl_priv_flag_set</name>
         <value>0x8001990</value>
         <object_component_ref idref="oc-109"/>
      </symbol>
      <symbol id="sm-5ed">
         <name>SL_FLAG_SET</name>
         <value>0x5c3c</value>
         <object_component_ref idref="oc-a4"/>
      </symbol>
      <symbol id="sm-5ee">
         <name>SL_FLAG_CLEAR</name>
         <value>0x5c64</value>
         <object_component_ref idref="oc-a4"/>
      </symbol>
      <symbol id="sm-5ef">
         <name>_SL_Approximate_value</name>
         <value>0x5c1c</value>
         <object_component_ref idref="oc-a4"/>
      </symbol>
      <symbol id="sm-5f0">
         <name>_SL_SelfTest_SRAM_RAD</name>
         <value>0x5b78</value>
         <object_component_ref idref="oc-a4"/>
      </symbol>
      <symbol id="sm-614">
         <name>SL_Log_Error</name>
         <value>0x5f78</value>
         <object_component_ref idref="oc-10e"/>
      </symbol>
      <symbol id="sm-615">
         <name>_SL_Log_Error_Buffer</name>
         <value>0x8001800</value>
         <object_component_ref idref="oc-23f"/>
      </symbol>
      <symbol id="sm-616">
         <name>_SL_Log_Error_Index</name>
         <value>0x8001984</value>
         <object_component_ref idref="oc-23c"/>
      </symbol>
      <symbol id="sm-633">
         <name>SL_Init_ECCTCMRAM</name>
         <value>0x5a1c</value>
         <object_component_ref idref="oc-9e"/>
      </symbol>
      <symbol id="sm-634">
         <name>SL_Init_Memory</name>
         <value>0x59d0</value>
         <object_component_ref idref="oc-9e"/>
      </symbol>
      <symbol id="sm-635">
         <name>SL_Init_ResetReason_XInfo</name>
         <value>0x590c</value>
         <object_component_ref idref="oc-9e"/>
      </symbol>
      <symbol id="sm-636">
         <name>SL_Init_ResetReason</name>
         <value>0x5914</value>
         <object_component_ref idref="oc-9e"/>
      </symbol>
      <symbol id="sm-637">
         <name>SL_Init_ECCFlash</name>
         <value>0x5a2c</value>
         <object_component_ref idref="oc-9e"/>
      </symbol>
      <symbol id="sm-68f">
         <name>SL_ESM_Init</name>
         <value>0x4740</value>
         <object_component_ref idref="oc-6a"/>
      </symbol>
      <symbol id="sm-690">
         <name>SL_ESM_nERROR_Active</name>
         <value>0x4728</value>
         <object_component_ref idref="oc-6a"/>
      </symbol>
      <symbol id="sm-6a2">
         <name>SL_Init_R5Registers</name>
         <value>0x5434</value>
         <object_component_ref idref="oc-99"/>
      </symbol>
      <symbol id="sm-6a3">
         <name>_SL_Disable_IRQ</name>
         <value>0x53d8</value>
         <object_component_ref idref="oc-99"/>
      </symbol>
      <symbol id="sm-6a4">
         <name>_SL_Get_DataFault_Status</name>
         <value>0x5424</value>
         <object_component_ref idref="oc-99"/>
      </symbol>
      <symbol id="sm-6a5">
         <name>_SL_Get_ARM_Mode</name>
         <value>0x5418</value>
         <object_component_ref idref="oc-99"/>
      </symbol>
      <symbol id="sm-6a6">
         <name>_SL_Barrier_Data_Access</name>
         <value>0x55b4</value>
         <object_component_ref idref="oc-99"/>
      </symbol>
      <symbol id="sm-6a7">
         <name>_SL_Kickoff_STC_execution</name>
         <value>0x55ac</value>
         <object_component_ref idref="oc-99"/>
      </symbol>
      <symbol id="sm-6a8">
         <name>_SL_Restore_IRQ</name>
         <value>0x53f8</value>
         <object_component_ref idref="oc-99"/>
      </symbol>
      <symbol id="sm-6a9">
         <name>SL_Init_StackPointers</name>
         <value>0x555c</value>
         <object_component_ref idref="oc-99"/>
      </symbol>
      <symbol id="sm-6aa">
         <name>_SL_Init_EnableEventExport</name>
         <value>0x53c0</value>
         <object_component_ref idref="oc-99"/>
      </symbol>
      <symbol id="sm-6ab">
         <name>_SL_Get_DataFault_Address</name>
         <value>0x542c</value>
         <object_component_ref idref="oc-99"/>
      </symbol>
      <symbol id="sm-6c9">
         <name>__TI_decompress_lzss</name>
         <value>0x5dd4</value>
         <object_component_ref idref="oc-1a"/>
      </symbol>
      <symbol id="sm-6e0">
         <name>__TI_decompress_none</name>
         <value>0x6030</value>
         <object_component_ref idref="oc-20"/>
      </symbol>
      <symbol id="sm-6f7">
         <name>__TI_zero_init</name>
         <value>0x6044</value>
         <object_component_ref idref="oc-26"/>
      </symbol>
      <symbol id="sm-718">
         <name>C$$EXIT</name>
         <value>0x5e64</value>
         <object_component_ref idref="oc-136"/>
      </symbol>
      <symbol id="sm-719">
         <name>abort</name>
         <value>0x5e6c</value>
         <object_component_ref idref="oc-136"/>
      </symbol>
      <symbol id="sm-71a">
         <name>exit</name>
         <value>0x5e78</value>
         <object_component_ref idref="oc-136"/>
      </symbol>
      <symbol id="sm-71b">
         <name>__TI_dtors_ptr</name>
         <value>0x80019e4</value>
         <object_component_ref idref="oc-264"/>
      </symbol>
      <symbol id="sm-71c">
         <name>__TI_cleanup_ptr</name>
         <value>0x80019e0</value>
         <object_component_ref idref="oc-264"/>
      </symbol>
      <symbol id="sm-71d">
         <name>__TI_enable_exit_profile_output</name>
         <value>0x80019e8</value>
         <object_component_ref idref="oc-264"/>
      </symbol>
      <symbol id="sm-736">
         <name>memcpy</name>
         <value>0x578c</value>
         <object_component_ref idref="oc-7c"/>
      </symbol>
      <symbol id="sm-737">
         <name>__aeabi_memcpy</name>
         <value>0x578c</value>
         <object_component_ref idref="oc-7c"/>
      </symbol>
      <symbol id="sm-738">
         <name>__aeabi_memcpy8</name>
         <value>0x578c</value>
         <object_component_ref idref="oc-7c"/>
      </symbol>
      <symbol id="sm-739">
         <name>__aeabi_memcpy4</name>
         <value>0x578c</value>
         <object_component_ref idref="oc-7c"/>
      </symbol>
      <symbol id="sm-748">
         <name>__aeabi_memset</name>
         <value>0x5c8c</value>
         <object_component_ref idref="oc-88"/>
      </symbol>
      <symbol id="sm-749">
         <name>memset</name>
         <value>0x5c98</value>
         <object_component_ref idref="oc-88"/>
      </symbol>
      <symbol id="sm-74a">
         <name>__aeabi_memset8</name>
         <value>0x5c8c</value>
         <object_component_ref idref="oc-88"/>
      </symbol>
      <symbol id="sm-74b">
         <name>__aeabi_memset4</name>
         <value>0x5c8c</value>
         <object_component_ref idref="oc-88"/>
      </symbol>
      <symbol id="sm-74c">
         <name>__aeabi_memclr8</name>
         <value>0x5c88</value>
         <object_component_ref idref="oc-88"/>
      </symbol>
      <symbol id="sm-74d">
         <name>__aeabi_memclr4</name>
         <value>0x5c88</value>
         <object_component_ref idref="oc-88"/>
      </symbol>
      <symbol id="sm-74e">
         <name>__aeabi_memclr</name>
         <value>0x5c88</value>
         <object_component_ref idref="oc-88"/>
      </symbol>
      <symbol id="sm-768">
         <name>_nop</name>
         <value>0x6024</value>
         <object_component_ref idref="oc-2ae"/>
      </symbol>
      <symbol id="sm-769">
         <name>_lock</name>
         <value>0x80019b8</value>
         <object_component_ref idref="oc-267"/>
      </symbol>
      <symbol id="sm-76a">
         <name>_unlock</name>
         <value>0x80019bc</value>
         <object_component_ref idref="oc-267"/>
      </symbol>
      <symbol id="sm-76b">
         <name>_register_lock</name>
         <value>0x6018</value>
         <object_component_ref idref="oc-2ae"/>
      </symbol>
      <symbol id="sm-76c">
         <name>_register_unlock</name>
         <value>0x600c</value>
         <object_component_ref idref="oc-2ae"/>
      </symbol>
      <symbol id="sm-76d">
         <name>__TI_static_base__</name>
         <value>0x0</value>
      </symbol>
      <symbol id="sm-774">
         <name>SHT$$INIT_ARRAY$$Base</name>
         <value>0x0</value>
      </symbol>
      <symbol id="sm-775">
         <name>SHT$$INIT_ARRAY$$Limit</name>
         <value>0x0</value>
      </symbol>
   </symbol_table>
   <title>Link successful</title>
</link_info>
