<?xml version="1.0"?>
<link_info>
   <banner>TI ARM Linker PC v16.9.0.LTS</banner>
   <copyright>Copyright (c) 1996-2015 Texas Instruments Incorporated</copyright>
   <link_time>0x58aa7ec6</link_time>
   <link_errors>0x0</link_errors>
   <output_file>Project1_LAUNCHXL2_RM57L.out</output_file>
   <entry_point>
      <name>_c_int00</name>
      <address>0x60ec</address>
   </entry_point>
   <input_file_list>
      <input_file id="fl-2">
         <path>.\</path>
         <kind>object</kind>
         <file>irqDispatch_a.obj</file>
         <name>irqDispatch_a.obj</name>
      </input_file>
      <input_file id="fl-3">
         <path>.\</path>
         <kind>object</kind>
         <file>irqDispatch_c.obj</file>
         <name>irqDispatch_c.obj</name>
      </input_file>
      <input_file id="fl-4">
         <path>.\demoapp\source\</path>
         <kind>object</kind>
         <file>adc_demos.obj</file>
         <name>adc_demos.obj</name>
      </input_file>
      <input_file id="fl-5">
         <path>.\demoapp\source\</path>
         <kind>object</kind>
         <file>app_main_NoOS.obj</file>
         <name>app_main_NoOS.obj</name>
      </input_file>
      <input_file id="fl-6">
         <path>.\demoapp\source\</path>
         <kind>object</kind>
         <file>esm_application_callback.obj</file>
         <name>esm_application_callback.obj</name>
      </input_file>
      <input_file id="fl-7">
         <path>.\demoapp\source\</path>
         <kind>object</kind>
         <file>misc.obj</file>
         <name>misc.obj</name>
      </input_file>
      <input_file id="fl-8">
         <path>.\demoapp\source\</path>
         <kind>object</kind>
         <file>support_functions.obj</file>
         <name>support_functions.obj</name>
      </input_file>
      <input_file id="fl-9">
         <path>.\hcg\source\</path>
         <kind>object</kind>
         <file>HL_adc.obj</file>
         <name>HL_adc.obj</name>
      </input_file>
      <input_file id="fl-a">
         <path>.\hcg\source\</path>
         <kind>object</kind>
         <file>HL_emif.obj</file>
         <name>HL_emif.obj</name>
      </input_file>
      <input_file id="fl-b">
         <path>.\hcg\source\</path>
         <kind>object</kind>
         <file>HL_epc.obj</file>
         <name>HL_epc.obj</name>
      </input_file>
      <input_file id="fl-c">
         <path>.\hcg\source\</path>
         <kind>object</kind>
         <file>HL_errata.obj</file>
         <name>HL_errata.obj</name>
      </input_file>
      <input_file id="fl-d">
         <path>.\hcg\source\</path>
         <kind>object</kind>
         <file>HL_esm.obj</file>
         <name>HL_esm.obj</name>
      </input_file>
      <input_file id="fl-e">
         <path>.\hcg\source\</path>
         <kind>object</kind>
         <file>HL_gio.obj</file>
         <name>HL_gio.obj</name>
      </input_file>
      <input_file id="fl-f">
         <path>.\hcg\source\</path>
         <kind>object</kind>
         <file>HL_nmpu.obj</file>
         <name>HL_nmpu.obj</name>
      </input_file>
      <input_file id="fl-10">
         <path>.\hcg\source\</path>
         <kind>object</kind>
         <file>HL_notification.obj</file>
         <name>HL_notification.obj</name>
      </input_file>
      <input_file id="fl-11">
         <path>.\hcg\source\</path>
         <kind>object</kind>
         <file>HL_pinmux.obj</file>
         <name>HL_pinmux.obj</name>
      </input_file>
      <input_file id="fl-12">
         <path>.\hcg\source\</path>
         <kind>object</kind>
         <file>HL_rti.obj</file>
         <name>HL_rti.obj</name>
      </input_file>
      <input_file id="fl-13">
         <path>.\hcg\source\</path>
         <kind>object</kind>
         <file>HL_sci.obj</file>
         <name>HL_sci.obj</name>
      </input_file>
      <input_file id="fl-14">
         <path>.\hcg\source\</path>
         <kind>object</kind>
         <file>HL_sys_core.obj</file>
         <name>HL_sys_core.obj</name>
      </input_file>
      <input_file id="fl-15">
         <path>.\hcg\source\</path>
         <kind>object</kind>
         <file>HL_sys_dma.obj</file>
         <name>HL_sys_dma.obj</name>
      </input_file>
      <input_file id="fl-16">
         <path>.\hcg\source\</path>
         <kind>object</kind>
         <file>HL_sys_intvecs.obj</file>
         <name>HL_sys_intvecs.obj</name>
      </input_file>
      <input_file id="fl-17">
         <path>.\hcg\source\</path>
         <kind>object</kind>
         <file>HL_sys_mpu.obj</file>
         <name>HL_sys_mpu.obj</name>
      </input_file>
      <input_file id="fl-18">
         <path>.\hcg\source\</path>
         <kind>object</kind>
         <file>HL_sys_pcr.obj</file>
         <name>HL_sys_pcr.obj</name>
      </input_file>
      <input_file id="fl-19">
         <path>.\hcg\source\</path>
         <kind>object</kind>
         <file>HL_sys_phantom.obj</file>
         <name>HL_sys_phantom.obj</name>
      </input_file>
      <input_file id="fl-1a">
         <path>.\hcg\source\</path>
         <kind>object</kind>
         <file>HL_sys_pmm.obj</file>
         <name>HL_sys_pmm.obj</name>
      </input_file>
      <input_file id="fl-1b">
         <path>.\hcg\source\</path>
         <kind>object</kind>
         <file>HL_sys_pmu.obj</file>
         <name>HL_sys_pmu.obj</name>
      </input_file>
      <input_file id="fl-1c">
         <path>.\hcg\source\</path>
         <kind>object</kind>
         <file>HL_sys_startup.obj</file>
         <name>HL_sys_startup.obj</name>
      </input_file>
      <input_file id="fl-1d">
         <path>.\hcg\source\</path>
         <kind>object</kind>
         <file>HL_sys_vim.obj</file>
         <name>HL_sys_vim.obj</name>
      </input_file>
      <input_file id="fl-1e">
         <path>.\hcg\source\</path>
         <kind>object</kind>
         <file>HL_system.obj</file>
         <name>HL_system.obj</name>
      </input_file>
      <input_file id="fl-1f">
         <path>.\src\</path>
         <kind>object</kind>
         <file>ROLM.obj</file>
         <name>ROLM.obj</name>
      </input_file>
      <input_file id="fl-25">
         <path>C:\ti\Hercules\SafeTI Diagnostic Library\2.2.0\libs\</path>
         <kind>archive</kind>
         <file>SafeTILib_RM57L_LE.lib</file>
         <name>sl_selftest.obj</name>
      </input_file>
      <input_file id="fl-26">
         <path>C:\ti\Hercules\SafeTI Diagnostic Library\2.2.0\libs\</path>
         <kind>archive</kind>
         <file>SafeTILib_RM57L_LE.lib</file>
         <name>sl_priv.obj</name>
      </input_file>
      <input_file id="fl-27">
         <path>C:\ti\Hercules\SafeTI Diagnostic Library\2.2.0\libs\</path>
         <kind>archive</kind>
         <file>SafeTILib_RM57L_LE.lib</file>
         <name>sl_log.obj</name>
      </input_file>
      <input_file id="fl-28">
         <path>C:\ti\Hercules\SafeTI Diagnostic Library\2.2.0\libs\</path>
         <kind>archive</kind>
         <file>SafeTILib_RM57L_LE.lib</file>
         <name>sl_init.obj</name>
      </input_file>
      <input_file id="fl-29">
         <path>C:\ti\Hercules\SafeTI Diagnostic Library\2.2.0\libs\</path>
         <kind>archive</kind>
         <file>SafeTILib_RM57L_LE.lib</file>
         <name>sl_esm.obj</name>
      </input_file>
      <input_file id="fl-2a">
         <path>C:\ti\Hercules\SafeTI Diagnostic Library\2.2.0\libs\</path>
         <kind>archive</kind>
         <file>SafeTILib_RM57L_LE.lib</file>
         <name>sl_asm_api.obj</name>
      </input_file>
      <input_file id="fl-e0">
         <path>C:\ti\ccsv7\tools\compiler\ti-cgt-arm_16.9.0.LTS\lib\</path>
         <kind>archive</kind>
         <file>rtsv7R4_A_le_v3D16_eabi.lib</file>
         <name>copy_decompress_lzss.obj</name>
      </input_file>
      <input_file id="fl-e1">
         <path>C:\ti\ccsv7\tools\compiler\ti-cgt-arm_16.9.0.LTS\lib\</path>
         <kind>archive</kind>
         <file>rtsv7R4_A_le_v3D16_eabi.lib</file>
         <name>copy_decompress_none.obj</name>
      </input_file>
      <input_file id="fl-e2">
         <path>C:\ti\ccsv7\tools\compiler\ti-cgt-arm_16.9.0.LTS\lib\</path>
         <kind>archive</kind>
         <file>rtsv7R4_A_le_v3D16_eabi.lib</file>
         <name>copy_zero_init.obj</name>
      </input_file>
      <input_file id="fl-e3">
         <path>C:\ti\ccsv7\tools\compiler\ti-cgt-arm_16.9.0.LTS\lib\</path>
         <kind>archive</kind>
         <file>rtsv7R4_A_le_v3D16_eabi.lib</file>
         <name>exit.obj</name>
      </input_file>
      <input_file id="fl-e4">
         <path>C:\ti\ccsv7\tools\compiler\ti-cgt-arm_16.9.0.LTS\lib\</path>
         <kind>archive</kind>
         <file>rtsv7R4_A_le_v3D16_eabi.lib</file>
         <name>memcpy32.obj</name>
      </input_file>
      <input_file id="fl-e5">
         <path>C:\ti\ccsv7\tools\compiler\ti-cgt-arm_16.9.0.LTS\lib\</path>
         <kind>archive</kind>
         <file>rtsv7R4_A_le_v3D16_eabi.lib</file>
         <name>memset32.obj</name>
      </input_file>
      <input_file id="fl-e6">
         <path>C:\ti\ccsv7\tools\compiler\ti-cgt-arm_16.9.0.LTS\lib\</path>
         <kind>archive</kind>
         <file>rtsv7R4_A_le_v3D16_eabi.lib</file>
         <name>_lock.obj</name>
      </input_file>
   </input_file_list>
   <object_component_list>
      <object_component id="oc-5a">
         <name>.intvecs</name>
         <load_address>0x0</load_address>
         <run_address>0x0</run_address>
         <size>0x20</size>
         <input_file_ref idref="fl-16"/>
      </object_component>
      <object_component id="oc-b6">
         <name>.text</name>
         <load_address>0x20</load_address>
         <run_address>0x20</run_address>
         <size>0x1810</size>
         <input_file_ref idref="fl-25"/>
      </object_component>
      <object_component id="oc-299">
         <name>.text</name>
         <load_address>0x1830</load_address>
         <run_address>0x1830</run_address>
         <size>0x9b4</size>
         <input_file_ref idref="fl-11"/>
      </object_component>
      <object_component id="oc-139">
         <name>.text</name>
         <load_address>0x21e4</load_address>
         <run_address>0x21e4</run_address>
         <size>0x960</size>
         <input_file_ref idref="fl-1e"/>
      </object_component>
      <object_component id="oc-6a">
         <name>.text</name>
         <load_address>0x2b44</load_address>
         <run_address>0x2b44</run_address>
         <size>0x940</size>
         <input_file_ref idref="fl-1d"/>
      </object_component>
      <object_component id="oc-13f">
         <name>.text</name>
         <load_address>0x3484</load_address>
         <run_address>0x3484</run_address>
         <size>0x7d0</size>
         <input_file_ref idref="fl-d"/>
      </object_component>
      <object_component id="oc-d7">
         <name>.text</name>
         <load_address>0x3c54</load_address>
         <run_address>0x3c54</run_address>
         <size>0x698</size>
         <input_file_ref idref="fl-12"/>
      </object_component>
      <object_component id="oc-a0">
         <name>.text</name>
         <load_address>0x42ec</load_address>
         <run_address>0x42ec</run_address>
         <size>0x408</size>
         <input_file_ref idref="fl-14"/>
      </object_component>
      <object_component id="oc-14b">
         <name>.text</name>
         <load_address>0x46f4</load_address>
         <run_address>0x46f4</run_address>
         <size>0x394</size>
         <input_file_ref idref="fl-17"/>
      </object_component>
      <object_component id="oc-74">
         <name>.text</name>
         <load_address>0x4a88</load_address>
         <run_address>0x4a88</run_address>
         <size>0x37c</size>
         <input_file_ref idref="fl-29"/>
      </object_component>
      <object_component id="oc-65">
         <name>.text:retain</name>
         <load_address>0x4e04</load_address>
         <run_address>0x4e04</run_address>
         <size>0x34c</size>
         <input_file_ref idref="fl-1d"/>
      </object_component>
      <object_component id="oc-145">
         <name>.text</name>
         <load_address>0x5150</load_address>
         <run_address>0x5150</run_address>
         <size>0x334</size>
         <input_file_ref idref="fl-b"/>
      </object_component>
      <object_component id="oc-29f">
         <name>.text</name>
         <load_address>0x5484</load_address>
         <run_address>0x5484</run_address>
         <size>0x2d8</size>
         <input_file_ref idref="fl-a"/>
      </object_component>
      <object_component id="oc-21a">
         <name>.text</name>
         <load_address>0x575c</load_address>
         <run_address>0x575c</run_address>
         <size>0x2bc</size>
         <input_file_ref idref="fl-3"/>
      </object_component>
      <object_component id="oc-4b">
         <name>.text:retain</name>
         <load_address>0x5a18</load_address>
         <run_address>0x5a18</run_address>
         <size>0x2b4</size>
         <input_file_ref idref="fl-d"/>
      </object_component>
      <object_component id="oc-40">
         <name>.text</name>
         <load_address>0x5ccc</load_address>
         <run_address>0x5ccc</run_address>
         <size>0x220</size>
         <input_file_ref idref="fl-5"/>
      </object_component>
      <object_component id="oc-a5">
         <name>.text</name>
         <load_address>0x5eec</load_address>
         <run_address>0x5eec</run_address>
         <size>0x200</size>
         <input_file_ref idref="fl-2a"/>
      </object_component>
      <object_component id="oc-2c">
         <name>.text:retain</name>
         <load_address>0x60ec</load_address>
         <run_address>0x60ec</run_address>
         <size>0x1cc</size>
         <input_file_ref idref="fl-1c"/>
      </object_component>
      <object_component id="oc-88">
         <name>.text</name>
         <load_address>0x62b8</load_address>
         <run_address>0x62b8</run_address>
         <size>0x180</size>
         <input_file_ref idref="fl-e4"/>
      </object_component>
      <object_component id="oc-d1">
         <name>.text</name>
         <load_address>0x6438</load_address>
         <run_address>0x6438</run_address>
         <size>0x140</size>
         <input_file_ref idref="fl-1f"/>
      </object_component>
      <object_component id="oc-aa">
         <name>.text</name>
         <load_address>0x6578</load_address>
         <run_address>0x6578</run_address>
         <size>0x138</size>
         <input_file_ref idref="fl-28"/>
      </object_component>
      <object_component id="oc-71">
         <name>.text:retain</name>
         <load_address>0x66b0</load_address>
         <run_address>0x66b0</run_address>
         <size>0x134</size>
         <input_file_ref idref="fl-29"/>
      </object_component>
      <object_component id="oc-b0">
         <name>.text</name>
         <load_address>0x67e4</load_address>
         <run_address>0x67e4</run_address>
         <size>0x110</size>
         <input_file_ref idref="fl-26"/>
      </object_component>
      <object_component id="oc-94">
         <name>.text</name>
         <load_address>0x68f4</load_address>
         <run_address>0x68f4</run_address>
         <size>0xb0</size>
         <input_file_ref idref="fl-e5"/>
      </object_component>
      <object_component id="oc-54">
         <name>.text:retain</name>
         <load_address>0x69a4</load_address>
         <run_address>0x69a4</run_address>
         <size>0xa0</size>
         <input_file_ref idref="fl-12"/>
      </object_component>
      <object_component id="oc-c2">
         <name>.text</name>
         <load_address>0x6a44</load_address>
         <run_address>0x6a44</run_address>
         <size>0x9c</size>
         <input_file_ref idref="fl-10"/>
      </object_component>
      <object_component id="oc-1a">
         <name>.text:decompress:lzss</name>
         <load_address>0x6ae0</load_address>
         <run_address>0x6ae0</run_address>
         <size>0x90</size>
         <input_file_ref idref="fl-e0"/>
      </object_component>
      <object_component id="oc-150">
         <name>.text</name>
         <load_address>0x6b70</load_address>
         <run_address>0x6b70</run_address>
         <size>0x90</size>
         <input_file_ref idref="fl-e3"/>
      </object_component>
      <object_component id="oc-3f">
         <name>.text:retain</name>
         <load_address>0x6c00</load_address>
         <run_address>0x6c00</run_address>
         <size>0x7c</size>
         <input_file_ref idref="fl-5"/>
      </object_component>
      <object_component id="oc-12e">
         <name>.text</name>
         <load_address>0x6c7c</load_address>
         <run_address>0x6c7c</run_address>
         <size>0x60</size>
         <input_file_ref idref="fl-27"/>
      </object_component>
      <object_component id="oc-ea">
         <name>.text</name>
         <load_address>0x6cdc</load_address>
         <run_address>0x6cdc</run_address>
         <size>0x58</size>
         <input_file_ref idref="fl-2"/>
      </object_component>
      <object_component id="oc-bc">
         <name>.text</name>
         <load_address>0x6d34</load_address>
         <run_address>0x6d34</run_address>
         <size>0x34</size>
         <input_file_ref idref="fl-1c"/>
      </object_component>
      <object_component id="oc-306">
         <name>.text</name>
         <load_address>0x6d68</load_address>
         <run_address>0x6d68</run_address>
         <size>0x24</size>
         <input_file_ref idref="fl-e6"/>
      </object_component>
      <object_component id="oc-20">
         <name>.text:decompress:none</name>
         <load_address>0x6d8c</load_address>
         <run_address>0x6d8c</run_address>
         <size>0x14</size>
         <input_file_ref idref="fl-e1"/>
      </object_component>
      <object_component id="oc-26">
         <name>.text:decompress:ZI</name>
         <load_address>0x6da0</load_address>
         <run_address>0x6da0</run_address>
         <size>0x10</size>
         <input_file_ref idref="fl-e2"/>
      </object_component>
      <object_component id="oc-5f">
         <name>.text:retain</name>
         <load_address>0x6db0</load_address>
         <run_address>0x6db0</run_address>
         <size>0x4</size>
         <input_file_ref idref="fl-19"/>
      </object_component>
      <object_component id="oc-51">
         <name>.const:s_vim_init</name>
         <load_address>0x6db8</load_address>
         <run_address>0x6db8</run_address>
         <size>0x200</size>
         <input_file_ref idref="fl-1d"/>
      </object_component>
      <object_component id="oc-2d5">
         <name>.const</name>
         <load_address>0x6fb8</load_address>
         <run_address>0x6fb8</run_address>
         <size>0x4</size>
         <input_file_ref idref="fl-3"/>
      </object_component>
      <object_component id="oc-363">
         <name>.cinit..data.load</name>
         <load_address>0x6fc0</load_address>
         <run_address>0x6fc0</run_address>
         <size>0x13</size>
      </object_component>
      <object_component id="oc-364">
         <name>.cinit.LOG_DATA.load</name>
         <load_address>0x6fd3</load_address>
         <run_address>0x6fd3</run_address>
         <size>0xf</size>
      </object_component>
      <object_component id="oc-360">
         <name>__TI_handler_table</name>
         <load_address>0x6fe4</load_address>
         <run_address>0x6fe4</run_address>
         <size>0xc</size>
      </object_component>
      <object_component id="oc-362">
         <name>.cinit..bss.load</name>
         <load_address>0x6ff0</load_address>
         <run_address>0x6ff0</run_address>
         <size>0x8</size>
      </object_component>
      <object_component id="oc-361">
         <name>__TI_cinit_table</name>
         <load_address>0x6ff8</load_address>
         <run_address>0x6ff8</run_address>
         <size>0x18</size>
      </object_component>
      <object_component id="oc-c8">
         <name>.common:resetReason</name>
         <uninitialized>true</uninitialized>
         <run_address>0x8001a18</run_address>
         <size>0x1</size>
      </object_component>
      <object_component id="oc-1e3">
         <name>.common:ROLMBUS</name>
         <uninitialized>true</uninitialized>
         <run_address>0x80019f4</run_address>
         <size>0x20</size>
      </object_component>
      <object_component id="oc-100">
         <name>.common:ESM_AppCallback</name>
         <uninitialized>true</uninitialized>
         <run_address>0x8001a14</run_address>
         <size>0x4</size>
      </object_component>
      <object_component id="oc-2d8">
         <name>.data</name>
         <load_address>0x80019f0</load_address>
         <run_address>0x80019f0</run_address>
         <size>0x4</size>
         <input_file_ref idref="fl-3"/>
      </object_component>
      <object_component id="oc-134">
         <name>.data</name>
         <load_address>0x80019c0</load_address>
         <run_address>0x80019c0</run_address>
         <size>0x20</size>
         <input_file_ref idref="fl-25"/>
      </object_component>
      <object_component id="oc-129">
         <name>.data:sl_priv_flag_set</name>
         <load_address>0x8001990</load_address>
         <run_address>0x8001990</run_address>
         <size>0x26</size>
         <input_file_ref idref="fl-26"/>
      </object_component>
      <object_component id="oc-fd">
         <name>.data</name>
         <load_address>0x80019ec</load_address>
         <run_address>0x80019ec</run_address>
         <size>0x4</size>
         <input_file_ref idref="fl-29"/>
      </object_component>
      <object_component id="oc-2b5">
         <name>.data:$O1$$</name>
         <load_address>0x80019e0</load_address>
         <run_address>0x80019e0</run_address>
         <size>0xc</size>
         <input_file_ref idref="fl-e3"/>
      </object_component>
      <object_component id="oc-2b8">
         <name>.data:$O1$$</name>
         <load_address>0x80019b8</load_address>
         <run_address>0x80019b8</run_address>
         <size>0x8</size>
         <input_file_ref idref="fl-e6"/>
      </object_component>
      <object_component id="oc-288">
         <name>LOG_DATA:init</name>
         <load_address>0x8001980</load_address>
         <run_address>0x8001980</run_address>
         <size>0x8</size>
         <input_file_ref idref="fl-27"/>
      </object_component>
      <object_component id="oc-28b">
         <name>LOG_DATA:uninit</name>
         <load_address>0x8001800</load_address>
         <run_address>0x8001800</run_address>
         <size>0x180</size>
         <input_file_ref idref="fl-27"/>
      </object_component>
      <object_component id="oc-eb">
         <name>.debug_info</name>
         <load_address>0x0</load_address>
         <run_address>0x0</run_address>
         <size>0x142</size>
         <input_file_ref idref="fl-2"/>
      </object_component>
      <object_component id="oc-221">
         <name>.debug_info</name>
         <load_address>0x142</load_address>
         <run_address>0x142</run_address>
         <size>0x194</size>
         <input_file_ref idref="fl-3"/>
      </object_component>
      <object_component id="oc-2d6">
         <name>.debug_info</name>
         <load_address>0x2d6</load_address>
         <run_address>0x2d6</run_address>
         <size>0x11e</size>
         <input_file_ref idref="fl-3"/>
      </object_component>
      <object_component id="oc-2d9">
         <name>.debug_info</name>
         <load_address>0x3f4</load_address>
         <run_address>0x3f4</run_address>
         <size>0x130</size>
         <input_file_ref idref="fl-3"/>
      </object_component>
      <object_component id="oc-21b">
         <name>.debug_info</name>
         <load_address>0x524</load_address>
         <run_address>0x524</run_address>
         <size>0x2b3</size>
         <input_file_ref idref="fl-3"/>
      </object_component>
      <object_component id="oc-1de">
         <name>.debug_info</name>
         <load_address>0x7d7</load_address>
         <run_address>0x7d7</run_address>
         <size>0x8b</size>
         <input_file_ref idref="fl-3"/>
      </object_component>
      <object_component id="oc-f3">
         <name>.debug_info</name>
         <load_address>0x862</load_address>
         <run_address>0x862</run_address>
         <size>0x18c</size>
         <input_file_ref idref="fl-3"/>
      </object_component>
      <object_component id="oc-1e7">
         <name>.debug_info</name>
         <load_address>0x9ee</load_address>
         <run_address>0x9ee</run_address>
         <size>0x18b</size>
         <input_file_ref idref="fl-3"/>
      </object_component>
      <object_component id="oc-df">
         <name>.debug_info</name>
         <load_address>0xb79</load_address>
         <run_address>0xb79</run_address>
         <size>0xae</size>
         <input_file_ref idref="fl-3"/>
      </object_component>
      <object_component id="oc-f8">
         <name>.debug_info</name>
         <load_address>0xc27</load_address>
         <run_address>0xc27</run_address>
         <size>0x86</size>
         <input_file_ref idref="fl-3"/>
      </object_component>
      <object_component id="oc-1d9">
         <name>.debug_info</name>
         <load_address>0xcad</load_address>
         <run_address>0xcad</run_address>
         <size>0x36d</size>
         <input_file_ref idref="fl-3"/>
      </object_component>
      <object_component id="oc-2de">
         <name>.debug_info</name>
         <load_address>0x101a</load_address>
         <run_address>0x101a</run_address>
         <size>0x4f</size>
         <input_file_ref idref="fl-3"/>
      </object_component>
      <object_component id="oc-312">
         <name>.debug_info</name>
         <load_address>0x1069</load_address>
         <run_address>0x1069</run_address>
         <size>0x200</size>
         <input_file_ref idref="fl-4"/>
      </object_component>
      <object_component id="oc-2c0">
         <name>.debug_info</name>
         <load_address>0x1269</load_address>
         <run_address>0x1269</run_address>
         <size>0x791</size>
         <input_file_ref idref="fl-4"/>
      </object_component>
      <object_component id="oc-333">
         <name>.debug_info</name>
         <load_address>0x19fa</load_address>
         <run_address>0x19fa</run_address>
         <size>0x38f</size>
         <input_file_ref idref="fl-4"/>
      </object_component>
      <object_component id="oc-de">
         <name>.debug_info</name>
         <load_address>0x1d89</load_address>
         <run_address>0x1d89</run_address>
         <size>0x472</size>
         <input_file_ref idref="fl-5"/>
      </object_component>
      <object_component id="oc-46">
         <name>.debug_info</name>
         <load_address>0x21fb</load_address>
         <run_address>0x21fb</run_address>
         <size>0x17f</size>
         <input_file_ref idref="fl-5"/>
      </object_component>
      <object_component id="oc-41">
         <name>.debug_info</name>
         <load_address>0x237a</load_address>
         <run_address>0x237a</run_address>
         <size>0x306</size>
         <input_file_ref idref="fl-5"/>
      </object_component>
      <object_component id="oc-1f5">
         <name>.debug_info</name>
         <load_address>0x2680</load_address>
         <run_address>0x2680</run_address>
         <size>0x306</size>
         <input_file_ref idref="fl-5"/>
      </object_component>
      <object_component id="oc-161">
         <name>.debug_info</name>
         <load_address>0x2986</load_address>
         <run_address>0x2986</run_address>
         <size>0x547</size>
         <input_file_ref idref="fl-5"/>
      </object_component>
      <object_component id="oc-1fa">
         <name>.debug_info</name>
         <load_address>0x2ecd</load_address>
         <run_address>0x2ecd</run_address>
         <size>0x123c</size>
         <input_file_ref idref="fl-5"/>
      </object_component>
      <object_component id="oc-1ff">
         <name>.debug_info</name>
         <load_address>0x4109</load_address>
         <run_address>0x4109</run_address>
         <size>0x26a</size>
         <input_file_ref idref="fl-5"/>
      </object_component>
      <object_component id="oc-204">
         <name>.debug_info</name>
         <load_address>0x4373</load_address>
         <run_address>0x4373</run_address>
         <size>0x5c</size>
         <input_file_ref idref="fl-5"/>
      </object_component>
      <object_component id="oc-1ee">
         <name>.debug_info</name>
         <load_address>0x43cf</load_address>
         <run_address>0x43cf</run_address>
         <size>0x1d4</size>
         <input_file_ref idref="fl-5"/>
      </object_component>
      <object_component id="oc-18e">
         <name>.debug_info</name>
         <load_address>0x45a3</load_address>
         <run_address>0x45a3</run_address>
         <size>0x1f9</size>
         <input_file_ref idref="fl-5"/>
      </object_component>
      <object_component id="oc-209">
         <name>.debug_info</name>
         <load_address>0x479c</load_address>
         <run_address>0x479c</run_address>
         <size>0x3d3</size>
         <input_file_ref idref="fl-5"/>
      </object_component>
      <object_component id="oc-20e">
         <name>.debug_info</name>
         <load_address>0x4b6f</load_address>
         <run_address>0x4b6f</run_address>
         <size>0x199</size>
         <input_file_ref idref="fl-5"/>
      </object_component>
      <object_component id="oc-1d4">
         <name>.debug_info</name>
         <load_address>0x4d08</load_address>
         <run_address>0x4d08</run_address>
         <size>0x70a</size>
         <input_file_ref idref="fl-5"/>
      </object_component>
      <object_component id="oc-2d0">
         <name>.debug_info</name>
         <load_address>0x5412</load_address>
         <run_address>0x5412</run_address>
         <size>0x32e</size>
         <input_file_ref idref="fl-6"/>
      </object_component>
      <object_component id="oc-226">
         <name>.debug_info</name>
         <load_address>0x5740</load_address>
         <run_address>0x5740</run_address>
         <size>0x306</size>
         <input_file_ref idref="fl-6"/>
      </object_component>
      <object_component id="oc-22b">
         <name>.debug_info</name>
         <load_address>0x5a46</load_address>
         <run_address>0x5a46</run_address>
         <size>0x532</size>
         <input_file_ref idref="fl-6"/>
      </object_component>
      <object_component id="oc-28f">
         <name>.debug_info</name>
         <load_address>0x5f78</load_address>
         <run_address>0x5f78</run_address>
         <size>0x1f2</size>
         <input_file_ref idref="fl-6"/>
      </object_component>
      <object_component id="oc-230">
         <name>.debug_info</name>
         <load_address>0x616a</load_address>
         <run_address>0x616a</run_address>
         <size>0x15f</size>
         <input_file_ref idref="fl-6"/>
      </object_component>
      <object_component id="oc-2e3">
         <name>.debug_info</name>
         <load_address>0x62c9</load_address>
         <run_address>0x62c9</run_address>
         <size>0xae</size>
         <input_file_ref idref="fl-6"/>
      </object_component>
      <object_component id="oc-235">
         <name>.debug_info</name>
         <load_address>0x6377</load_address>
         <run_address>0x6377</run_address>
         <size>0x102</size>
         <input_file_ref idref="fl-6"/>
      </object_component>
      <object_component id="oc-318">
         <name>.debug_info</name>
         <load_address>0x6479</load_address>
         <run_address>0x6479</run_address>
         <size>0x1f9</size>
         <input_file_ref idref="fl-6"/>
      </object_component>
      <object_component id="oc-23a">
         <name>.debug_info</name>
         <load_address>0x6672</load_address>
         <run_address>0x6672</run_address>
         <size>0x222</size>
         <input_file_ref idref="fl-6"/>
      </object_component>
      <object_component id="oc-31d">
         <name>.debug_info</name>
         <load_address>0x6894</load_address>
         <run_address>0x6894</run_address>
         <size>0x243</size>
         <input_file_ref idref="fl-6"/>
      </object_component>
      <object_component id="oc-23f">
         <name>.debug_info</name>
         <load_address>0x6ad7</load_address>
         <run_address>0x6ad7</run_address>
         <size>0x49b</size>
         <input_file_ref idref="fl-6"/>
      </object_component>
      <object_component id="oc-244">
         <name>.debug_info</name>
         <load_address>0x6f72</load_address>
         <run_address>0x6f72</run_address>
         <size>0xa26</size>
         <input_file_ref idref="fl-6"/>
      </object_component>
      <object_component id="oc-249">
         <name>.debug_info</name>
         <load_address>0x7998</load_address>
         <run_address>0x7998</run_address>
         <size>0x1ca</size>
         <input_file_ref idref="fl-6"/>
      </object_component>
      <object_component id="oc-24e">
         <name>.debug_info</name>
         <load_address>0x7b62</load_address>
         <run_address>0x7b62</run_address>
         <size>0x142</size>
         <input_file_ref idref="fl-6"/>
      </object_component>
      <object_component id="oc-253">
         <name>.debug_info</name>
         <load_address>0x7ca4</load_address>
         <run_address>0x7ca4</run_address>
         <size>0x285</size>
         <input_file_ref idref="fl-6"/>
      </object_component>
      <object_component id="oc-258">
         <name>.debug_info</name>
         <load_address>0x7f29</load_address>
         <run_address>0x7f29</run_address>
         <size>0x3f6</size>
         <input_file_ref idref="fl-6"/>
      </object_component>
      <object_component id="oc-25d">
         <name>.debug_info</name>
         <load_address>0x831f</load_address>
         <run_address>0x831f</run_address>
         <size>0x1d1</size>
         <input_file_ref idref="fl-6"/>
      </object_component>
      <object_component id="oc-262">
         <name>.debug_info</name>
         <load_address>0x84f0</load_address>
         <run_address>0x84f0</run_address>
         <size>0x152</size>
         <input_file_ref idref="fl-6"/>
      </object_component>
      <object_component id="oc-267">
         <name>.debug_info</name>
         <load_address>0x8642</load_address>
         <run_address>0x8642</run_address>
         <size>0x1de</size>
         <input_file_ref idref="fl-6"/>
      </object_component>
      <object_component id="oc-26c">
         <name>.debug_info</name>
         <load_address>0x8820</load_address>
         <run_address>0x8820</run_address>
         <size>0x1b6</size>
         <input_file_ref idref="fl-6"/>
      </object_component>
      <object_component id="oc-276">
         <name>.debug_info</name>
         <load_address>0x89d6</load_address>
         <run_address>0x89d6</run_address>
         <size>0x36d</size>
         <input_file_ref idref="fl-6"/>
      </object_component>
      <object_component id="oc-1ca">
         <name>.debug_info</name>
         <load_address>0x8d43</load_address>
         <run_address>0x8d43</run_address>
         <size>0x4f</size>
         <input_file_ref idref="fl-6"/>
      </object_component>
      <object_component id="oc-313">
         <name>.debug_info</name>
         <load_address>0x8d92</load_address>
         <run_address>0x8d92</run_address>
         <size>0x185</size>
         <input_file_ref idref="fl-8"/>
      </object_component>
      <object_component id="oc-2ca">
         <name>.debug_info</name>
         <load_address>0x8f17</load_address>
         <run_address>0x8f17</run_address>
         <size>0x243</size>
         <input_file_ref idref="fl-8"/>
      </object_component>
      <object_component id="oc-2f5">
         <name>.debug_info</name>
         <load_address>0x915a</load_address>
         <run_address>0x915a</run_address>
         <size>0xff</size>
         <input_file_ref idref="fl-a"/>
      </object_component>
      <object_component id="oc-2a0">
         <name>.debug_info</name>
         <load_address>0x9259</load_address>
         <run_address>0x9259</run_address>
         <size>0x3fe</size>
         <input_file_ref idref="fl-a"/>
      </object_component>
      <object_component id="oc-2fd">
         <name>.debug_info</name>
         <load_address>0x9657</load_address>
         <run_address>0x9657</run_address>
         <size>0x18e</size>
         <input_file_ref idref="fl-a"/>
      </object_component>
      <object_component id="oc-328">
         <name>.debug_info</name>
         <load_address>0x97e5</load_address>
         <run_address>0x97e5</run_address>
         <size>0x1c8</size>
         <input_file_ref idref="fl-a"/>
      </object_component>
      <object_component id="oc-2cf">
         <name>.debug_info</name>
         <load_address>0x99ad</load_address>
         <run_address>0x99ad</run_address>
         <size>0x1fc</size>
         <input_file_ref idref="fl-b"/>
      </object_component>
      <object_component id="oc-146">
         <name>.debug_info</name>
         <load_address>0x9ba9</load_address>
         <run_address>0x9ba9</run_address>
         <size>0x7b9</size>
         <input_file_ref idref="fl-b"/>
      </object_component>
      <object_component id="oc-2a6">
         <name>.debug_info</name>
         <load_address>0xa362</load_address>
         <run_address>0xa362</run_address>
         <size>0x432</size>
         <input_file_ref idref="fl-b"/>
      </object_component>
      <object_component id="oc-17a">
         <name>.debug_info</name>
         <load_address>0xa794</load_address>
         <run_address>0xa794</run_address>
         <size>0x102</size>
         <input_file_ref idref="fl-b"/>
      </object_component>
      <object_component id="oc-17f">
         <name>.debug_info</name>
         <load_address>0xa896</load_address>
         <run_address>0xa896</run_address>
         <size>0x142</size>
         <input_file_ref idref="fl-b"/>
      </object_component>
      <object_component id="oc-184">
         <name>.debug_info</name>
         <load_address>0xa9d8</load_address>
         <run_address>0xa9d8</run_address>
         <size>0x285</size>
         <input_file_ref idref="fl-b"/>
      </object_component>
      <object_component id="oc-189">
         <name>.debug_info</name>
         <load_address>0xac5d</load_address>
         <run_address>0xac5d</run_address>
         <size>0x44a</size>
         <input_file_ref idref="fl-b"/>
      </object_component>
      <object_component id="oc-193">
         <name>.debug_info</name>
         <load_address>0xb0a7</load_address>
         <run_address>0xb0a7</run_address>
         <size>0x152</size>
         <input_file_ref idref="fl-b"/>
      </object_component>
      <object_component id="oc-2b2">
         <name>.debug_info</name>
         <load_address>0xb1f9</load_address>
         <run_address>0xb1f9</run_address>
         <size>0x1ba</size>
         <input_file_ref idref="fl-d"/>
      </object_component>
      <object_component id="oc-143">
         <name>.debug_info</name>
         <load_address>0xb3b3</load_address>
         <run_address>0xb3b3</run_address>
         <size>0x11a9</size>
         <input_file_ref idref="fl-d"/>
      </object_component>
      <object_component id="oc-4f">
         <name>.debug_info</name>
         <load_address>0xc55c</load_address>
         <run_address>0xc55c</run_address>
         <size>0x2ac</size>
         <input_file_ref idref="fl-d"/>
      </object_component>
      <object_component id="oc-2ad">
         <name>.debug_info</name>
         <load_address>0xc808</load_address>
         <run_address>0xc808</run_address>
         <size>0x168</size>
         <input_file_ref idref="fl-d"/>
      </object_component>
      <object_component id="oc-158">
         <name>.debug_info</name>
         <load_address>0xc970</load_address>
         <run_address>0xc970</run_address>
         <size>0x295</size>
         <input_file_ref idref="fl-10"/>
      </object_component>
      <object_component id="oc-c3">
         <name>.debug_info</name>
         <load_address>0xcc05</load_address>
         <run_address>0xcc05</run_address>
         <size>0x802</size>
         <input_file_ref idref="fl-10"/>
      </object_component>
      <object_component id="oc-2c5">
         <name>.debug_info</name>
         <load_address>0xd407</load_address>
         <run_address>0xd407</run_address>
         <size>0xadd</size>
         <input_file_ref idref="fl-10"/>
      </object_component>
      <object_component id="oc-15a">
         <name>.debug_info</name>
         <load_address>0xdee4</load_address>
         <run_address>0xdee4</run_address>
         <size>0x6eb</size>
         <input_file_ref idref="fl-10"/>
      </object_component>
      <object_component id="oc-29b">
         <name>.debug_info</name>
         <load_address>0xe5cf</load_address>
         <run_address>0xe5cf</run_address>
         <size>0x14d</size>
         <input_file_ref idref="fl-11"/>
      </object_component>
      <object_component id="oc-1ed">
         <name>.debug_info</name>
         <load_address>0xe71c</load_address>
         <run_address>0xe71c</run_address>
         <size>0x17a</size>
         <input_file_ref idref="fl-12"/>
      </object_component>
      <object_component id="oc-da">
         <name>.debug_info</name>
         <load_address>0xe896</load_address>
         <run_address>0xe896</run_address>
         <size>0x119f</size>
         <input_file_ref idref="fl-12"/>
      </object_component>
      <object_component id="oc-56">
         <name>.debug_info</name>
         <load_address>0xfa35</load_address>
         <run_address>0xfa35</run_address>
         <size>0x206</size>
         <input_file_ref idref="fl-12"/>
      </object_component>
      <object_component id="oc-a2">
         <name>.debug_info</name>
         <load_address>0xfc3b</load_address>
         <run_address>0xfc3b</run_address>
         <size>0x8b3</size>
         <input_file_ref idref="fl-14"/>
      </object_component>
      <object_component id="oc-5b">
         <name>.debug_info</name>
         <load_address>0x104ee</load_address>
         <run_address>0x104ee</run_address>
         <size>0x12b</size>
         <input_file_ref idref="fl-16"/>
      </object_component>
      <object_component id="oc-14c">
         <name>.debug_info</name>
         <load_address>0x10619</load_address>
         <run_address>0x10619</run_address>
         <size>0x4a4</size>
         <input_file_ref idref="fl-17"/>
      </object_component>
      <object_component id="oc-32d">
         <name>.debug_info</name>
         <load_address>0x10abd</load_address>
         <run_address>0x10abd</run_address>
         <size>0x170</size>
         <input_file_ref idref="fl-18"/>
      </object_component>
      <object_component id="oc-2f8">
         <name>.debug_info</name>
         <load_address>0x10c2d</load_address>
         <run_address>0x10c2d</run_address>
         <size>0x457</size>
         <input_file_ref idref="fl-18"/>
      </object_component>
      <object_component id="oc-62">
         <name>.debug_info</name>
         <load_address>0x11084</load_address>
         <run_address>0x11084</run_address>
         <size>0x16e</size>
         <input_file_ref idref="fl-19"/>
      </object_component>
      <object_component id="oc-c9">
         <name>.debug_info</name>
         <load_address>0x111f2</load_address>
         <run_address>0x111f2</run_address>
         <size>0x62a</size>
         <input_file_ref idref="fl-1c"/>
      </object_component>
      <object_component id="oc-2f">
         <name>.debug_info</name>
         <load_address>0x1181c</load_address>
         <run_address>0x1181c</run_address>
         <size>0x2a4</size>
         <input_file_ref idref="fl-1c"/>
      </object_component>
      <object_component id="oc-bf">
         <name>.debug_info</name>
         <load_address>0x11ac0</load_address>
         <run_address>0x11ac0</run_address>
         <size>0x1f8</size>
         <input_file_ref idref="fl-1c"/>
      </object_component>
      <object_component id="oc-166">
         <name>.debug_info</name>
         <load_address>0x11cb8</load_address>
         <run_address>0x11cb8</run_address>
         <size>0x306</size>
         <input_file_ref idref="fl-1c"/>
      </object_component>
      <object_component id="oc-16b">
         <name>.debug_info</name>
         <load_address>0x11fbe</load_address>
         <run_address>0x11fbe</run_address>
         <size>0x532</size>
         <input_file_ref idref="fl-1c"/>
      </object_component>
      <object_component id="oc-cc">
         <name>.debug_info</name>
         <load_address>0x124f0</load_address>
         <run_address>0x124f0</run_address>
         <size>0x7d0</size>
         <input_file_ref idref="fl-1c"/>
      </object_component>
      <object_component id="oc-170">
         <name>.debug_info</name>
         <load_address>0x12cc0</load_address>
         <run_address>0x12cc0</run_address>
         <size>0x15f</size>
         <input_file_ref idref="fl-1c"/>
      </object_component>
      <object_component id="oc-175">
         <name>.debug_info</name>
         <load_address>0x12e1f</load_address>
         <run_address>0x12e1f</run_address>
         <size>0x102</size>
         <input_file_ref idref="fl-1c"/>
      </object_component>
      <object_component id="oc-198">
         <name>.debug_info</name>
         <load_address>0x12f21</load_address>
         <run_address>0x12f21</run_address>
         <size>0x222</size>
         <input_file_ref idref="fl-1c"/>
      </object_component>
      <object_component id="oc-19d">
         <name>.debug_info</name>
         <load_address>0x13143</load_address>
         <run_address>0x13143</run_address>
         <size>0x49b</size>
         <input_file_ref idref="fl-1c"/>
      </object_component>
      <object_component id="oc-1a2">
         <name>.debug_info</name>
         <load_address>0x135de</load_address>
         <run_address>0x135de</run_address>
         <size>0xa26</size>
         <input_file_ref idref="fl-1c"/>
      </object_component>
      <object_component id="oc-1a7">
         <name>.debug_info</name>
         <load_address>0x14004</load_address>
         <run_address>0x14004</run_address>
         <size>0x1ca</size>
         <input_file_ref idref="fl-1c"/>
      </object_component>
      <object_component id="oc-1ac">
         <name>.debug_info</name>
         <load_address>0x141ce</load_address>
         <run_address>0x141ce</run_address>
         <size>0x285</size>
         <input_file_ref idref="fl-1c"/>
      </object_component>
      <object_component id="oc-1b1">
         <name>.debug_info</name>
         <load_address>0x14453</load_address>
         <run_address>0x14453</run_address>
         <size>0x3f6</size>
         <input_file_ref idref="fl-1c"/>
      </object_component>
      <object_component id="oc-1b6">
         <name>.debug_info</name>
         <load_address>0x14849</load_address>
         <run_address>0x14849</run_address>
         <size>0x1d1</size>
         <input_file_ref idref="fl-1c"/>
      </object_component>
      <object_component id="oc-1bb">
         <name>.debug_info</name>
         <load_address>0x14a1a</load_address>
         <run_address>0x14a1a</run_address>
         <size>0x1de</size>
         <input_file_ref idref="fl-1c"/>
      </object_component>
      <object_component id="oc-1c0">
         <name>.debug_info</name>
         <load_address>0x14bf8</load_address>
         <run_address>0x14bf8</run_address>
         <size>0x1b6</size>
         <input_file_ref idref="fl-1c"/>
      </object_component>
      <object_component id="oc-1c5">
         <name>.debug_info</name>
         <load_address>0x14dae</load_address>
         <run_address>0x14dae</run_address>
         <size>0x36d</size>
         <input_file_ref idref="fl-1c"/>
      </object_component>
      <object_component id="oc-1cf">
         <name>.debug_info</name>
         <load_address>0x1511b</load_address>
         <run_address>0x1511b</run_address>
         <size>0x1b6</size>
         <input_file_ref idref="fl-1c"/>
      </object_component>
      <object_component id="oc-e8">
         <name>.debug_info</name>
         <load_address>0x152d1</load_address>
         <run_address>0x152d1</run_address>
         <size>0x343</size>
         <input_file_ref idref="fl-1d"/>
      </object_component>
      <object_component id="oc-52">
         <name>.debug_info</name>
         <load_address>0x15614</load_address>
         <run_address>0x15614</run_address>
         <size>0x108</size>
         <input_file_ref idref="fl-1d"/>
      </object_component>
      <object_component id="oc-6b">
         <name>.debug_info</name>
         <load_address>0x1571c</load_address>
         <run_address>0x1571c</run_address>
         <size>0x4e0</size>
         <input_file_ref idref="fl-1d"/>
      </object_component>
      <object_component id="oc-66">
         <name>.debug_info</name>
         <load_address>0x15bfc</load_address>
         <run_address>0x15bfc</run_address>
         <size>0x22b</size>
         <input_file_ref idref="fl-1d"/>
      </object_component>
      <object_component id="oc-215">
         <name>.debug_info</name>
         <load_address>0x15e27</load_address>
         <run_address>0x15e27</run_address>
         <size>0x4f</size>
         <input_file_ref idref="fl-1d"/>
      </object_component>
      <object_component id="oc-2ab">
         <name>.debug_info</name>
         <load_address>0x15e76</load_address>
         <run_address>0x15e76</run_address>
         <size>0x2a6</size>
         <input_file_ref idref="fl-1e"/>
      </object_component>
      <object_component id="oc-13b">
         <name>.debug_info</name>
         <load_address>0x1611c</load_address>
         <run_address>0x1611c</run_address>
         <size>0x61d</size>
         <input_file_ref idref="fl-1e"/>
      </object_component>
      <object_component id="oc-1e4">
         <name>.debug_info</name>
         <load_address>0x16739</load_address>
         <run_address>0x16739</run_address>
         <size>0x20d</size>
         <input_file_ref idref="fl-1f"/>
      </object_component>
      <object_component id="oc-d3">
         <name>.debug_info</name>
         <load_address>0x16946</load_address>
         <run_address>0x16946</run_address>
         <size>0x281</size>
         <input_file_ref idref="fl-1f"/>
      </object_component>
      <object_component id="oc-83">
         <name>.debug_info</name>
         <load_address>0x16bc7</load_address>
         <run_address>0x16bc7</run_address>
         <size>0x84</size>
         <input_file_ref idref="fl-1f"/>
      </object_component>
      <object_component id="oc-138">
         <name>.debug_info</name>
         <load_address>0x16c4b</load_address>
         <run_address>0x16c4b</run_address>
         <size>0x570</size>
         <input_file_ref idref="fl-25"/>
      </object_component>
      <object_component id="oc-135">
         <name>.debug_info</name>
         <load_address>0x171bb</load_address>
         <run_address>0x171bb</run_address>
         <size>0x13e</size>
         <input_file_ref idref="fl-25"/>
      </object_component>
      <object_component id="oc-b7">
         <name>.debug_info</name>
         <load_address>0x172f9</load_address>
         <run_address>0x172f9</run_address>
         <size>0x2098</size>
         <input_file_ref idref="fl-25"/>
      </object_component>
      <object_component id="oc-104">
         <name>.debug_info</name>
         <load_address>0x19391</load_address>
         <run_address>0x19391</run_address>
         <size>0x7d0</size>
         <input_file_ref idref="fl-25"/>
      </object_component>
      <object_component id="oc-109">
         <name>.debug_info</name>
         <load_address>0x19b61</load_address>
         <run_address>0x19b61</run_address>
         <size>0xae</size>
         <input_file_ref idref="fl-25"/>
      </object_component>
      <object_component id="oc-27b">
         <name>.debug_info</name>
         <load_address>0x19c0f</load_address>
         <run_address>0x19c0f</run_address>
         <size>0x2c</size>
         <input_file_ref idref="fl-25"/>
      </object_component>
      <object_component id="oc-271">
         <name>.debug_info</name>
         <load_address>0x19c3b</load_address>
         <run_address>0x19c3b</run_address>
         <size>0x6f7</size>
         <input_file_ref idref="fl-25"/>
      </object_component>
      <object_component id="oc-12d">
         <name>.debug_info</name>
         <load_address>0x1a332</load_address>
         <run_address>0x1a332</run_address>
         <size>0x376</size>
         <input_file_ref idref="fl-26"/>
      </object_component>
      <object_component id="oc-12a">
         <name>.debug_info</name>
         <load_address>0x1a6a8</load_address>
         <run_address>0x1a6a8</run_address>
         <size>0x13c</size>
         <input_file_ref idref="fl-26"/>
      </object_component>
      <object_component id="oc-b1">
         <name>.debug_info</name>
         <load_address>0x1a7e4</load_address>
         <run_address>0x1a7e4</run_address>
         <size>0x814</size>
         <input_file_ref idref="fl-26"/>
      </object_component>
      <object_component id="oc-294">
         <name>.debug_info</name>
         <load_address>0x1aff8</load_address>
         <run_address>0x1aff8</run_address>
         <size>0x30e</size>
         <input_file_ref idref="fl-27"/>
      </object_component>
      <object_component id="oc-289">
         <name>.debug_info</name>
         <load_address>0x1b306</load_address>
         <run_address>0x1b306</run_address>
         <size>0x178</size>
         <input_file_ref idref="fl-27"/>
      </object_component>
      <object_component id="oc-28c">
         <name>.debug_info</name>
         <load_address>0x1b47e</load_address>
         <run_address>0x1b47e</run_address>
         <size>0x144</size>
         <input_file_ref idref="fl-27"/>
      </object_component>
      <object_component id="oc-131">
         <name>.debug_info</name>
         <load_address>0x1b5c2</load_address>
         <run_address>0x1b5c2</run_address>
         <size>0x262</size>
         <input_file_ref idref="fl-27"/>
      </object_component>
      <object_component id="oc-2ee">
         <name>.debug_info</name>
         <load_address>0x1b824</load_address>
         <run_address>0x1b824</run_address>
         <size>0xe1</size>
         <input_file_ref idref="fl-27"/>
      </object_component>
      <object_component id="oc-128">
         <name>.debug_info</name>
         <load_address>0x1b905</load_address>
         <run_address>0x1b905</run_address>
         <size>0x38b</size>
         <input_file_ref idref="fl-28"/>
      </object_component>
      <object_component id="oc-ad">
         <name>.debug_info</name>
         <load_address>0x1bc90</load_address>
         <run_address>0x1bc90</run_address>
         <size>0x6de</size>
         <input_file_ref idref="fl-28"/>
      </object_component>
      <object_component id="oc-101">
         <name>.debug_info</name>
         <load_address>0x1c36e</load_address>
         <run_address>0x1c36e</run_address>
         <size>0x39f</size>
         <input_file_ref idref="fl-29"/>
      </object_component>
      <object_component id="oc-fe">
         <name>.debug_info</name>
         <load_address>0x1c70d</load_address>
         <run_address>0x1c70d</run_address>
         <size>0x140</size>
         <input_file_ref idref="fl-29"/>
      </object_component>
      <object_component id="oc-77">
         <name>.debug_info</name>
         <load_address>0x1c84d</load_address>
         <run_address>0x1c84d</run_address>
         <size>0x6fb</size>
         <input_file_ref idref="fl-29"/>
      </object_component>
      <object_component id="oc-7a">
         <name>.debug_info</name>
         <load_address>0x1cf48</load_address>
         <run_address>0x1cf48</run_address>
         <size>0x359</size>
         <input_file_ref idref="fl-29"/>
      </object_component>
      <object_component id="oc-a7">
         <name>.debug_info</name>
         <load_address>0x1d2a1</load_address>
         <run_address>0x1d2a1</run_address>
         <size>0x5cb</size>
         <input_file_ref idref="fl-2a"/>
      </object_component>
      <object_component id="oc-114">
         <name>.debug_info</name>
         <load_address>0x1d86c</load_address>
         <run_address>0x1d86c</run_address>
         <size>0xc9</size>
         <input_file_ref idref="fl-e0"/>
      </object_component>
      <object_component id="oc-1d">
         <name>.debug_info</name>
         <load_address>0x1d935</load_address>
         <run_address>0x1d935</run_address>
         <size>0x215</size>
         <input_file_ref idref="fl-e0"/>
      </object_component>
      <object_component id="oc-7e">
         <name>.debug_info</name>
         <load_address>0x1db4a</load_address>
         <run_address>0x1db4a</run_address>
         <size>0x60</size>
         <input_file_ref idref="fl-e0"/>
      </object_component>
      <object_component id="oc-10f">
         <name>.debug_info</name>
         <load_address>0x1dbaa</load_address>
         <run_address>0x1dbaa</run_address>
         <size>0x46</size>
         <input_file_ref idref="fl-e0"/>
      </object_component>
      <object_component id="oc-93">
         <name>.debug_info</name>
         <load_address>0x1dbf0</load_address>
         <run_address>0x1dbf0</run_address>
         <size>0x10b</size>
         <input_file_ref idref="fl-e1"/>
      </object_component>
      <object_component id="oc-23">
         <name>.debug_info</name>
         <load_address>0x1dcfb</load_address>
         <run_address>0x1dcfb</run_address>
         <size>0x19a</size>
         <input_file_ref idref="fl-e1"/>
      </object_component>
      <object_component id="oc-8e">
         <name>.debug_info</name>
         <load_address>0x1de95</load_address>
         <run_address>0x1de95</run_address>
         <size>0x46</size>
         <input_file_ref idref="fl-e1"/>
      </object_component>
      <object_component id="oc-116">
         <name>.debug_info</name>
         <load_address>0x1dedb</load_address>
         <run_address>0x1dedb</run_address>
         <size>0x2c</size>
         <input_file_ref idref="fl-e1"/>
      </object_component>
      <object_component id="oc-9f">
         <name>.debug_info</name>
         <load_address>0x1df07</load_address>
         <run_address>0x1df07</run_address>
         <size>0xfa</size>
         <input_file_ref idref="fl-e2"/>
      </object_component>
      <object_component id="oc-29">
         <name>.debug_info</name>
         <load_address>0x1e001</load_address>
         <run_address>0x1e001</run_address>
         <size>0x165</size>
         <input_file_ref idref="fl-e2"/>
      </object_component>
      <object_component id="oc-9a">
         <name>.debug_info</name>
         <load_address>0x1e166</load_address>
         <run_address>0x1e166</run_address>
         <size>0x46</size>
         <input_file_ref idref="fl-e2"/>
      </object_component>
      <object_component id="oc-11e">
         <name>.debug_info</name>
         <load_address>0x1e1ac</load_address>
         <run_address>0x1e1ac</run_address>
         <size>0x2c</size>
         <input_file_ref idref="fl-e2"/>
      </object_component>
      <object_component id="oc-2bc">
         <name>.debug_info</name>
         <load_address>0x1e1d8</load_address>
         <run_address>0x1e1d8</run_address>
         <size>0x204</size>
         <input_file_ref idref="fl-e3"/>
      </object_component>
      <object_component id="oc-2b6">
         <name>.debug_info</name>
         <load_address>0x1e3dc</load_address>
         <run_address>0x1e3dc</run_address>
         <size>0x155</size>
         <input_file_ref idref="fl-e3"/>
      </object_component>
      <object_component id="oc-153">
         <name>.debug_info</name>
         <load_address>0x1e531</load_address>
         <run_address>0x1e531</run_address>
         <size>0x1e4</size>
         <input_file_ref idref="fl-e3"/>
      </object_component>
      <object_component id="oc-89">
         <name>.debug_info</name>
         <load_address>0x1e715</load_address>
         <run_address>0x1e715</run_address>
         <size>0x14c</size>
         <input_file_ref idref="fl-e4"/>
      </object_component>
      <object_component id="oc-96">
         <name>.debug_info</name>
         <load_address>0x1e861</load_address>
         <run_address>0x1e861</run_address>
         <size>0x114</size>
         <input_file_ref idref="fl-e5"/>
      </object_component>
      <object_component id="oc-30e">
         <name>.debug_info</name>
         <load_address>0x1e975</load_address>
         <run_address>0x1e975</run_address>
         <size>0xf4</size>
         <input_file_ref idref="fl-e6"/>
      </object_component>
      <object_component id="oc-2b9">
         <name>.debug_info</name>
         <load_address>0x1ea69</load_address>
         <run_address>0x1ea69</run_address>
         <size>0xe3</size>
         <input_file_ref idref="fl-e6"/>
      </object_component>
      <object_component id="oc-308">
         <name>.debug_info</name>
         <load_address>0x1eb4c</load_address>
         <run_address>0x1eb4c</run_address>
         <size>0x1ef</size>
         <input_file_ref idref="fl-e6"/>
      </object_component>
      <object_component id="oc-365">
         <name>.debug_info</name>
         <load_address>0x1ed3b</load_address>
         <run_address>0x1ed3b</run_address>
         <size>0xc6</size>
      </object_component>
      <object_component id="oc-ee">
         <name>.debug_line</name>
         <load_address>0x0</load_address>
         <run_address>0x0</run_address>
         <size>0x7e</size>
         <input_file_ref idref="fl-2"/>
      </object_component>
      <object_component id="oc-2dd">
         <name>.debug_line</name>
         <load_address>0x7e</load_address>
         <run_address>0x7e</run_address>
         <size>0x20</size>
         <input_file_ref idref="fl-3"/>
      </object_component>
      <object_component id="oc-323">
         <name>.debug_line</name>
         <load_address>0x9e</load_address>
         <run_address>0x9e</run_address>
         <size>0x5c</size>
         <input_file_ref idref="fl-3"/>
      </object_component>
      <object_component id="oc-325">
         <name>.debug_line</name>
         <load_address>0xfa</load_address>
         <run_address>0xfa</run_address>
         <size>0x5c</size>
         <input_file_ref idref="fl-3"/>
      </object_component>
      <object_component id="oc-21f">
         <name>.debug_line</name>
         <load_address>0x156</load_address>
         <run_address>0x156</run_address>
         <size>0xce</size>
         <input_file_ref idref="fl-3"/>
      </object_component>
      <object_component id="oc-1e1">
         <name>.debug_line</name>
         <load_address>0x224</load_address>
         <run_address>0x224</run_address>
         <size>0x20</size>
         <input_file_ref idref="fl-3"/>
      </object_component>
      <object_component id="oc-f6">
         <name>.debug_line</name>
         <load_address>0x244</load_address>
         <run_address>0x244</run_address>
         <size>0x8e</size>
         <input_file_ref idref="fl-3"/>
      </object_component>
      <object_component id="oc-1ea">
         <name>.debug_line</name>
         <load_address>0x2d2</load_address>
         <run_address>0x2d2</run_address>
         <size>0x65</size>
         <input_file_ref idref="fl-3"/>
      </object_component>
      <object_component id="oc-e2">
         <name>.debug_line</name>
         <load_address>0x337</load_address>
         <run_address>0x337</run_address>
         <size>0x93</size>
         <input_file_ref idref="fl-3"/>
      </object_component>
      <object_component id="oc-fb">
         <name>.debug_line</name>
         <load_address>0x3ca</load_address>
         <run_address>0x3ca</run_address>
         <size>0x91</size>
         <input_file_ref idref="fl-3"/>
      </object_component>
      <object_component id="oc-1dc">
         <name>.debug_line</name>
         <load_address>0x45b</load_address>
         <run_address>0x45b</run_address>
         <size>0x8e</size>
         <input_file_ref idref="fl-3"/>
      </object_component>
      <object_component id="oc-2e1">
         <name>.debug_line</name>
         <load_address>0x4e9</load_address>
         <run_address>0x4e9</run_address>
         <size>0x5c</size>
         <input_file_ref idref="fl-3"/>
      </object_component>
      <object_component id="oc-332">
         <name>.debug_line</name>
         <load_address>0x545</load_address>
         <run_address>0x545</run_address>
         <size>0xab</size>
         <input_file_ref idref="fl-4"/>
      </object_component>
      <object_component id="oc-2c3">
         <name>.debug_line</name>
         <load_address>0x5f0</load_address>
         <run_address>0x5f0</run_address>
         <size>0x8e</size>
         <input_file_ref idref="fl-4"/>
      </object_component>
      <object_component id="oc-336">
         <name>.debug_line</name>
         <load_address>0x67e</load_address>
         <run_address>0x67e</run_address>
         <size>0x8a</size>
         <input_file_ref idref="fl-4"/>
      </object_component>
      <object_component id="oc-1f4">
         <name>.debug_line</name>
         <load_address>0x708</load_address>
         <run_address>0x708</run_address>
         <size>0xee</size>
         <input_file_ref idref="fl-5"/>
      </object_component>
      <object_component id="oc-49">
         <name>.debug_line</name>
         <load_address>0x7f6</load_address>
         <run_address>0x7f6</run_address>
         <size>0x70</size>
         <input_file_ref idref="fl-5"/>
      </object_component>
      <object_component id="oc-44">
         <name>.debug_line</name>
         <load_address>0x866</load_address>
         <run_address>0x866</run_address>
         <size>0xd8</size>
         <input_file_ref idref="fl-5"/>
      </object_component>
      <object_component id="oc-1f8">
         <name>.debug_line</name>
         <load_address>0x93e</load_address>
         <run_address>0x93e</run_address>
         <size>0x8e</size>
         <input_file_ref idref="fl-5"/>
      </object_component>
      <object_component id="oc-164">
         <name>.debug_line</name>
         <load_address>0x9cc</load_address>
         <run_address>0x9cc</run_address>
         <size>0x91</size>
         <input_file_ref idref="fl-5"/>
      </object_component>
      <object_component id="oc-1fd">
         <name>.debug_line</name>
         <load_address>0xa5d</load_address>
         <run_address>0xa5d</run_address>
         <size>0x88</size>
         <input_file_ref idref="fl-5"/>
      </object_component>
      <object_component id="oc-202">
         <name>.debug_line</name>
         <load_address>0xae5</load_address>
         <run_address>0xae5</run_address>
         <size>0x84</size>
         <input_file_ref idref="fl-5"/>
      </object_component>
      <object_component id="oc-207">
         <name>.debug_line</name>
         <load_address>0xb69</load_address>
         <run_address>0xb69</run_address>
         <size>0x83</size>
         <input_file_ref idref="fl-5"/>
      </object_component>
      <object_component id="oc-1f1">
         <name>.debug_line</name>
         <load_address>0xbec</load_address>
         <run_address>0xbec</run_address>
         <size>0x8a</size>
         <input_file_ref idref="fl-5"/>
      </object_component>
      <object_component id="oc-191">
         <name>.debug_line</name>
         <load_address>0xc76</load_address>
         <run_address>0xc76</run_address>
         <size>0x8e</size>
         <input_file_ref idref="fl-5"/>
      </object_component>
      <object_component id="oc-20c">
         <name>.debug_line</name>
         <load_address>0xd04</load_address>
         <run_address>0xd04</run_address>
         <size>0x8e</size>
         <input_file_ref idref="fl-5"/>
      </object_component>
      <object_component id="oc-211">
         <name>.debug_line</name>
         <load_address>0xd92</load_address>
         <run_address>0xd92</run_address>
         <size>0x91</size>
         <input_file_ref idref="fl-5"/>
      </object_component>
      <object_component id="oc-1d7">
         <name>.debug_line</name>
         <load_address>0xe23</load_address>
         <run_address>0xe23</run_address>
         <size>0x91</size>
         <input_file_ref idref="fl-5"/>
      </object_component>
      <object_component id="oc-317">
         <name>.debug_line</name>
         <load_address>0xeb4</load_address>
         <run_address>0xeb4</run_address>
         <size>0x50</size>
         <input_file_ref idref="fl-6"/>
      </object_component>
      <object_component id="oc-229">
         <name>.debug_line</name>
         <load_address>0xf04</load_address>
         <run_address>0xf04</run_address>
         <size>0x6b</size>
         <input_file_ref idref="fl-6"/>
      </object_component>
      <object_component id="oc-22e">
         <name>.debug_line</name>
         <load_address>0xf6f</load_address>
         <run_address>0xf6f</run_address>
         <size>0x6e</size>
         <input_file_ref idref="fl-6"/>
      </object_component>
      <object_component id="oc-292">
         <name>.debug_line</name>
         <load_address>0xfdd</load_address>
         <run_address>0xfdd</run_address>
         <size>0x72</size>
         <input_file_ref idref="fl-6"/>
      </object_component>
      <object_component id="oc-233">
         <name>.debug_line</name>
         <load_address>0x104f</load_address>
         <run_address>0x104f</run_address>
         <size>0x6b</size>
         <input_file_ref idref="fl-6"/>
      </object_component>
      <object_component id="oc-2e6">
         <name>.debug_line</name>
         <load_address>0x10ba</load_address>
         <run_address>0x10ba</run_address>
         <size>0x70</size>
         <input_file_ref idref="fl-6"/>
      </object_component>
      <object_component id="oc-238">
         <name>.debug_line</name>
         <load_address>0x112a</load_address>
         <run_address>0x112a</run_address>
         <size>0x73</size>
         <input_file_ref idref="fl-6"/>
      </object_component>
      <object_component id="oc-31b">
         <name>.debug_line</name>
         <load_address>0x119d</load_address>
         <run_address>0x119d</run_address>
         <size>0x8e</size>
         <input_file_ref idref="fl-6"/>
      </object_component>
      <object_component id="oc-23d">
         <name>.debug_line</name>
         <load_address>0x122b</load_address>
         <run_address>0x122b</run_address>
         <size>0x73</size>
         <input_file_ref idref="fl-6"/>
      </object_component>
      <object_component id="oc-320">
         <name>.debug_line</name>
         <load_address>0x129e</load_address>
         <run_address>0x129e</run_address>
         <size>0x8e</size>
         <input_file_ref idref="fl-6"/>
      </object_component>
      <object_component id="oc-242">
         <name>.debug_line</name>
         <load_address>0x132c</load_address>
         <run_address>0x132c</run_address>
         <size>0x6b</size>
         <input_file_ref idref="fl-6"/>
      </object_component>
      <object_component id="oc-247">
         <name>.debug_line</name>
         <load_address>0x1397</load_address>
         <run_address>0x1397</run_address>
         <size>0x6b</size>
         <input_file_ref idref="fl-6"/>
      </object_component>
      <object_component id="oc-24c">
         <name>.debug_line</name>
         <load_address>0x1402</load_address>
         <run_address>0x1402</run_address>
         <size>0x6b</size>
         <input_file_ref idref="fl-6"/>
      </object_component>
      <object_component id="oc-251">
         <name>.debug_line</name>
         <load_address>0x146d</load_address>
         <run_address>0x146d</run_address>
         <size>0x6b</size>
         <input_file_ref idref="fl-6"/>
      </object_component>
      <object_component id="oc-256">
         <name>.debug_line</name>
         <load_address>0x14d8</load_address>
         <run_address>0x14d8</run_address>
         <size>0x6b</size>
         <input_file_ref idref="fl-6"/>
      </object_component>
      <object_component id="oc-25b">
         <name>.debug_line</name>
         <load_address>0x1543</load_address>
         <run_address>0x1543</run_address>
         <size>0x6d</size>
         <input_file_ref idref="fl-6"/>
      </object_component>
      <object_component id="oc-260">
         <name>.debug_line</name>
         <load_address>0x15b0</load_address>
         <run_address>0x15b0</run_address>
         <size>0x6b</size>
         <input_file_ref idref="fl-6"/>
      </object_component>
      <object_component id="oc-265">
         <name>.debug_line</name>
         <load_address>0x161b</load_address>
         <run_address>0x161b</run_address>
         <size>0x6e</size>
         <input_file_ref idref="fl-6"/>
      </object_component>
      <object_component id="oc-26a">
         <name>.debug_line</name>
         <load_address>0x1689</load_address>
         <run_address>0x1689</run_address>
         <size>0x6d</size>
         <input_file_ref idref="fl-6"/>
      </object_component>
      <object_component id="oc-26f">
         <name>.debug_line</name>
         <load_address>0x16f6</load_address>
         <run_address>0x16f6</run_address>
         <size>0x6b</size>
         <input_file_ref idref="fl-6"/>
      </object_component>
      <object_component id="oc-279">
         <name>.debug_line</name>
         <load_address>0x1761</load_address>
         <run_address>0x1761</run_address>
         <size>0x6b</size>
         <input_file_ref idref="fl-6"/>
      </object_component>
      <object_component id="oc-1cd">
         <name>.debug_line</name>
         <load_address>0x17cc</load_address>
         <run_address>0x17cc</run_address>
         <size>0x70</size>
         <input_file_ref idref="fl-6"/>
      </object_component>
      <object_component id="oc-339">
         <name>.debug_line</name>
         <load_address>0x183c</load_address>
         <run_address>0x183c</run_address>
         <size>0x8a</size>
         <input_file_ref idref="fl-8"/>
      </object_component>
      <object_component id="oc-2cd">
         <name>.debug_line</name>
         <load_address>0x18c6</load_address>
         <run_address>0x18c6</run_address>
         <size>0x8e</size>
         <input_file_ref idref="fl-8"/>
      </object_component>
      <object_component id="oc-327">
         <name>.debug_line</name>
         <load_address>0x1954</load_address>
         <run_address>0x1954</run_address>
         <size>0x20</size>
         <input_file_ref idref="fl-a"/>
      </object_component>
      <object_component id="oc-2a3">
         <name>.debug_line</name>
         <load_address>0x1974</load_address>
         <run_address>0x1974</run_address>
         <size>0x103</size>
         <input_file_ref idref="fl-a"/>
      </object_component>
      <object_component id="oc-300">
         <name>.debug_line</name>
         <load_address>0x1a77</load_address>
         <run_address>0x1a77</run_address>
         <size>0x8f</size>
         <input_file_ref idref="fl-a"/>
      </object_component>
      <object_component id="oc-32b">
         <name>.debug_line</name>
         <load_address>0x1b06</load_address>
         <run_address>0x1b06</run_address>
         <size>0x8b</size>
         <input_file_ref idref="fl-a"/>
      </object_component>
      <object_component id="oc-315">
         <name>.debug_line</name>
         <load_address>0x1b91</load_address>
         <run_address>0x1b91</run_address>
         <size>0x20</size>
         <input_file_ref idref="fl-b"/>
      </object_component>
      <object_component id="oc-149">
         <name>.debug_line</name>
         <load_address>0x1bb1</load_address>
         <run_address>0x1bb1</run_address>
         <size>0x1d1</size>
         <input_file_ref idref="fl-b"/>
      </object_component>
      <object_component id="oc-2a9">
         <name>.debug_line</name>
         <load_address>0x1d82</load_address>
         <run_address>0x1d82</run_address>
         <size>0x8d</size>
         <input_file_ref idref="fl-b"/>
      </object_component>
      <object_component id="oc-17d">
         <name>.debug_line</name>
         <load_address>0x1e0f</load_address>
         <run_address>0x1e0f</run_address>
         <size>0x90</size>
         <input_file_ref idref="fl-b"/>
      </object_component>
      <object_component id="oc-182">
         <name>.debug_line</name>
         <load_address>0x1e9f</load_address>
         <run_address>0x1e9f</run_address>
         <size>0x8e</size>
         <input_file_ref idref="fl-b"/>
      </object_component>
      <object_component id="oc-187">
         <name>.debug_line</name>
         <load_address>0x1f2d</load_address>
         <run_address>0x1f2d</run_address>
         <size>0x8e</size>
         <input_file_ref idref="fl-b"/>
      </object_component>
      <object_component id="oc-18c">
         <name>.debug_line</name>
         <load_address>0x1fbb</load_address>
         <run_address>0x1fbb</run_address>
         <size>0x90</size>
         <input_file_ref idref="fl-b"/>
      </object_component>
      <object_component id="oc-196">
         <name>.debug_line</name>
         <load_address>0x204b</load_address>
         <run_address>0x204b</run_address>
         <size>0x91</size>
         <input_file_ref idref="fl-b"/>
      </object_component>
      <object_component id="oc-303">
         <name>.debug_line</name>
         <load_address>0x20dc</load_address>
         <run_address>0x20dc</run_address>
         <size>0x8a</size>
         <input_file_ref idref="fl-d"/>
      </object_component>
      <object_component id="oc-141">
         <name>.debug_line</name>
         <load_address>0x2166</load_address>
         <run_address>0x2166</run_address>
         <size>0x35d</size>
         <input_file_ref idref="fl-d"/>
      </object_component>
      <object_component id="oc-4c">
         <name>.debug_line</name>
         <load_address>0x24c3</load_address>
         <run_address>0x24c3</run_address>
         <size>0xbf</size>
         <input_file_ref idref="fl-d"/>
      </object_component>
      <object_component id="oc-2b0">
         <name>.debug_line</name>
         <load_address>0x2582</load_address>
         <run_address>0x2582</run_address>
         <size>0x8a</size>
         <input_file_ref idref="fl-d"/>
      </object_component>
      <object_component id="oc-2bf">
         <name>.debug_line</name>
         <load_address>0x260c</load_address>
         <run_address>0x260c</run_address>
         <size>0x43</size>
         <input_file_ref idref="fl-10"/>
      </object_component>
      <object_component id="oc-c7">
         <name>.debug_line</name>
         <load_address>0x264f</load_address>
         <run_address>0x264f</run_address>
         <size>0x108</size>
         <input_file_ref idref="fl-10"/>
      </object_component>
      <object_component id="oc-2c8">
         <name>.debug_line</name>
         <load_address>0x2757</load_address>
         <run_address>0x2757</run_address>
         <size>0x8e</size>
         <input_file_ref idref="fl-10"/>
      </object_component>
      <object_component id="oc-15d">
         <name>.debug_line</name>
         <load_address>0x27e5</load_address>
         <run_address>0x27e5</run_address>
         <size>0x8e</size>
         <input_file_ref idref="fl-10"/>
      </object_component>
      <object_component id="oc-29e">
         <name>.debug_line</name>
         <load_address>0x2873</load_address>
         <run_address>0x2873</run_address>
         <size>0xe0</size>
         <input_file_ref idref="fl-11"/>
      </object_component>
      <object_component id="oc-2d4">
         <name>.debug_line</name>
[...]
      </symbol>
      <symbol id="sm-3c2">
         <name>_cacheDisable_</name>
         <value>0x4690</value>
         <object_component_ref idref="oc-a0"/>
      </symbol>
      <symbol id="sm-3c3">
         <name>_enable_IRQ_interrupt_</name>
         <value>0x4574</value>
         <object_component_ref idref="oc-a0"/>
      </symbol>
      <symbol id="sm-3c4">
         <name>__TI_PINIT_Limit</name>
         <value>0x46f0</value>
         <object_component_ref idref="oc-a0"/>
      </symbol>
      <symbol id="sm-3c5">
         <name>_coreGetAuxiliaryInstructionFault_</name>
         <value>0x4550</value>
         <object_component_ref idref="oc-a0"/>
      </symbol>
      <symbol id="sm-3c6">
         <name>_coreInitStackPointer_</name>
         <value>0x43f8</value>
         <object_component_ref idref="oc-a0"/>
      </symbol>
      <symbol id="sm-3c7">
         <name>_esmCcmErrorsClear_</name>
         <value>0x4584</value>
         <object_component_ref idref="oc-a0"/>
      </symbol>
      <symbol id="sm-3c8">
         <name>_gotoCPUIdle_</name>
         <value>0x444c</value>
         <object_component_ref idref="oc-a0"/>
      </symbol>
      <symbol id="sm-3c9">
         <name>_coreEnableIrqVicOffset_</name>
         <value>0x44ac</value>
         <object_component_ref idref="oc-a0"/>
      </symbol>
      <symbol id="sm-3ca">
         <name>_coreGetInstructionFault_</name>
         <value>0x44e0</value>
         <object_component_ref idref="oc-a0"/>
      </symbol>
      <symbol id="sm-3cb">
         <name>_cacheEnable_</name>
         <value>0x4660</value>
         <object_component_ref idref="oc-a0"/>
      </symbol>
      <symbol id="sm-3cc">
         <name>_coreEnableVfp_</name>
         <value>0x4464</value>
         <object_component_ref idref="oc-a0"/>
      </symbol>
      <symbol id="sm-3cd">
         <name>_coreClearAuxiliaryDataFault_</name>
         <value>0x453c</value>
         <object_component_ref idref="oc-a0"/>
      </symbol>
      <symbol id="sm-3ce">
         <name>_coreEnableEventBusExport_</name>
         <value>0x447c</value>
         <object_component_ref idref="oc-a0"/>
      </symbol>
      <symbol id="sm-3cf">
         <name>_checkMemInitOn_</name>
         <value>0x4640</value>
         <object_component_ref idref="oc-a0"/>
      </symbol>
      <symbol id="sm-3de">
         <name>resetEntry</name>
         <value>0x0</value>
         <object_component_ref idref="oc-5a"/>
      </symbol>
      <symbol id="sm-3f9">
         <name>_mpuSetRegionBaseAddress_</name>
         <value>0x4a4c</value>
         <object_component_ref idref="oc-14b"/>
      </symbol>
      <symbol id="sm-3fa">
         <name>_mpuInit_</name>
         <value>0x46f4</value>
         <object_component_ref idref="oc-14b"/>
      </symbol>
      <symbol id="sm-3fb">
         <name>_mpuSetRegionSizeRegister_</name>
         <value>0x4a80</value>
         <object_component_ref idref="oc-14b"/>
      </symbol>
      <symbol id="sm-3fc">
         <name>_mpuDisableBackgroundRegion_</name>
         <value>0x4a0c</value>
         <object_component_ref idref="oc-14b"/>
      </symbol>
      <symbol id="sm-3fd">
         <name>_mpuSetRegionTypeAndPermission_</name>
         <value>0x4a5c</value>
         <object_component_ref idref="oc-14b"/>
      </symbol>
      <symbol id="sm-3fe">
         <name>_mpuGetRegionPermission_</name>
         <value>0x4a74</value>
         <object_component_ref idref="oc-14b"/>
      </symbol>
      <symbol id="sm-3ff">
         <name>_mpuEnable_</name>
         <value>0x49b4</value>
         <object_component_ref idref="oc-14b"/>
      </symbol>
      <symbol id="sm-400">
         <name>_mpuGetNumberOfRegions_</name>
         <value>0x4a24</value>
         <object_component_ref idref="oc-14b"/>
      </symbol>
      <symbol id="sm-401">
         <name>_mpuAreRegionsSeparate_</name>
         <value>0x4a30</value>
         <object_component_ref idref="oc-14b"/>
      </symbol>
      <symbol id="sm-402">
         <name>_mpuEnableBackgroundRegion_</name>
         <value>0x49f4</value>
         <object_component_ref idref="oc-14b"/>
      </symbol>
      <symbol id="sm-403">
         <name>_mpuGetRegionType_</name>
         <value>0x4a68</value>
         <object_component_ref idref="oc-14b"/>
      </symbol>
      <symbol id="sm-404">
         <name>_mpuDisable_</name>
         <value>0x49d4</value>
         <object_component_ref idref="oc-14b"/>
      </symbol>
      <symbol id="sm-405">
         <name>_mpuGetRegionBaseAddress_</name>
         <value>0x4a54</value>
         <object_component_ref idref="oc-14b"/>
      </symbol>
      <symbol id="sm-406">
         <name>_mpuSetRegion_</name>
         <value>0x4a3c</value>
         <object_component_ref idref="oc-14b"/>
      </symbol>
      <symbol id="sm-407">
         <name>_mpuGetRegion_</name>
         <value>0x4a44</value>
         <object_component_ref idref="oc-14b"/>
      </symbol>
      <symbol id="sm-41a">
         <name>phantomInterrupt</name>
         <value>0x6db0</value>
         <object_component_ref idref="oc-5f"/>
      </symbol>
      <symbol id="sm-496">
         <name>resetReason</name>
         <value>0x8001a18</value>
      </symbol>
      <symbol id="sm-497">
         <name>afterSTC</name>
         <value>0x6d34</value>
         <object_component_ref idref="oc-bc"/>
      </symbol>
      <symbol id="sm-498">
         <name>_c_int00</name>
         <value>0x60ec</value>
         <object_component_ref idref="oc-2c"/>
      </symbol>
      <symbol id="sm-53c">
         <name>vimChannelMap</name>
         <value>0x2c18</value>
         <object_component_ref idref="oc-6a"/>
      </symbol>
      <symbol id="sm-53d">
         <name>vimInit</name>
         <value>0x2b44</value>
         <object_component_ref idref="oc-6a"/>
      </symbol>
      <symbol id="sm-53e">
         <name>vimEnableInterrupt</name>
         <value>0x2cbc</value>
         <object_component_ref idref="oc-6a"/>
      </symbol>
      <symbol id="sm-53f">
         <name>vimDisableInterrupt</name>
         <value>0x2e84</value>
         <object_component_ref idref="oc-6a"/>
      </symbol>
      <symbol id="sm-540">
         <name>vimGetConfigValue</name>
         <value>0x2f30</value>
         <object_component_ref idref="oc-6a"/>
      </symbol>
      <symbol id="sm-541">
         <name>vimECCErrorHandler</name>
         <value>0x4e04</value>
         <object_component_ref idref="oc-65"/>
      </symbol>
      <symbol id="sm-58f">
         <name>systemGetConfigValue</name>
         <value>0x267c</value>
         <object_component_ref idref="oc-139"/>
      </symbol>
      <symbol id="sm-590">
         <name>trimLPO</name>
         <value>0x2244</value>
         <object_component_ref idref="oc-139"/>
      </symbol>
      <symbol id="sm-591">
         <name>systemInit</name>
         <value>0x24ac</value>
         <object_component_ref idref="oc-139"/>
      </symbol>
      <symbol id="sm-592">
         <name>periphInit</name>
         <value>0x22cc</value>
         <object_component_ref idref="oc-139"/>
      </symbol>
      <symbol id="sm-593">
         <name>setupFlash</name>
         <value>0x228c</value>
         <object_component_ref idref="oc-139"/>
      </symbol>
      <symbol id="sm-594">
         <name>setupPLL</name>
         <value>0x21e4</value>
         <object_component_ref idref="oc-139"/>
      </symbol>
      <symbol id="sm-595">
         <name>getResetSource</name>
         <value>0x2554</value>
         <object_component_ref idref="oc-139"/>
      </symbol>
      <symbol id="sm-596">
         <name>mapClocks</name>
         <value>0x2380</value>
         <object_component_ref idref="oc-139"/>
      </symbol>
      <symbol id="sm-597">
         <name>systemPowerDown</name>
         <value>0x2524</value>
         <object_component_ref idref="oc-139"/>
      </symbol>
      <symbol id="sm-5ba">
         <name>ROLMBUS</name>
         <value>0x80019f4</value>
      </symbol>
      <symbol id="sm-5bb">
         <name>ROLMSDO</name>
         <value>0x64b4</value>
         <object_component_ref idref="oc-d1"/>
      </symbol>
      <symbol id="sm-5bc">
         <name>ROLMEDO</name>
         <value>0x64d0</value>
         <object_component_ref idref="oc-d1"/>
      </symbol>
      <symbol id="sm-5bd">
         <name>ROLMinit</name>
         <value>0x6438</value>
         <object_component_ref idref="oc-d1"/>
      </symbol>
      <symbol id="sm-5be">
         <name>ROLMRDI</name>
         <value>0x6510</value>
         <object_component_ref idref="oc-d1"/>
      </symbol>
      <symbol id="sm-5bf">
         <name>ROLMDDO</name>
         <value>0x64fc</value>
         <object_component_ref idref="oc-d1"/>
      </symbol>
      <symbol id="sm-6c4">
         <name>SL_SelfTest_EFuse</name>
         <value>0xb9c</value>
         <object_component_ref idref="oc-b6"/>
      </symbol>
      <symbol id="sm-6c5">
         <name>SL_SelfTest_Status_CCMR5F</name>
         <value>0x258</value>
         <object_component_ref idref="oc-b6"/>
      </symbol>
      <symbol id="sm-6c6">
         <name>SL_SelfTest_CAN</name>
         <value>0x1348</value>
         <object_component_ref idref="oc-b6"/>
      </symbol>
      <symbol id="sm-6c7">
         <name>SL_SelfTest_PBIST</name>
         <value>0x67c</value>
         <object_component_ref idref="oc-b6"/>
      </symbol>
      <symbol id="sm-6c8">
         <name>SL_SelfTest_STC</name>
         <value>0x378</value>
         <object_component_ref idref="oc-b6"/>
      </symbol>
      <symbol id="sm-6c9">
         <name>SL_SelfTest_CCMR5F</name>
         <value>0xff8</value>
         <object_component_ref idref="oc-b6"/>
      </symbol>
      <symbol id="sm-6ca">
         <name>sramEccTestBuff</name>
         <value>0x80019c0</value>
         <object_component_ref idref="oc-134"/>
      </symbol>
      <symbol id="sm-6cb">
         <name>SL_SelfTest_SRAM</name>
         <value>0x468</value>
         <object_component_ref idref="oc-b6"/>
      </symbol>
      <symbol id="sm-6cc">
         <name>SL_SelfTest_WaitCompletion_PBIST</name>
         <value>0x20</value>
         <object_component_ref idref="oc-b6"/>
      </symbol>
      <symbol id="sm-6cd">
         <name>SL_SelfTest_Status_EFuse</name>
         <value>0x1d0</value>
         <object_component_ref idref="oc-b6"/>
      </symbol>
      <symbol id="sm-6ce">
         <name>SL_SelfTest_PBIST_StopExec</name>
         <value>0xd4</value>
         <object_component_ref idref="oc-b6"/>
      </symbol>
      <symbol id="sm-6cf">
         <name>SL_SelfTest_Status_STC</name>
         <value>0x3c</value>
         <object_component_ref idref="oc-b6"/>
      </symbol>
      <symbol id="sm-6d0">
         <name>SL_SelfTest_Status_PBIST</name>
         <value>0xf8</value>
         <object_component_ref idref="oc-b6"/>
      </symbol>
      <symbol id="sm-6d1">
         <name>SL_SelfTest_MibSPI</name>
         <value>0x7c8</value>
         <object_component_ref idref="oc-b6"/>
      </symbol>
      <symbol id="sm-6d2">
         <name>SL_SelfTest_DMA</name>
         <value>0xcf4</value>
         <object_component_ref idref="oc-b6"/>
      </symbol>
      <symbol id="sm-6f5">
         <name>SL_FLAG_GET</name>
         <value>0x68c4</value>
         <object_component_ref idref="oc-b0"/>
      </symbol>
      <symbol id="sm-6f6">
         <name>_SL_HoldNClear_nError</name>
         <value>0x6868</value>
         <object_component_ref idref="oc-b0"/>
      </symbol>
      <symbol id="sm-6f7">
         <name>sl_priv_flag_set</name>
         <value>0x8001990</value>
         <object_component_ref idref="oc-129"/>
      </symbol>
      <symbol id="sm-6f8">
         <name>SL_FLAG_SET</name>
         <value>0x68a8</value>
         <object_component_ref idref="oc-b0"/>
      </symbol>
      <symbol id="sm-6f9">
         <name>SL_FLAG_CLEAR</name>
         <value>0x68d0</value>
         <object_component_ref idref="oc-b0"/>
      </symbol>
      <symbol id="sm-6fa">
         <name>_SL_Approximate_value</name>
         <value>0x6888</value>
         <object_component_ref idref="oc-b0"/>
      </symbol>
      <symbol id="sm-6fb">
         <name>_SL_SelfTest_SRAM_RAD</name>
         <value>0x67e4</value>
         <object_component_ref idref="oc-b0"/>
      </symbol>
      <symbol id="sm-71f">
         <name>SL_Log_Error</name>
         <value>0x6c7c</value>
         <object_component_ref idref="oc-12e"/>
      </symbol>
      <symbol id="sm-720">
         <name>_SL_Log_Error_Buffer</name>
         <value>0x8001800</value>
         <object_component_ref idref="oc-28b"/>
      </symbol>
      <symbol id="sm-721">
         <name>_SL_Log_Error_Index</name>
         <value>0x8001984</value>
         <object_component_ref idref="oc-288"/>
      </symbol>
      <symbol id="sm-73e">
         <name>SL_Init_ECCTCMRAM</name>
         <value>0x6688</value>
         <object_component_ref idref="oc-aa"/>
      </symbol>
      <symbol id="sm-73f">
         <name>SL_Init_Memory</name>
         <value>0x663c</value>
         <object_component_ref idref="oc-aa"/>
      </symbol>
      <symbol id="sm-740">
         <name>SL_Init_ResetReason_XInfo</name>
         <value>0x6578</value>
         <object_component_ref idref="oc-aa"/>
      </symbol>
      <symbol id="sm-741">
         <name>SL_Init_ResetReason</name>
         <value>0x6580</value>
         <object_component_ref idref="oc-aa"/>
      </symbol>
      <symbol id="sm-742">
         <name>SL_Init_ECCFlash</name>
         <value>0x6698</value>
         <object_component_ref idref="oc-aa"/>
      </symbol>
      <symbol id="sm-79a">
         <name>SL_ESM_Init</name>
         <value>0x4db8</value>
         <object_component_ref idref="oc-74"/>
      </symbol>
      <symbol id="sm-79b">
         <name>SL_ESM_nERROR_Active</name>
         <value>0x4da0</value>
         <object_component_ref idref="oc-74"/>
      </symbol>
      <symbol id="sm-7ad">
         <name>SL_Init_R5Registers</name>
         <value>0x5f60</value>
         <object_component_ref idref="oc-a5"/>
      </symbol>
      <symbol id="sm-7ae">
         <name>_SL_Disable_IRQ</name>
         <value>0x5f04</value>
         <object_component_ref idref="oc-a5"/>
      </symbol>
      <symbol id="sm-7af">
         <name>_SL_Get_DataFault_Status</name>
         <value>0x5f50</value>
         <object_component_ref idref="oc-a5"/>
      </symbol>
      <symbol id="sm-7b0">
         <name>_SL_Get_ARM_Mode</name>
         <value>0x5f44</value>
         <object_component_ref idref="oc-a5"/>
      </symbol>
      <symbol id="sm-7b1">
         <name>_SL_Barrier_Data_Access</name>
         <value>0x60e0</value>
         <object_component_ref idref="oc-a5"/>
      </symbol>
      <symbol id="sm-7b2">
         <name>_SL_Kickoff_STC_execution</name>
         <value>0x60d8</value>
         <object_component_ref idref="oc-a5"/>
      </symbol>
      <symbol id="sm-7b3">
         <name>_SL_Restore_IRQ</name>
         <value>0x5f24</value>
         <object_component_ref idref="oc-a5"/>
      </symbol>
      <symbol id="sm-7b4">
         <name>SL_Init_StackPointers</name>
         <value>0x6088</value>
         <object_component_ref idref="oc-a5"/>
      </symbol>
      <symbol id="sm-7b5">
         <name>_SL_Init_EnableEventExport</name>
         <value>0x5eec</value>
         <object_component_ref idref="oc-a5"/>
      </symbol>
      <symbol id="sm-7b6">
         <name>_SL_Get_DataFault_Address</name>
         <value>0x5f58</value>
         <object_component_ref idref="oc-a5"/>
      </symbol>
      <symbol id="sm-7d4">
         <name>__TI_decompress_lzss</name>
         <value>0x6ae0</value>
         <object_component_ref idref="oc-1a"/>
      </symbol>
      <symbol id="sm-7eb">
         <name>__TI_decompress_none</name>
         <value>0x6d8c</value>
         <object_component_ref idref="oc-20"/>
      </symbol>
      <symbol id="sm-802">
         <name>__TI_zero_init</name>
         <value>0x6da0</value>
         <object_component_ref idref="oc-26"/>
      </symbol>
      <symbol id="sm-823">
         <name>C$$EXIT</name>
         <value>0x6b70</value>
         <object_component_ref idref="oc-150"/>
      </symbol>
      <symbol id="sm-824">
         <name>abort</name>
         <value>0x6b78</value>
         <object_component_ref idref="oc-150"/>
      </symbol>
      <symbol id="sm-825">
         <name>exit</name>
         <value>0x6b84</value>
         <object_component_ref idref="oc-150"/>
      </symbol>
      <symbol id="sm-826">
         <name>__TI_dtors_ptr</name>
         <value>0x80019e4</value>
         <object_component_ref idref="oc-2b5"/>
      </symbol>
      <symbol id="sm-827">
         <name>__TI_cleanup_ptr</name>
         <value>0x80019e0</value>
         <object_component_ref idref="oc-2b5"/>
      </symbol>
      <symbol id="sm-828">
         <name>__TI_enable_exit_profile_output</name>
         <value>0x80019e8</value>
         <object_component_ref idref="oc-2b5"/>
      </symbol>
      <symbol id="sm-841">
         <name>memcpy</name>
         <value>0x62b8</value>
         <object_component_ref idref="oc-88"/>
      </symbol>
      <symbol id="sm-842">
         <name>__aeabi_memcpy</name>
         <value>0x62b8</value>
         <object_component_ref idref="oc-88"/>
      </symbol>
      <symbol id="sm-843">
         <name>__aeabi_memcpy8</name>
         <value>0x62b8</value>
         <object_component_ref idref="oc-88"/>
      </symbol>
      <symbol id="sm-844">
         <name>__aeabi_memcpy4</name>
         <value>0x62b8</value>
         <object_component_ref idref="oc-88"/>
      </symbol>
      <symbol id="sm-853">
         <name>__aeabi_memset</name>
         <value>0x68f8</value>
         <object_component_ref idref="oc-94"/>
      </symbol>
      <symbol id="sm-854">
         <name>memset</name>
         <value>0x6904</value>
         <object_component_ref idref="oc-94"/>
      </symbol>
      <symbol id="sm-855">
         <name>__aeabi_memset8</name>
         <value>0x68f8</value>
         <object_component_ref idref="oc-94"/>
      </symbol>
      <symbol id="sm-856">
         <name>__aeabi_memset4</name>
         <value>0x68f8</value>
         <object_component_ref idref="oc-94"/>
      </symbol>
      <symbol id="sm-857">
         <name>__aeabi_memclr8</name>
         <value>0x68f4</value>
         <object_component_ref idref="oc-94"/>
      </symbol>
      <symbol id="sm-858">
         <name>__aeabi_memclr4</name>
         <value>0x68f4</value>
         <object_component_ref idref="oc-94"/>
      </symbol>
      <symbol id="sm-859">
         <name>__aeabi_memclr</name>
         <value>0x68f4</value>
         <object_component_ref idref="oc-94"/>
      </symbol>
      <symbol id="sm-873">
         <name>_nop</name>
         <value>0x6d80</value>
         <object_component_ref idref="oc-306"/>
      </symbol>
      <symbol id="sm-874">
         <name>_lock</name>
         <value>0x80019b8</value>
         <object_component_ref idref="oc-2b8"/>
      </symbol>
      <symbol id="sm-875">
         <name>_unlock</name>
         <value>0x80019bc</value>
         <object_component_ref idref="oc-2b8"/>
      </symbol>
      <symbol id="sm-876">
         <name>_register_lock</name>
         <value>0x6d74</value>
         <object_component_ref idref="oc-306"/>
      </symbol>
      <symbol id="sm-877">
         <name>_register_unlock</name>
         <value>0x6d68</value>
         <object_component_ref idref="oc-306"/>
      </symbol>
      <symbol id="sm-878">
         <name>__TI_static_base__</name>
         <value>0x0</value>
      </symbol>
      <symbol id="sm-87f">
         <name>SHT$$INIT_ARRAY$$Base</name>
         <value>0x0</value>
      </symbol>
      <symbol id="sm-880">
         <name>SHT$$INIT_ARRAY$$Limit</name>
         <value>0x0</value>
      </symbol>
   </symbol_table>
   <title>Link successful</title>
</link_info>
