******************************************************************************
                  TI ARM Linker PC v16.9.0                     
******************************************************************************
>> Linked Mon Feb 13 21:22:37 2017

OUTPUT FILE NAME:   <Project1_LAUNCHXL2_RM57L.out>
ENTRY POINT SYMBOL: "_c_int00"  address: 000055c0


MEMORY CONFIGURATION

         name            origin    length      used     unused   attr    fill
----------------------  --------  ---------  --------  --------  ----  --------
  VECTORS               00000000   00000020  00000020  00000000     X (ffffffff)
  FLASH0                00000020   001fffe0  00006288  001f9d58  R  X (ffffffff)
  FLASH1                00200000   00200000  00000000  00200000  R  X (ffffffff)
  STACKS                08000000   00001800  00001800  00000000  RW  
  RAM                   08001800   0007e800  000001ed  0007e613  RW  
  ECC_VEC               f0400000   00000004  00000004  00000000  R   
  ECC_FLA0              f0400004   0003fffc  0003fffc  00000000  R   
  ECC_FLA1              f0440000   00040000  00040000  00000000  R   


SEGMENT ALLOCATION MAP

run origin  load origin   length   init length attrs members
----------  ----------- ---------- ----------- ----- -------
00000000    00000000    000062a8   000062a8    r-x
  00000000    00000000    00000020   00000020    r-x .intvecs
  00000020    00000020    00006038   00006038    r-x .text
  00006058    00006058    00000200   00000200    r-- .const
  00006258    00006258    00000050   00000050    r-- .cinit
08000000    08000000    00001800   00000000    r--
  08000000    08000000    00000400   00000000    r-- .STACK_DATA_abt
  08000400    08000400    00000400   00000000    r-- .STACK_DATA_fiq
  08000800    08000800    00000400   00000000    r-- .STACK_DATA_irq
  08000c00    08000c00    00000400   00000000    r-- .STACK_DATA_svc
  08001000    08001000    00000400   00000000    r-- .STACK_DATA_sys
  08001400    08001400    00000400   00000000    r-- .STACK_DATA_und
08001800    08001800    000001f0   00000000    rw-
  08001800    08001800    00000188   00000000    rw- LOG_DATA
  08001988    08001988    00000005   00000000    rw- .bss
  08001990    08001990    00000060   00000000    rw- .data
f0400000    f0400000    00080000   00080000    r--
  f0400000    f0400000    00000004   00000004    r-- .ecc0
  f0400004    f0400004    0003fffc   0003fffc    r-- .ecc1
  f0440000    f0440000    00040000   00040000    r-- .ecc2


SECTION ALLOCATION MAP

 output                                  attributes/
section   page    origin      length       input sections
--------  ----  ----------  ----------   ----------------
.intvecs   0    00000000    00000020     
                  00000000    00000020     HL_sys_intvecs.obj (.intvecs)

.text      0    00000020    00006038     
                  00000020    00001810     SafeTILib_RM57L_LE.lib : sl_selftest.obj (.text)
                  00001830    000009b4     HL_pinmux.obj (.text)
                  000021e4    00000980     HL_system.obj (.text)
                  00002b64    00000940     HL_sys_vim.obj (.text)
                  000034a4    000007d0     HL_esm.obj (.text)
                  00003c74    00000408     HL_sys_core.obj (.text)
                  0000407c    00000394     HL_sys_mpu.obj (.text)
                  00004410    0000037c     SafeTILib_RM57L_LE.lib : sl_esm.obj (.text)
                  0000478c    0000034c     HL_sys_vim.obj (.text:retain)
                  00004ad8    00000334     HL_epc.obj (.text)
                  00004e0c    00000300     app_main_NoOS.obj (.text)
                  0000510c    000002b4     HL_esm.obj (.text:retain)
                  000053c0    00000200     SafeTILib_RM57L_LE.lib : sl_asm_api.obj (.text)
                  000055c0    000001cc     HL_sys_startup.obj (.text:retain)
                  0000578c    00000180     rtsv7R4_A_le_v3D16_eabi.lib : memcpy32.obj (.text)
                  0000590c    00000138     SafeTILib_RM57L_LE.lib : sl_init.obj (.text)
                  00005a44    00000134                            : sl_esm.obj (.text:retain)
                  00005b78    00000110                            : sl_priv.obj (.text)
                  00005c88    000000b0     rtsv7R4_A_le_v3D16_eabi.lib : memset32.obj (.text)
                  00005d38    0000009c     HL_notification.obj (.text)
                  00005dd4    00000090     rtsv7R4_A_le_v3D16_eabi.lib : copy_decompress_lzss.obj (.text:decompress:lzss)
                  00005e64    00000090                                 : exit.obj (.text)
                  00005ef4    00000084     HL_rti.obj (.text:retain)
                  00005f78    00000060     SafeTILib_RM57L_LE.lib : sl_log.obj (.text)
                  00005fd8    00000034     HL_sys_startup.obj (.text)
                  0000600c    00000024     rtsv7R4_A_le_v3D16_eabi.lib : _lock.obj (.text)
                  00006030    00000014                                 : copy_decompress_none.obj (.text:decompress:none)
                  00006044    00000010                                 : copy_zero_init.obj (.text:decompress:ZI)
                  00006054    00000004     HL_sys_phantom.obj (.text:retain)

.const     0    00006058    00000200     
                  00006058    00000200     HL_sys_vim.obj (.const:s_vim_init)

.cinit     0    00006258    00000050     
                  00006258    00000013     (.cinit..data.load) [load image, compression = lzss]
                  0000626b    0000000f     (.cinit.LOG_DATA.load) [load image, compression = lzss]
                  0000627a    00000002     --HOLE-- [fill = 0]
                  0000627c    0000000c     (__TI_handler_table)
                  00006288    00000008     (.cinit..bss.load) [load image, compression = zero_init]
                  00006290    00000018     (__TI_cinit_table)

.STACK_DATA_abt 
*          0    08000000    00000400     UNINITIALIZED
                  08000000    00000400     --HOLE--

.STACK_DATA_fiq 
*          0    08000400    00000400     UNINITIALIZED
                  08000400    00000400     --HOLE--

.STACK_DATA_irq 
*          0    08000800    00000400     UNINITIALIZED
                  08000800    00000400     --HOLE--

.STACK_DATA_svc 
*          0    08000c00    00000400     UNINITIALIZED
                  08000c00    00000400     --HOLE--

.STACK_DATA_sys 
*          0    08001000    00000400     UNINITIALIZED
                  08001000    00000400     --HOLE--

.STACK_DATA_und 
*          0    08001400    00000400     UNINITIALIZED
                  08001400    00000400     --HOLE--

LOG_DATA   0    08001800    00000188     UNINITIALIZED
                  08001800    00000180     SafeTILib_RM57L_LE.lib : sl_log.obj (LOG_DATA:uninit)
                  08001980    00000008                            : sl_log.obj (LOG_DATA:init)

.sl_stflash_SRAM 
*          0    08001800    00000000     UNINITIALIZED

.bss       0    08001988    00000005     UNINITIALIZED
                  08001988    00000004     (.common:ESM_AppCallback)
                  0800198c    00000001     (.common:resetReason)

.data      0    08001990    00000060     UNINITIALIZED
                  08001990    00000026     SafeTILib_RM57L_LE.lib : sl_priv.obj (.data:sl_priv_flag_set)
                  080019b6    00000002     --HOLE--
                  080019b8    00000008     rtsv7R4_A_le_v3D16_eabi.lib : _lock.obj (.data:$O1$$)
                  080019c0    00000020     SafeTILib_RM57L_LE.lib : sl_selftest.obj (.data)
                  080019e0    0000000c     rtsv7R4_A_le_v3D16_eabi.lib : exit.obj (.data:$O1$$)
                  080019ec    00000004     SafeTILib_RM57L_LE.lib : sl_esm.obj (.data)

.ecc0      0    f0400000    00000004     
                  f0400000    00000004     (.ecc0)

.ecc1      0    f0400004    0003fffc     
                  f0400004    0003fffc     (.ecc1)

.ecc2      0    f0440000    00040000     
                  f0440000    00040000     (.ecc2)

MODULE SUMMARY

       Module                     code    ro data   rw data
       ------                     ----    -------   -------
    .\demoapp\source\
       app_main_NoOS.obj          768     0         0      
    +--+--------------------------+-------+---------+---------+
       Total:                     768     0         0      
                                                           
    .\hcg\source\
       HL_sys_vim.obj             3212    512       0      
       HL_esm.obj                 2692    0         0      
       HL_pinmux.obj              2484    0         0      
       HL_system.obj              2432    0         0      
       HL_sys_core.obj            1032    0         0      
       HL_sys_mpu.obj             916     0         0      
       HL_epc.obj                 820     0         0      
       HL_sys_startup.obj         512     0         1      
       HL_notification.obj        156     0         0      
       HL_rti.obj                 132     0         0      
       HL_sys_intvecs.obj         32      0         0      
       HL_sys_phantom.obj         4       0         0      
    +--+--------------------------+-------+---------+---------+
       Total:                     14424   512       1      
                                                           
    C:/ti/Hercules/SafeTI Diagnostic Library/2.2.0/libs/SafeTILib_RM57L_LE.lib
       sl_selftest.obj            6160    0         32     
       sl_esm.obj                 1200    0         8      
       sl_asm_api.obj             512     0         0      
       sl_log.obj                 96      0         392    
       sl_init.obj                312     0         0      
       sl_priv.obj                272     0         38     
    +--+--------------------------+-------+---------+---------+
       Total:                     8552    0         470    
                                                           
    C:\ti\ccsv7\tools\compiler\ti-cgt-arm_16.9.0.LTS\lib\rtsv7R4_A_le_v3D16_eabi.lib
       memcpy32.obj               384     0         0      
       memset32.obj               176     0         0      
       exit.obj                   144     0         12     
       copy_decompress_lzss.obj   144     0         0      
       _lock.obj                  36      0         8      
       copy_decompress_none.obj   20      0         0      
       copy_zero_init.obj         16      0         0      
    +--+--------------------------+-------+---------+---------+
       Total:                     920     0         20     
                                                           
       Linker Generated:          0       524366    0      
    +--+--------------------------+-------+---------+---------+
       Grand Total:               24664   524878    491    


LINKER GENERATED COPY TABLES

__TI_cinit_table @ 00006290 records: 3, size/record: 8, table size: 24
	.data: load addr=00006258, load size=00000013 bytes, run addr=08001990, run size=00000060 bytes, compression=lzss
	LOG_DATA: load addr=0000626b, load size=0000000f bytes, run addr=08001800, run size=00000188 bytes, compression=lzss
	.bss: load addr=00006288, load size=00000008 bytes, run addr=08001988, run size=00000005 bytes, compression=zero_init


LINKER GENERATED HANDLER TABLE

__TI_handler_table @ 0000627c records: 3, size/record: 4, table size: 12
	index: 0, handler: __TI_zero_init
	index: 1, handler: __TI_decompress_lzss
	index: 2, handler: __TI_decompress_none


GLOBAL SYMBOLS: SORTED ALPHABETICALLY BY Name 

address   name                                
-------   ----                                
00005e64  C$$EXIT                             
UNDEFED   SHT$$INIT_ARRAY$$Base               
UNDEFED   SHT$$INIT_ARRAY$$Limit              
00004740  SL_ESM_Init                         
00004728  SL_ESM_nERROR_Active                
00005c64  SL_FLAG_CLEAR                       
00005c58  SL_FLAG_GET                         
00005c3c  SL_FLAG_SET                         
00005a2c  SL_Init_ECCFlash                    
00005a1c  SL_Init_ECCTCMRAM                   
000059d0  SL_Init_Memory                      
00005434  SL_Init_R5Registers                 
00005914  SL_Init_ResetReason                 
0000590c  SL_Init_ResetReason_XInfo           
0000555c  SL_Init_StackPointers               
00005f78  SL_Log_Error                        
00001348  SL_SelfTest_CAN                     
00000ff8  SL_SelfTest_CCMR5F                  
00000cf4  SL_SelfTest_DMA                     
00000b9c  SL_SelfTest_EFuse                   
000007c8  SL_SelfTest_MibSPI                  
0000067c  SL_SelfTest_PBIST                   
000000d4  SL_SelfTest_PBIST_StopExec          
00000468  SL_SelfTest_SRAM                    
00000378  SL_SelfTest_STC                     
00000258  SL_SelfTest_Status_CCMR5F           
000001d0  SL_SelfTest_Status_EFuse            
000000f8  SL_SelfTest_Status_PBIST            
0000003c  SL_SelfTest_Status_STC              
00000020  SL_SelfTest_WaitCompletion_PBIST    
08000000  StackModeABT                        
08000400  StackModeFIQ                        
08000800  StackModeIRQ                        
08000c00  StackModeSVC                        
08001000  StackModeSYS                        
08001400  StackModeUND                        
00005c1c  _SL_Approximate_value               
000055b4  _SL_Barrier_Data_Access             
000053d8  _SL_Disable_IRQ                     
00005418  _SL_Get_ARM_Mode                    
0000542c  _SL_Get_DataFault_Address           
00005424  _SL_Get_DataFault_Status            
00005bfc  _SL_HoldNClear_nError               
000053c0  _SL_Init_EnableEventExport          
000055ac  _SL_Kickoff_STC_execution           
08001800  _SL_Log_Error_Buffer                
08001984  _SL_Log_Error_Index                 
000053f8  _SL_Restore_IRQ                     
00005b78  _SL_SelfTest_SRAM_RAD               
00006290  __TI_CINIT_Base                     
000062a8  __TI_CINIT_Limit                    
0000627c  __TI_Handler_Table_Base             
00006288  __TI_Handler_Table_Limit            
00004074  __TI_PINIT_Base                     
00004078  __TI_PINIT_Limit                    
080019e0  __TI_cleanup_ptr                    
00005dd4  __TI_decompress_lzss                
00006030  __TI_decompress_none                
080019e4  __TI_dtors_ptr                      
080019e8  __TI_enable_exit_profile_output     
ffffffff  __TI_pprof_out_hndl                 
ffffffff  __TI_prof_data_size                 
ffffffff  __TI_prof_data_start                
00000000  __TI_static_base__                  
00006044  __TI_zero_init                      
00005c88  __aeabi_memclr                      
00005c88  __aeabi_memclr4                     
00005c88  __aeabi_memclr8                     
0000578c  __aeabi_memcpy                      
0000578c  __aeabi_memcpy4                     
0000578c  __aeabi_memcpy8                     
00005c8c  __aeabi_memset                      
00005c8c  __aeabi_memset4                     
00005c8c  __aeabi_memset8                     
ffffffff  __binit__                           
ffffffff  __c_args__                          
000055c0  _c_int00                            
00004018  _cacheDisable_                      
00003fe8  _cacheEnable_                       
00003fc8  _checkMemInitOn_                    
00003ec4  _coreClearAuxiliaryDataFault_       
00003ee0  _coreClearAuxiliaryInstructionFault_
00003e8c  _coreClearDataFaultAddress_         
00003e54  _coreClearDataFault_                
00003ea8  _coreClearInstructionFaultAddress_  
00003e70  _coreClearInstructionFault_         
00003e1c  _coreDisableEventBusExport_         
00003e04  _coreEnableEventBusExport_          
00003e34  _coreEnableIrqVicOffset_            
00003dec  _coreEnableVfp_                     
00003ebc  _coreGetAuxiliaryDataFault_         
00003ed8  _coreGetAuxiliaryInstructionFault_  
00003e84  _coreGetDataFaultAddress_           
00003e4c  _coreGetDataFault_                  
00003ea0  _coreGetInstructionFaultAddress_    
00003e68  _coreGetInstructionFault_           
00003c74  _coreInitRegisters_                 
00003d80  _coreInitStackPointer_              
0000403c  _dCacheInvalidate_                  
00003ef4  _disable_IRQ_interrupt_             
00003efc  _enable_IRQ_interrupt_              
00003f04  _enable_interrupt_                  
00003f0c  _esmCcmErrorsClear_                 
00003dcc  _getCPSRValue_                      
00003dd4  _gotoCPUIdle_                       
00004058  _iCacheInvalidate_                  
080019b8  _lock                               
00003f94  _memInit_                           
000043b8  _mpuAreRegionsSeparate_             
00004394  _mpuDisableBackgroundRegion_        
0000435c  _mpuDisable_                        
0000437c  _mpuEnableBackgroundRegion_         
0000433c  _mpuEnable_                         
000043ac  _mpuGetNumberOfRegions_             
000043dc  _mpuGetRegionBaseAddress_           
000043fc  _mpuGetRegionPermission_            
000043f0  _mpuGetRegionType_                  
000043cc  _mpuGetRegion_                      
0000407c  _mpuInit_                           
000043d4  _mpuSetRegionBaseAddress_           
00004408  _mpuSetRegionSizeRegister_          
000043e4  _mpuSetRegionTypeAndPermission_     
000043c4  _mpuSetRegion_                      
00006024  _nop                                
00006018  _register_lock                      
0000600c  _register_unlock                    
080019bc  _unlock                             
00005e6c  abort                               
00005d84  adcNotification                     
00005fd8  afterSTC                            
ffffffff  binit                               
00005d70  dmaGroupANotification               
00004ce4  epcAddCAMEEntry                     
00005dc0  epcCAMFullNotification              
00004ba8  epcCAMInit                          
00004d78  epcCheckCAMEntry                    
00004bf0  epcDiagnosticTest                   
00004af4  epcDisableIP1ErrorGen               
00004b2c  epcDisableIP2ErrorGen               
00004b94  epcDisableInterrupt                 
00004b64  epcDisableSERREvent                 
00004ad8  epcEnableIP1ErrorGen                
00004b10  epcEnableIP2ErrorGen                
00004b80  epcEnableInterrupt                  
00004b48  epcEnableSERREvent                  
00005dc4  epcFIFOFullNotification             
000036ec  esmActivateNormalOperation          
00003848  esmClearStatus                      
000038a4  esmClearStatusBuffer                
00003880  esmClearStatusUpper                 
00003694  esmDisableError                     
000036c0  esmDisableErrorUpper                
00003744  esmDisableInterrupt                 
00003770  esmDisableInterruptUpper            
0000364c  esmEnableError                      
00003678  esmEnableErrorUpper                 
000036fc  esmEnableInterrupt                  
00003728  esmEnableInterruptUpper             
000039bc  esmEnterSelfTest                    
00003630  esmError                            
00003a94  esmGetConfigValue                   
000038e0  esmGetStatus                        
00003994  esmGetStatusBuffer                  
0000394c  esmGetStatusUpper                   
00005d38  esmGroup1Notification               
00005d4c  esmGroup2Notification               
00005d60  esmGroup3Notification               
0000510c  esmHighInterrupt                    
000034a4  esmInit                             
00005278  esmLowInterrupt                     
00003a44  esmSelfTestStatus                   
000038c0  esmSetCounterPreloadValue           
0000378c  esmSetInterruptLevel                
00003808  esmSetInterruptLevelUpper           
000036dc  esmTriggerErrorPinReset             
00005e78  exit                                
00002550  getResetSource                      
00005d98  gioNotification                     
00004e0c  main                                
00002380  mapClocks                           
0000578c  memcpy                              
00005c98  memset                              
00001830  muxInit                             
000022cc  periphInit                          
00006054  phantomInterrupt                    
00000000  resetEntry                          
0800198c  resetReason                         
00005ef4  rtiCompare0Interrupt                
00005f14  rtiCompare1Interrupt                
00005f34  rtiCompare2Interrupt                
00005f54  rtiCompare3Interrupt                
00005dac  sciNotification                     
0000228c  setupFlash                          
000021e4  setupPLL                            
08001990  sl_priv_flag_set                    
080019c0  sramEccTestBuff                     
0000269c  systemGetConfigValue                
000024ac  systemInit                          
00002520  systemPowerDown                     
00002244  trimLPO                             
08001800  ulHighHandlerEndAddr                
08001800  ulHighHandlerLoadEnd                
08001800  ulHighHandlerLoadStart              
00000000  ulHighHandlerSize                   
08001800  ulHighHandlerStartAddr              
08001988  ulLOGEndAddr                        
08001800  ulLOGStartAddr                      
00002c38  vimChannelMap                       
00002ea4  vimDisableInterrupt                 
0000478c  vimECCErrorHandler                  
00002cdc  vimEnableInterrupt                  
00002f50  vimGetConfigValue                   
00002b64  vimInit                             


GLOBAL SYMBOLS: SORTED BY Symbol Address 

address   name                                
-------   ----                                
00000000  __TI_static_base__                  
00000000  resetEntry                          
00000000  ulHighHandlerSize                   
00000020  SL_SelfTest_WaitCompletion_PBIST    
0000003c  SL_SelfTest_Status_STC              
000000d4  SL_SelfTest_PBIST_StopExec          
000000f8  SL_SelfTest_Status_PBIST            
000001d0  SL_SelfTest_Status_EFuse            
00000258  SL_SelfTest_Status_CCMR5F           
00000378  SL_SelfTest_STC                     
00000468  SL_SelfTest_SRAM                    
0000067c  SL_SelfTest_PBIST                   
000007c8  SL_SelfTest_MibSPI                  
00000b9c  SL_SelfTest_EFuse                   
00000cf4  SL_SelfTest_DMA                     
00000ff8  SL_SelfTest_CCMR5F                  
00001348  SL_SelfTest_CAN                     
00001830  muxInit                             
000021e4  setupPLL                            
00002244  trimLPO                             
0000228c  setupFlash                          
000022cc  periphInit                          
00002380  mapClocks                           
000024ac  systemInit                          
00002520  systemPowerDown                     
00002550  getResetSource                      
0000269c  systemGetConfigValue                
00002b64  vimInit                             
00002c38  vimChannelMap                       
00002cdc  vimEnableInterrupt                  
00002ea4  vimDisableInterrupt                 
00002f50  vimGetConfigValue                   
000034a4  esmInit                             
00003630  esmError                            
0000364c  esmEnableError                      
00003678  esmEnableErrorUpper                 
00003694  esmDisableError                     
000036c0  esmDisableErrorUpper                
000036dc  esmTriggerErrorPinReset             
000036ec  esmActivateNormalOperation          
000036fc  esmEnableInterrupt                  
00003728  esmEnableInterruptUpper             
00003744  esmDisableInterrupt                 
00003770  esmDisableInterruptUpper            
0000378c  esmSetInterruptLevel                
00003808  esmSetInterruptLevelUpper           
00003848  esmClearStatus                      
00003880  esmClearStatusUpper                 
000038a4  esmClearStatusBuffer                
000038c0  esmSetCounterPreloadValue           
000038e0  esmGetStatus                        
0000394c  esmGetStatusUpper                   
00003994  esmGetStatusBuffer                  
000039bc  esmEnterSelfTest                    
00003a44  esmSelfTestStatus                   
00003a94  esmGetConfigValue                   
00003c74  _coreInitRegisters_                 
00003d80  _coreInitStackPointer_              
00003dcc  _getCPSRValue_                      
00003dd4  _gotoCPUIdle_                       
00003dec  _coreEnableVfp_                     
00003e04  _coreEnableEventBusExport_          
00003e1c  _coreDisableEventBusExport_         
00003e34  _coreEnableIrqVicOffset_            
00003e4c  _coreGetDataFault_                  
00003e54  _coreClearDataFault_                
00003e68  _coreGetInstructionFault_           
00003e70  _coreClearInstructionFault_         
00003e84  _coreGetDataFaultAddress_           
00003e8c  _coreClearDataFaultAddress_         
00003ea0  _coreGetInstructionFaultAddress_    
00003ea8  _coreClearInstructionFaultAddress_  
00003ebc  _coreGetAuxiliaryDataFault_         
00003ec4  _coreClearAuxiliaryDataFault_       
00003ed8  _coreGetAuxiliaryInstructionFault_  
00003ee0  _coreClearAuxiliaryInstructionFault_
00003ef4  _disable_IRQ_interrupt_             
00003efc  _enable_IRQ_interrupt_              
00003f04  _enable_interrupt_                  
00003f0c  _esmCcmErrorsClear_                 
00003f94  _memInit_                           
00003fc8  _checkMemInitOn_                    
00003fe8  _cacheEnable_                       
00004018  _cacheDisable_                      
0000403c  _dCacheInvalidate_                  
00004058  _iCacheInvalidate_                  
00004074  __TI_PINIT_Base                     
00004078  __TI_PINIT_Limit                    
0000407c  _mpuInit_                           
0000433c  _mpuEnable_                         
0000435c  _mpuDisable_                        
0000437c  _mpuEnableBackgroundRegion_         
00004394  _mpuDisableBackgroundRegion_        
000043ac  _mpuGetNumberOfRegions_             
000043b8  _mpuAreRegionsSeparate_             
000043c4  _mpuSetRegion_                      
000043cc  _mpuGetRegion_                      
000043d4  _mpuSetRegionBaseAddress_           
000043dc  _mpuGetRegionBaseAddress_           
000043e4  _mpuSetRegionTypeAndPermission_     
000043f0  _mpuGetRegionType_                  
000043fc  _mpuGetRegionPermission_            
00004408  _mpuSetRegionSizeRegister_          
00004728  SL_ESM_nERROR_Active                
00004740  SL_ESM_Init                         
0000478c  vimECCErrorHandler                  
00004ad8  epcEnableIP1ErrorGen                
00004af4  epcDisableIP1ErrorGen               
00004b10  epcEnableIP2ErrorGen                
00004b2c  epcDisableIP2ErrorGen               
00004b48  epcEnableSERREvent                  
00004b64  epcDisableSERREvent                 
00004b80  epcEnableInterrupt                  
00004b94  epcDisableInterrupt                 
00004ba8  epcCAMInit                          
00004bf0  epcDiagnosticTest                   
00004ce4  epcAddCAMEEntry                     
00004d78  epcCheckCAMEntry                    
00004e0c  main                                
0000510c  esmHighInterrupt                    
00005278  esmLowInterrupt                     
000053c0  _SL_Init_EnableEventExport          
000053d8  _SL_Disable_IRQ                     
000053f8  _SL_Restore_IRQ                     
00005418  _SL_Get_ARM_Mode                    
00005424  _SL_Get_DataFault_Status            
0000542c  _SL_Get_DataFault_Address           
00005434  SL_Init_R5Registers                 
0000555c  SL_Init_StackPointers               
000055ac  _SL_Kickoff_STC_execution           
000055b4  _SL_Barrier_Data_Access             
000055c0  _c_int00                            
0000578c  __aeabi_memcpy                      
0000578c  __aeabi_memcpy4                     
0000578c  __aeabi_memcpy8                     
0000578c  memcpy                              
0000590c  SL_Init_ResetReason_XInfo           
00005914  SL_Init_ResetReason                 
000059d0  SL_Init_Memory                      
00005a1c  SL_Init_ECCTCMRAM                   
00005a2c  SL_Init_ECCFlash                    
00005b78  _SL_SelfTest_SRAM_RAD               
00005bfc  _SL_HoldNClear_nError               
00005c1c  _SL_Approximate_value               
00005c3c  SL_FLAG_SET                         
00005c58  SL_FLAG_GET                         
00005c64  SL_FLAG_CLEAR                       
00005c88  __aeabi_memclr                      
00005c88  __aeabi_memclr4                     
00005c88  __aeabi_memclr8                     
00005c8c  __aeabi_memset                      
00005c8c  __aeabi_memset4                     
00005c8c  __aeabi_memset8                     
00005c98  memset                              
00005d38  esmGroup1Notification               
00005d4c  esmGroup2Notification               
00005d60  esmGroup3Notification               
00005d70  dmaGroupANotification               
00005d84  adcNotification                     
00005d98  gioNotification                     
00005dac  sciNotification                     
00005dc0  epcCAMFullNotification              
00005dc4  epcFIFOFullNotification             
00005dd4  __TI_decompress_lzss                
00005e64  C$$EXIT                             
00005e6c  abort                               
00005e78  exit                                
00005ef4  rtiCompare0Interrupt                
00005f14  rtiCompare1Interrupt                
00005f34  rtiCompare2Interrupt                
00005f54  rtiCompare3Interrupt                
00005f78  SL_Log_Error                        
00005fd8  afterSTC                            
0000600c  _register_unlock                    
00006018  _register_lock                      
00006024  _nop                                
00006030  __TI_decompress_none                
00006044  __TI_zero_init                      
00006054  phantomInterrupt                    
0000627c  __TI_Handler_Table_Base             
00006288  __TI_Handler_Table_Limit            
00006290  __TI_CINIT_Base                     
000062a8  __TI_CINIT_Limit                    
08000000  StackModeABT                        
08000400  StackModeFIQ                        
08000800  StackModeIRQ                        
08000c00  StackModeSVC                        
08001000  StackModeSYS                        
08001400  StackModeUND                        
08001800  _SL_Log_Error_Buffer                
08001800  ulHighHandlerEndAddr                
08001800  ulHighHandlerLoadEnd                
08001800  ulHighHandlerLoadStart              
08001800  ulHighHandlerStartAddr              
08001800  ulLOGStartAddr                      
08001984  _SL_Log_Error_Index                 
08001988  ulLOGEndAddr                        
0800198c  resetReason                         
08001990  sl_priv_flag_set                    
080019b8  _lock                               
080019bc  _unlock                             
080019c0  sramEccTestBuff                     
080019e0  __TI_cleanup_ptr                    
080019e4  __TI_dtors_ptr                      
080019e8  __TI_enable_exit_profile_output     
ffffffff  __TI_pprof_out_hndl                 
ffffffff  __TI_prof_data_size                 
ffffffff  __TI_prof_data_start                
ffffffff  __binit__                           
ffffffff  __c_args__                          
ffffffff  binit                               
UNDEFED   SHT$$INIT_ARRAY$$Base               
UNDEFED   SHT$$INIT_ARRAY$$Limit              

[213 symbols]
