******************************************************************************
                  TI ARM Linker PC v16.9.0                     
******************************************************************************
>> Linked Sun Feb 12 21:07:57 2017

OUTPUT FILE NAME:   <Project1_LAUNCHXL2_RM57L.out>
ENTRY POINT SYMBOL: "_c_int00"  address: 000060f0


MEMORY CONFIGURATION

         name            origin    length      used     unused   attr    fill
----------------------  --------  ---------  --------  --------  ----  --------
  VECTORS               00000000   00000020  00000020  00000000     X (ffffffff)
  FLASH0                00000020   001fffe0  000070a8  001f8f38  R  X (ffffffff)
  FLASH1                00200000   00200000  00000000  00200000  R  X (ffffffff)
  STACKS                08000000   00001800  00001800  00000000  RW  
  RAM                   08001800   0007e800  0000023d  0007e5c3  RW  
  ECC_VEC               f0400000   00000004  00000004  00000000  R   
  ECC_FLA0              f0400004   0003fffc  0003fffc  00000000  R   
  ECC_FLA1              f0440000   00040000  00040000  00000000  R   


SEGMENT ALLOCATION MAP

run origin  load origin   length   init length attrs members
----------  ----------- ---------- ----------- ----- -------
00000000    00000000    000070c8   000070c8    r-x
  00000000    00000000    00000020   00000020    r-x .intvecs
  00000020    00000020    00006e58   00006e58    r-x .text
  00006e78    00006e78    00000200   00000200    r-- .const
  00007078    00007078    00000050   00000050    r-- .cinit
08000000    08000000    00001800   00000000    r--
  08000000    08000000    00000400   00000000    r-- .STACK_DATA_abt
  08000400    08000400    00000400   00000000    r-- .STACK_DATA_fiq
  08000800    08000800    00000400   00000000    r-- .STACK_DATA_irq
  08000c00    08000c00    00000400   00000000    r-- .STACK_DATA_svc
  08001000    08001000    00000400   00000000    r-- .STACK_DATA_sys
  08001400    08001400    00000400   00000000    r-- .STACK_DATA_und
08001800    08001800    00000188   00000000    rw-
  08001800    08001800    00000188   00000000    rw- LOG_DATA
08001990    08001990    000000b5   00000000    rw-
  08001990    08001990    00000060   00000000    rw- .data
  080019f0    080019f0    00000055   00000000    rw- .bss
f0400000    f0400000    00080000   00080000    r--
  f0400000    f0400000    00000004   00000004    r-- .ecc1
  f0400004    f0400004    0003fffc   0003fffc    r-- .ecc2
  f0440000    f0440000    00040000   00040000    r-- .ecc0


SECTION ALLOCATION MAP

 output                                  attributes/
section   page    origin      length       input sections
--------  ----  ----------  ----------   ----------------
.intvecs   0    00000000    00000020     
                  00000000    00000020     HL_sys_intvecs.obj (.intvecs)

.text      0    00000020    00006e58     
                  00000020    00001810     SafeTILib_RM57L_LE.lib : sl_selftest.obj (.text)
                  00001830    000009b4     HL_pinmux.obj (.text)
                  000021e4    00000980     HL_system.obj (.text)
                  00002b64    00000940     HL_sys_vim.obj (.text)
                  000034a4    00000818     HL_sci.obj (.text)
                  00003cbc    000007d0     HL_esm.obj (.text)
                  0000448c    00000408     HL_sys_core.obj (.text)
                  00004894    00000394     HL_sys_mpu.obj (.text)
                  00004c28    00000388     app_main_NoOS.obj (.text)
                  00004fb0    0000037c     SafeTILib_RM57L_LE.lib : sl_esm.obj (.text)
                  0000532c    0000034c     HL_sys_vim.obj (.text:retain)
                  00005678    00000334     HL_epc.obj (.text)
                  000059ac    000002b4     HL_esm.obj (.text:retain)
                  00005c60    00000290     support_functions.obj (.text)
                  00005ef0    00000200     SafeTILib_RM57L_LE.lib : sl_asm_api.obj (.text)
                  000060f0    000001cc     HL_sys_startup.obj (.text:retain)
                  000062bc    00000180     rtsv7R4_A_le_v3D16_eabi.lib : memcpy32.obj (.text)
                  0000643c    0000014c     esm_application_callback.obj (.text)
                  00006588    00000138     SafeTILib_RM57L_LE.lib : sl_init.obj (.text)
                  000066c0    00000134                            : sl_esm.obj (.text:retain)
                  000067f4    00000110                            : sl_priv.obj (.text)
                  00006904    000000b0     rtsv7R4_A_le_v3D16_eabi.lib : memset32.obj (.text)
                  000069b4    000000a8     HL_sys_startup.obj (.text)
                  00006a5c    000000a8     rtsv7R4_A_le_v3D16_eabi.lib : autoinit.obj (.text)
                  00006b04    0000009c     HL_notification.obj (.text)
                  00006ba0    00000090     rtsv7R4_A_le_v3D16_eabi.lib : copy_decompress_lzss.obj (.text:decompress:lzss)
                  00006c30    00000090                                 : exit.obj (.text)
                  00006cc0    00000084     HL_rti.obj (.text:retain)
                  00006d44    00000084     rtsv7R4_A_le_v3D16_eabi.lib : cpy_tbl.obj (.text)
                  00006dc8    00000060     SafeTILib_RM57L_LE.lib : sl_log.obj (.text)
                  00006e28    00000024     rtsv7R4_A_le_v3D16_eabi.lib : _lock.obj (.text)
                  00006e4c    00000014                                 : copy_decompress_none.obj (.text:decompress:none)
                  00006e60    00000010                                 : copy_zero_init.obj (.text:decompress:ZI)
                  00006e70    00000004     HL_sys_phantom.obj (.text:retain)
                  00006e74    00000004     rtsv7R4_A_le_v3D16_eabi.lib : startup.obj (.text)

.const     0    00006e78    00000200     
                  00006e78    00000200     HL_sys_vim.obj (.const:s_vim_init)

.cinit     0    00007078    00000050     
                  00007078    00000013     (.cinit..data.load) [load image, compression = lzss]
                  0000708b    0000000f     (.cinit.LOG_DATA.load) [load image, compression = lzss]
                  0000709a    00000002     --HOLE-- [fill = 0]
                  0000709c    0000000c     (__TI_handler_table)
                  000070a8    00000008     (.cinit..bss.load) [load image, compression = zero_init]
                  000070b0    00000018     (__TI_cinit_table)

.STACK_DATA_abt 
*          0    08000000    00000400     UNINITIALIZED
                  08000000    00000400     --HOLE--

.STACK_DATA_fiq 
*          0    08000400    00000400     UNINITIALIZED
                  08000400    00000400     --HOLE--

.STACK_DATA_irq 
*          0    08000800    00000400     UNINITIALIZED
                  08000800    00000400     --HOLE--

.STACK_DATA_svc 
*          0    08000c00    00000400     UNINITIALIZED
                  08000c00    00000400     --HOLE--

.STACK_DATA_sys 
*          0    08001000    00000400     UNINITIALIZED
                  08001000    00000400     --HOLE--

.STACK_DATA_und 
*          0    08001400    00000400     UNINITIALIZED
                  08001400    00000400     --HOLE--

LOG_DATA   0    08001800    00000188     UNINITIALIZED
                  08001800    00000180     SafeTILib_RM57L_LE.lib : sl_log.obj (LOG_DATA:uninit)
                  08001980    00000008                            : sl_log.obj (LOG_DATA:init)

.sl_stflash_SRAM 
*          0    08001800    00000000     UNINITIALIZED

.data      0    08001990    00000060     UNINITIALIZED
                  08001990    00000026     SafeTILib_RM57L_LE.lib : sl_priv.obj (.data:sl_priv_flag_set)
                  080019b6    00000002     --HOLE--
                  080019b8    00000008     rtsv7R4_A_le_v3D16_eabi.lib : _lock.obj (.data:$O1$$)
                  080019c0    00000020     SafeTILib_RM57L_LE.lib : sl_selftest.obj (.data)
                  080019e0    0000000c     rtsv7R4_A_le_v3D16_eabi.lib : exit.obj (.data:$O1$$)
                  080019ec    00000004     SafeTILib_RM57L_LE.lib : sl_esm.obj (.data)

.bss       0    080019f0    00000055     UNINITIALIZED
                  080019f0    00000050     HL_sci.obj (.bss:g_sciTransfer_t)
                  08001a40    00000004     (.common:ESM_AppCallback)
                  08001a44    00000001     (.common:resetReason)

.ecc1      0    f0400000    00000004     
                  f0400000    00000004     (.ecc1)

.ecc2      0    f0400004    0003fffc     
                  f0400004    0003fffc     (.ecc2)

.ecc0      0    f0440000    00040000     
                  f0440000    00040000     (.ecc0)

MODULE SUMMARY

       Module                         code    ro data   rw data
       ------                         ----    -------   -------
    .\demoapp\source\
       app_main_NoOS.obj              904     0         0      
       support_functions.obj          656     0         0      
       esm_application_callback.obj   332     0         0      
    +--+------------------------------+-------+---------+---------+
       Total:                         1892    0         0      
                                                               
    .\hcg\source\
       HL_sys_vim.obj                 3212    512       0      
       HL_esm.obj                     2692    0         0      
       HL_pinmux.obj                  2484    0         0      
       HL_system.obj                  2432    0         0      
       HL_sci.obj                     2072    0         80     
       HL_sys_core.obj                1032    0         0      
       HL_sys_mpu.obj                 916     0         0      
       HL_epc.obj                     820     0         0      
       HL_sys_startup.obj             628     0         1      
       HL_notification.obj            156     0         0      
       HL_rti.obj                     132     0         0      
       HL_sys_intvecs.obj             32      0         0      
       HL_sys_phantom.obj             4       0         0      
    +--+------------------------------+-------+---------+---------+
       Total:                         16612   512       81     
                                                               
    C:/ti/Hercules/SafeTI Diagnostic Library/2.2.0/libs/SafeTILib_RM57L_LE.lib
       sl_selftest.obj                6160    0         32     
       sl_esm.obj                     1200    0         8      
       sl_asm_api.obj                 512     0         0      
       sl_log.obj                     96      0         392    
       sl_init.obj                    312     0         0      
       sl_priv.obj                    272     0         38     
    +--+------------------------------+-------+---------+---------+
       Total:                         8552    0         470    
                                                               
    C:\ti\ccsv7\tools\compiler\ti-cgt-arm_16.9.0.LTS\lib\rtsv7R4_A_le_v3D16_eabi.lib
       memcpy32.obj                   384     0         0      
       memset32.obj                   176     0         0      
       autoinit.obj                   168     0         0      
       exit.obj                       144     0         12     
       copy_decompress_lzss.obj       144     0         0      
       cpy_tbl.obj                    132     0         0      
       _lock.obj                      36      0         8      
       copy_decompress_none.obj       20      0         0      
       copy_zero_init.obj             16      0         0      
       startup.obj                    4       0         0      
    +--+------------------------------+-------+---------+---------+
       Total:                         1224    0         20     
                                                               
       Linker Generated:              0       524366    0      
    +--+------------------------------+-------+---------+---------+
       Grand Total:                   28280   524878    571    


LINKER GENERATED COPY TABLES

__TI_cinit_table @ 000070b0 records: 3, size/record: 8, table size: 24
	.data: load addr=00007078, load size=00000013 bytes, run addr=08001990, run size=00000060 bytes, compression=lzss
	LOG_DATA: load addr=0000708b, load size=0000000f bytes, run addr=08001800, run size=00000188 bytes, compression=lzss
	.bss: load addr=000070a8, load size=00000008 bytes, run addr=080019f0, run size=00000055 bytes, compression=zero_init


LINKER GENERATED HANDLER TABLE

__TI_handler_table @ 0000709c records: 3, size/record: 4, table size: 12
	index: 0, handler: __TI_zero_init
	index: 1, handler: __TI_decompress_lzss
	index: 2, handler: __TI_decompress_none


GLOBAL SYMBOLS: SORTED ALPHABETICALLY BY Name 

address   name                                
-------   ----                                
00006c30  C$$EXIT                             
0000643c  ESM_ApplicationCallback             
UNDEFED   SHT$$INIT_ARRAY$$Base               
UNDEFED   SHT$$INIT_ARRAY$$Limit              
000052e0  SL_ESM_Init                         
000052c8  SL_ESM_nERROR_Active                
000068e0  SL_FLAG_CLEAR                       
000068d4  SL_FLAG_GET                         
000068b8  SL_FLAG_SET                         
000066a8  SL_Init_ECCFlash                    
00006698  SL_Init_ECCTCMRAM                   
0000664c  SL_Init_Memory                      
00005f64  SL_Init_R5Registers                 
00006590  SL_Init_ResetReason                 
00006588  SL_Init_ResetReason_XInfo           
0000608c  SL_Init_StackPointers               
00006dc8  SL_Log_Error                        
00001348  SL_SelfTest_CAN                     
00000ff8  SL_SelfTest_CCMR5F                  
00000cf4  SL_SelfTest_DMA                     
00000b9c  SL_SelfTest_EFuse                   
000007c8  SL_SelfTest_MibSPI                  
0000067c  SL_SelfTest_PBIST                   
000000d4  SL_SelfTest_PBIST_StopExec          
00000468  SL_SelfTest_SRAM                    
00000378  SL_SelfTest_STC                     
00000258  SL_SelfTest_Status_CCMR5F           
000001d0  SL_SelfTest_Status_EFuse            
000000f8  SL_SelfTest_Status_PBIST            
0000003c  SL_SelfTest_Status_STC              
00000020  SL_SelfTest_WaitCompletion_PBIST    
08000000  StackModeABT                        
08000400  StackModeFIQ                        
08000800  StackModeIRQ                        
08000c00  StackModeSVC                        
08001000  StackModeSYS                        
08001400  StackModeUND                        
00006898  _SL_Approximate_value               
000060e4  _SL_Barrier_Data_Access             
00005f08  _SL_Disable_IRQ                     
00005f48  _SL_Get_ARM_Mode                    
00005f5c  _SL_Get_DataFault_Address           
00005f54  _SL_Get_DataFault_Status            
00006878  _SL_HoldNClear_nError               
00005ef0  _SL_Init_EnableEventExport          
000060dc  _SL_Kickoff_STC_execution           
08001800  _SL_Log_Error_Buffer                
08001984  _SL_Log_Error_Index                 
00005f28  _SL_Restore_IRQ                     
000067f4  _SL_SelfTest_SRAM_RAD               
000070b0  __TI_CINIT_Base                     
000070c8  __TI_CINIT_Limit                    
0000709c  __TI_Handler_Table_Base             
000070a8  __TI_Handler_Table_Limit            
0000488c  __TI_PINIT_Base                     
00004890  __TI_PINIT_Limit                    
00006a5c  __TI_auto_init                      
080019e0  __TI_cleanup_ptr                    
00006ba0  __TI_decompress_lzss                
00006e4c  __TI_decompress_none                
080019e4  __TI_dtors_ptr                      
080019e8  __TI_enable_exit_profile_output     
ffffffff  __TI_pprof_out_hndl                 
ffffffff  __TI_prof_data_size                 
ffffffff  __TI_prof_data_start                
00000000  __TI_static_base__                  
00006e60  __TI_zero_init                      
00006904  __aeabi_memclr                      
00006904  __aeabi_memclr4                     
00006904  __aeabi_memclr8                     
000062bc  __aeabi_memcpy                      
000062bc  __aeabi_memcpy4                     
000062bc  __aeabi_memcpy8                     
00006908  __aeabi_memset                      
00006908  __aeabi_memset4                     
00006908  __aeabi_memset8                     
ffffffff  __binit__                           
ffffffff  __c_args__                          
000060f0  _c_int00                            
00004830  _cacheDisable_                      
00004800  _cacheEnable_                       
000047e0  _checkMemInitOn_                    
000046dc  _coreClearAuxiliaryDataFault_       
000046f8  _coreClearAuxiliaryInstructionFault_
000046a4  _coreClearDataFaultAddress_         
0000466c  _coreClearDataFault_                
000046c0  _coreClearInstructionFaultAddress_  
00004688  _coreClearInstructionFault_         
00004634  _coreDisableEventBusExport_         
0000461c  _coreEnableEventBusExport_          
0000464c  _coreEnableIrqVicOffset_            
00004604  _coreEnableVfp_                     
000046d4  _coreGetAuxiliaryDataFault_         
000046f0  _coreGetAuxiliaryInstructionFault_  
0000469c  _coreGetDataFaultAddress_           
00004664  _coreGetDataFault_                  
000046b8  _coreGetInstructionFaultAddress_    
00004680  _coreGetInstructionFault_           
0000448c  _coreInitRegisters_                 
00004598  _coreInitStackPointer_              
00004854  _dCacheInvalidate_                  
0000470c  _disable_IRQ_interrupt_             
00004714  _enable_IRQ_interrupt_              
0000471c  _enable_interrupt_                  
00004724  _esmCcmErrorsClear_                 
000045e4  _getCPSRValue_                      
000045ec  _gotoCPUIdle_                       
00004870  _iCacheInvalidate_                  
080019b8  _lock                               
000047ac  _memInit_                           
00004bd0  _mpuAreRegionsSeparate_             
00004bac  _mpuDisableBackgroundRegion_        
00004b74  _mpuDisable_                        
00004b94  _mpuEnableBackgroundRegion_         
00004b54  _mpuEnable_                         
00004bc4  _mpuGetNumberOfRegions_             
00004bf4  _mpuGetRegionBaseAddress_           
00004c14  _mpuGetRegionPermission_            
00004c08  _mpuGetRegionType_                  
00004be4  _mpuGetRegion_                      
00004894  _mpuInit_                           
00004bec  _mpuSetRegionBaseAddress_           
00004c20  _mpuSetRegionSizeRegister_          
00004bfc  _mpuSetRegionTypeAndPermission_     
00004bdc  _mpuSetRegion_                      
00006e40  _nop                                
00006e34  _register_lock                      
00006e28  _register_unlock                    
00006e74  _system_post_cinit                  
080019bc  _unlock                             
00006c38  abort                               
00005c60  adcGetSingleData                    
00006b50  adcNotification                     
00005cc8  adcStartConversion_selChn           
000069b4  afterSTC                            
ffffffff  binit                               
00006d44  copy_in                             
00006b3c  dmaGroupANotification               
00005884  epcAddCAMEEntry                     
00006b8c  epcCAMFullNotification              
00005748  epcCAMInit                          
00005918  epcCheckCAMEntry                    
00005790  epcDiagnosticTest                   
00005694  epcDisableIP1ErrorGen               
000056cc  epcDisableIP2ErrorGen               
00005734  epcDisableInterrupt                 
00005704  epcDisableSERREvent                 
00005678  epcEnableIP1ErrorGen                
000056b0  epcEnableIP2ErrorGen                
00005720  epcEnableInterrupt                  
000056e8  epcEnableSERREvent                  
00006b90  epcFIFOFullNotification             
00003f04  esmActivateNormalOperation          
00004060  esmClearStatus                      
000040bc  esmClearStatusBuffer                
00004098  esmClearStatusUpper                 
00003eac  esmDisableError                     
00003ed8  esmDisableErrorUpper                
00003f5c  esmDisableInterrupt                 
00003f88  esmDisableInterruptUpper            
00003e64  esmEnableError                      
00003e90  esmEnableErrorUpper                 
00003f14  esmEnableInterrupt                  
00003f40  esmEnableInterruptUpper             
000041d4  esmEnterSelfTest                    
00003e48  esmError                            
000042ac  esmGetConfigValue                   
000040f8  esmGetStatus                        
000041ac  esmGetStatusBuffer                  
00004164  esmGetStatusUpper                   
00006b04  esmGroup1Notification               
00006b18  esmGroup2Notification               
00006b2c  esmGroup3Notification               
000059ac  esmHighInterrupt                    
00003cbc  esmInit                             
00005b18  esmLowInterrupt                     
0000425c  esmSelfTestStatus                   
000040d8  esmSetCounterPreloadValue           
00003fa4  esmSetInterruptLevel                
00004020  esmSetInterruptLevelUpper           
00003ef4  esmTriggerErrorPinReset             
00006c44  exit                                
00002550  getResetSource                      
00006b64  gioNotification                     
00004c28  main                                
00002380  mapClocks                           
000062bc  memcpy                              
00006914  memset                              
00001830  muxInit                             
000022cc  periphInit                          
00006e70  phantomInterrupt                    
00000000  resetEntry                          
08001a44  resetReason                         
00006cc0  rtiCompare0Interrupt                
00006ce0  rtiCompare1Interrupt                
00006d00  rtiCompare2Interrupt                
00006d20  rtiCompare3Interrupt                
00003b08  sci1GetConfigValue                  
000039bc  sciDisableLoopback                  
00003a70  sciDisableNotification              
00005d74  sciDisplayData                      
00005d14  sciDisplayText                      
00003980  sciEnableLoopback                   
000039d8  sciEnableNotification               
000034a4  sciInit                             
00003800  sciIsIdleDetected                   
000037e4  sciIsRxReady                        
00003634  sciIsTxReady                        
00006b78  sciNotification                     
00003878  sciReceive                          
0000384c  sciReceiveByte                      
0000381c  sciRxError                          
00003680  sciSend                             
00003650  sciSendByte                         
000035b0  sciSetBaudrate                      
00003590  sciSetFunctional                    
0000228c  setupFlash                          
000021e4  setupPLL                            
08001990  sl_priv_flag_set                    
080019c0  sramEccTestBuff                     
0000269c  systemGetConfigValue                
000024ac  systemInit                          
00002520  systemPowerDown                     
00002244  trimLPO                             
08001800  ulHighHandlerEndAddr                
08001800  ulHighHandlerLoadEnd                
08001800  ulHighHandlerLoadStart              
00000000  ulHighHandlerSize                   
08001800  ulHighHandlerStartAddr              
08001988  ulLOGEndAddr                        
08001800  ulLOGStartAddr                      
00002c38  vimChannelMap                       
00002ea4  vimDisableInterrupt                 
0000532c  vimECCErrorHandler                  
00002cdc  vimEnableInterrupt                  
00002f50  vimGetConfigValue                   
00002b64  vimInit                             


GLOBAL SYMBOLS: SORTED BY Symbol Address 

address   name                                
-------   ----                                
00000000  __TI_static_base__                  
00000000  resetEntry                          
00000000  ulHighHandlerSize                   
00000020  SL_SelfTest_WaitCompletion_PBIST    
0000003c  SL_SelfTest_Status_STC              
000000d4  SL_SelfTest_PBIST_StopExec          
000000f8  SL_SelfTest_Status_PBIST            
000001d0  SL_SelfTest_Status_EFuse            
00000258  SL_SelfTest_Status_CCMR5F           
00000378  SL_SelfTest_STC                     
00000468  SL_SelfTest_SRAM                    
0000067c  SL_SelfTest_PBIST                   
000007c8  SL_SelfTest_MibSPI                  
00000b9c  SL_SelfTest_EFuse                   
00000cf4  SL_SelfTest_DMA                     
00000ff8  SL_SelfTest_CCMR5F                  
00001348  SL_SelfTest_CAN                     
00001830  muxInit                             
000021e4  setupPLL                            
00002244  trimLPO                             
0000228c  setupFlash                          
000022cc  periphInit                          
00002380  mapClocks                           
000024ac  systemInit                          
00002520  systemPowerDown                     
00002550  getResetSource                      
0000269c  systemGetConfigValue                
00002b64  vimInit                             
00002c38  vimChannelMap                       
00002cdc  vimEnableInterrupt                  
00002ea4  vimDisableInterrupt                 
00002f50  vimGetConfigValue                   
000034a4  sciInit                             
00003590  sciSetFunctional                    
000035b0  sciSetBaudrate                      
00003634  sciIsTxReady                        
00003650  sciSendByte                         
00003680  sciSend                             
000037e4  sciIsRxReady                        
00003800  sciIsIdleDetected                   
0000381c  sciRxError                          
0000384c  sciReceiveByte                      
00003878  sciReceive                          
00003980  sciEnableLoopback                   
000039bc  sciDisableLoopback                  
000039d8  sciEnableNotification               
00003a70  sciDisableNotification              
00003b08  sci1GetConfigValue                  
00003cbc  esmInit                             
00003e48  esmError                            
00003e64  esmEnableError                      
00003e90  esmEnableErrorUpper                 
00003eac  esmDisableError                     
00003ed8  esmDisableErrorUpper                
00003ef4  esmTriggerErrorPinReset             
00003f04  esmActivateNormalOperation          
00003f14  esmEnableInterrupt                  
00003f40  esmEnableInterruptUpper             
00003f5c  esmDisableInterrupt                 
00003f88  esmDisableInterruptUpper            
00003fa4  esmSetInterruptLevel                
00004020  esmSetInterruptLevelUpper           
00004060  esmClearStatus                      
00004098  esmClearStatusUpper                 
000040bc  esmClearStatusBuffer                
000040d8  esmSetCounterPreloadValue           
000040f8  esmGetStatus                        
00004164  esmGetStatusUpper                   
000041ac  esmGetStatusBuffer                  
000041d4  esmEnterSelfTest                    
0000425c  esmSelfTestStatus                   
000042ac  esmGetConfigValue                   
0000448c  _coreInitRegisters_                 
00004598  _coreInitStackPointer_              
000045e4  _getCPSRValue_                      
000045ec  _gotoCPUIdle_                       
00004604  _coreEnableVfp_                     
0000461c  _coreEnableEventBusExport_          
00004634  _coreDisableEventBusExport_         
0000464c  _coreEnableIrqVicOffset_            
00004664  _coreGetDataFault_                  
0000466c  _coreClearDataFault_                
00004680  _coreGetInstructionFault_           
00004688  _coreClearInstructionFault_         
0000469c  _coreGetDataFaultAddress_           
000046a4  _coreClearDataFaultAddress_         
000046b8  _coreGetInstructionFaultAddress_    
000046c0  _coreClearInstructionFaultAddress_  
000046d4  _coreGetAuxiliaryDataFault_         
000046dc  _coreClearAuxiliaryDataFault_       
000046f0  _coreGetAuxiliaryInstructionFault_  
000046f8  _coreClearAuxiliaryInstructionFault_
0000470c  _disable_IRQ_interrupt_             
00004714  _enable_IRQ_interrupt_              
0000471c  _enable_interrupt_                  
00004724  _esmCcmErrorsClear_                 
000047ac  _memInit_                           
000047e0  _checkMemInitOn_                    
00004800  _cacheEnable_                       
00004830  _cacheDisable_                      
00004854  _dCacheInvalidate_                  
00004870  _iCacheInvalidate_                  
0000488c  __TI_PINIT_Base                     
00004890  __TI_PINIT_Limit                    
00004894  _mpuInit_                           
00004b54  _mpuEnable_                         
00004b74  _mpuDisable_                        
00004b94  _mpuEnableBackgroundRegion_         
00004bac  _mpuDisableBackgroundRegion_        
00004bc4  _mpuGetNumberOfRegions_             
00004bd0  _mpuAreRegionsSeparate_             
00004bdc  _mpuSetRegion_                      
00004be4  _mpuGetRegion_                      
00004bec  _mpuSetRegionBaseAddress_           
00004bf4  _mpuGetRegionBaseAddress_           
00004bfc  _mpuSetRegionTypeAndPermission_     
00004c08  _mpuGetRegionType_                  
00004c14  _mpuGetRegionPermission_            
00004c20  _mpuSetRegionSizeRegister_          
00004c28  main                                
000052c8  SL_ESM_nERROR_Active                
000052e0  SL_ESM_Init                         
0000532c  vimECCErrorHandler                  
00005678  epcEnableIP1ErrorGen                
00005694  epcDisableIP1ErrorGen               
000056b0  epcEnableIP2ErrorGen                
000056cc  epcDisableIP2ErrorGen               
000056e8  epcEnableSERREvent                  
00005704  epcDisableSERREvent                 
00005720  epcEnableInterrupt                  
00005734  epcDisableInterrupt                 
00005748  epcCAMInit                          
00005790  epcDiagnosticTest                   
00005884  epcAddCAMEEntry                     
00005918  epcCheckCAMEntry                    
000059ac  esmHighInterrupt                    
00005b18  esmLowInterrupt                     
00005c60  adcGetSingleData                    
00005cc8  adcStartConversion_selChn           
00005d14  sciDisplayText                      
00005d74  sciDisplayData                      
00005ef0  _SL_Init_EnableEventExport          
00005f08  _SL_Disable_IRQ                     
00005f28  _SL_Restore_IRQ                     
00005f48  _SL_Get_ARM_Mode                    
00005f54  _SL_Get_DataFault_Status            
00005f5c  _SL_Get_DataFault_Address           
00005f64  SL_Init_R5Registers                 
0000608c  SL_Init_StackPointers               
000060dc  _SL_Kickoff_STC_execution           
000060e4  _SL_Barrier_Data_Access             
000060f0  _c_int00                            
000062bc  __aeabi_memcpy                      
000062bc  __aeabi_memcpy4                     
000062bc  __aeabi_memcpy8                     
000062bc  memcpy                              
0000643c  ESM_ApplicationCallback             
00006588  SL_Init_ResetReason_XInfo           
00006590  SL_Init_ResetReason                 
0000664c  SL_Init_Memory                      
00006698  SL_Init_ECCTCMRAM                   
000066a8  SL_Init_ECCFlash                    
000067f4  _SL_SelfTest_SRAM_RAD               
00006878  _SL_HoldNClear_nError               
00006898  _SL_Approximate_value               
000068b8  SL_FLAG_SET                         
000068d4  SL_FLAG_GET                         
000068e0  SL_FLAG_CLEAR                       
00006904  __aeabi_memclr                      
00006904  __aeabi_memclr4                     
00006904  __aeabi_memclr8                     
00006908  __aeabi_memset                      
00006908  __aeabi_memset4                     
00006908  __aeabi_memset8                     
00006914  memset                              
000069b4  afterSTC                            
00006a5c  __TI_auto_init                      
00006b04  esmGroup1Notification               
00006b18  esmGroup2Notification               
00006b2c  esmGroup3Notification               
00006b3c  dmaGroupANotification               
00006b50  adcNotification                     
00006b64  gioNotification                     
00006b78  sciNotification                     
00006b8c  epcCAMFullNotification              
00006b90  epcFIFOFullNotification             
00006ba0  __TI_decompress_lzss                
00006c30  C$$EXIT                             
00006c38  abort                               
00006c44  exit                                
00006cc0  rtiCompare0Interrupt                
00006ce0  rtiCompare1Interrupt                
00006d00  rtiCompare2Interrupt                
00006d20  rtiCompare3Interrupt                
00006d44  copy_in                             
00006dc8  SL_Log_Error                        
00006e28  _register_unlock                    
00006e34  _register_lock                      
00006e40  _nop                                
00006e4c  __TI_decompress_none                
00006e60  __TI_zero_init                      
00006e70  phantomInterrupt                    
00006e74  _system_post_cinit                  
0000709c  __TI_Handler_Table_Base             
000070a8  __TI_Handler_Table_Limit            
000070b0  __TI_CINIT_Base                     
000070c8  __TI_CINIT_Limit                    
08000000  StackModeABT                        
08000400  StackModeFIQ                        
08000800  StackModeIRQ                        
08000c00  StackModeSVC                        
08001000  StackModeSYS                        
08001400  StackModeUND                        
08001800  _SL_Log_Error_Buffer                
08001800  ulHighHandlerEndAddr                
08001800  ulHighHandlerLoadEnd                
08001800  ulHighHandlerLoadStart              
08001800  ulHighHandlerStartAddr              
08001800  ulLOGStartAddr                      
08001984  _SL_Log_Error_Index                 
08001988  ulLOGEndAddr                        
08001990  sl_priv_flag_set                    
080019b8  _lock                               
080019bc  _unlock                             
080019c0  sramEccTestBuff                     
080019e0  __TI_cleanup_ptr                    
080019e4  __TI_dtors_ptr                      
080019e8  __TI_enable_exit_profile_output     
08001a44  resetReason                         
ffffffff  __TI_pprof_out_hndl                 
ffffffff  __TI_prof_data_size                 
ffffffff  __TI_prof_data_start                
ffffffff  __binit__                           
ffffffff  __c_args__                          
ffffffff  binit                               
UNDEFED   SHT$$INIT_ARRAY$$Base               
UNDEFED   SHT$$INIT_ARRAY$$Limit              

[237 symbols]
