TI ARM Assembler PC v16.9.0 Sun Feb 19 12:42:50 2017

Tools Copyright (c) 1996-2015 Texas Instruments Incorporated
../hcg/source/HL_sys_intvecs.asm                                     PAGE    1

       1                    ;-------------------------------------------------------------------------------
       2                    ; HL_sys_intvecs.asm
       3                    ;
       4                    ; (c) Texas Instruments 2009-2013, All rights reserved.
       5                    ;
       6                    
       7 00000000               .sect ".intvecs"
       8 00000000               .arm
       9                    
      10                    ;-------------------------------------------------------------------------------
      11                    ; import reference for interrupt routines
      12                    
      13                        .ref _c_int00
      14                        .ref _irqDispatch
      15                    
      16                        .def resetEntry
      17                    
      18                    ;-------------------------------------------------------------------------------
      19                    ; interrupt vectors
      20                    
      21 00000000           resetEntry
      22 00000000 EAFFFFFE!         b   _c_int00
      23 00000004           undefEntry
      24 00000004 EAFFFFFE!         b   undefEntry
      25 00000008           svcEntry
      26 00000008 EAFFFFFE!         b   svcEntry
      27 0000000c           prefetchEntry
      28 0000000c EAFFFFFE!         b   prefetchEntry
      29 00000010           dataEntry
      30 00000010 EAFFFFFE!         b   dataEntry
      31 00000014           reservedEntry
      32 00000014 EAFFFFFE!         b   reservedEntry
      33 00000018 EAFFFFFE!         b   _irqDispatch
      34 0000001c E51FF1B0          ldr pc,[pc,#-0x1b0]
      35                    
      36                        
      37                    ;-------------------------------------------------------------------------------

No Assembly Errors, No Assembly Warnings
