TI ARM Assembler PC v16.9.0 Thu Feb 16 13:27:11 2017

Tools Copyright (c) 1996-2015 Texas Instruments Incorporated
../hcg/source/HL_sys_mpu.asm                                         PAGE    1

       1                    ;-------------------------------------------------------------------------------
       2                    ; HL_sys_mpu.asm
       3                    ;
       4                    ; Copyright (C) 2009-2015 Texas Instruments Incorporated - www.ti.com  
       5                    ; 
       6                    ; 
       7                    ;  Redistribution and use in source and binary forms, with or without 
       8                    ;  modification, are permitted provided that the following conditions 
       9                    ;  are met:
      10                    ;
      11                    ;    Redistributions of source code must retain the above copyright 
      12                    ;    notice, this list of conditions and the following disclaimer.
      13                    ;
      14                    ;    Redistributions in binary form must reproduce the above copyright
      15                    ;    notice, this list of conditions and the following disclaimer in the 
      16                    ;    documentation and/or other materials provided with the   
      17                    ;    distribution.
      18                    ;
      19                    ;    Neither the name of Texas Instruments Incorporated nor the names of
      20                    ;    its contributors may be used to endorse or promote products derived
      21                    ;    from this software without specific prior written permission.
      22                    ;
      23                    ;  THIS SOFTWARE IS PROVIDED BY THE COPYRIGHT HOLDERS AND CONTRIBUTORS 
      24                    ;  "AS IS" AND ANY EXPRESS OR IMPLIED WARRANTIES, INCLUDING, BUT NOT 
      25                    ;  LIMITED TO, THE IMPLIED WARRANTIES OF MERCHANTABILITY AND FITNESS FOR
      26                    ;  A PARTICULAR PURPOSE ARE DISCLAIMED. IN NO EVENT SHALL THE COPYRIGHT 
      27                    ;  OWNER OR CONTRIBUTORS BE LIABLE FOR ANY DIRECT, INDIRECT, INCIDENTAL, 
      28                    ;  SPECIAL, EXEMPLARY, OR CONSEQUENTIAL DAMAGES (INCLUDING, BUT NOT 
      29                    ;  LIMITED TO, PROCUREMENT OF SUBSTITUTE GOODS OR SERVICES; LOSS OF USE,
      30                    ;  DATA, OR PROFITS; OR BUSINESS INTERRUPTION) HOWEVER CAUSED AND ON ANY
      31                    ;  THEORY OF LIABILITY, WHETHER IN CONTRACT, STRICT LIABILITY, OR TORT 
      32                    ;  (INCLUDING NEGLIGENCE OR OTHERWISE) ARISING IN ANY WAY OUT OF THE USE 
      33                    ;  OF THIS SOFTWARE, EVEN IF ADVISED OF THE POSSIBILITY OF SUCH DAMAGE.
      34                    ;
      35                    ;
      36                    ;
      37                    
      38 00000000               .text
      39 00000000               .arm
      40                    
      41                    
      42                    ;-------------------------------------------------------------------------------
      43                    ; Initalize Mpu
      44                    
      45                        .def     _mpuInit_
      46                        .asmfunc
      47                    
      48 00000000           _mpuInit_
      49 00000000 E92D0001          stmfd sp!, {r0}
      50                            ; Disable mpu
      51 00000004 EE110F10          mrc   p15, #0, r0, c1, c0, #0
      52 00000008 E3C00001          bic   r0,  r0, #1
      53 0000000c F57FF04F          dsb
      54 00000010 EE010F10          mcr   p15, #0, r0, c1, c0, #0
      55 00000014 F57FF06F          isb
TI ARM Assembler PC v16.9.0 Thu Feb 16 13:27:11 2017

Tools Copyright (c) 1996-2015 Texas Instruments Incorporated
../hcg/source/HL_sys_mpu.asm                                         PAGE    2

      56                            ; Disable background region
      57 00000018 EE110F10          mrc   p15, #0, r0,      c1, c0, #0
      58 0000001c E3C00802          bic   r0,  r0, #0x20000
      59 00000020 EE010F10          mcr   p15, #0, r0,      c1, c0, #0
      60                            ; Setup region 1
      61 00000024 E3A00000          mov   r0,  #0
      62 00000028 EE060F12          mcr   p15, #0,    r0, c6, c2, #0
      63 0000002c E59F024C          ldr   r0,  r1Base
      64 00000030 EE060F11          mcr   p15, #0,    r0, c6, c1, #0
      65 00000034 E3A00008          mov   r0,  #0x0008
      66 00000038 E3800A01          orr   r0,  r0,    #0x1000
      67 0000003c EE060F91          mcr   p15, #0,    r0, c6, c1, #4
      68 00000040 E30F0F3F          movw  r0,  #((1 << 15) + (1 << 14) + (1 << 13) + (1 << 12) + (1 << 11) + (1 << 10) + (1 <<  9)
      69 00000044 EE060F51          mcr   p15, #0,    r0, c6, c1, #2
      70                            ; Setup region 2
      71 00000048 E3A00001          mov   r0,  #1
      72 0000004c EE060F12          mcr   p15, #0,    r0, c6, c2, #0
      73 00000050 E59F022C          ldr   r0,  r2Base
      74 00000054 EE060F11          mcr   p15, #0,    r0, c6, c1, #0
      75 00000058 E3A00002          mov   r0,  #0x0002
      76 0000005c E3800C06          orr   r0,  r0,    #0x0600
      77 00000060 EE060F91          mcr   p15, #0,    r0, c6, c1, #4
      78 00000064 E300002B          movw  r0,  #((0 << 15) + (0 << 14) + (0 << 13) + (0 << 12) + (0 << 11) + (0 << 10) + (0 <<  9)
      79 00000068 EE060F51          mcr   p15, #0,    r0, c6, c1, #2
      80                            ; Setup region  
      81 0000006c E3A00002          mov   r0,  #2
      82 00000070 EE060F12          mcr   p15, #0,    r0, c6, c2, #0
      83 00000074 E59F020C          ldr   r0,  r3Base
      84 00000078 EE060F11          mcr   p15, #0,    r0, c6, c1, #0    
      85 0000007c E3A0000B          mov   r0,  #0x000B
      86 00000080 E3800C13          orr   r0,  r0,    #0x1300
      87 00000084 EE060F91          mcr   p15, #0,    r0, c6, c1, #4
      88 00000088 E3000025          movw  r0,  #((0 << 15) + (0 << 14) + (0 << 13) + (0 << 12) + (0 << 11) + (0 << 10) + (0 <<  9)
      89 0000008c EE060F51          mcr   p15, #0,    r0, c6, c1, #2
      90                            ; Setup region 4
      91 00000090 E3A00003          mov   r0,  #3
      92 00000094 EE060F12          mcr   p15, #0,    r0, c6, c2, #0
      93 00000098 E59F01EC          ldr   r0,  r4Base
      94 0000009c EE060F11          mcr   p15, #0,    r0, c6, c1, #0
      95 000000a0 E3A00010          mov   r0,  #0x0010
      96 000000a4 E3800C13          orr   r0,  r0,    #0x1300
      97 000000a8 EE060F91          mcr   p15, #0,    r0, c6, c1, #4
      98 000000ac E3000735          movw  r0,  #((0 << 15) + (0 << 14) + (0 << 13) + (0 << 12) + (0 << 11) + (1 << 10) + (1 <<  9)
      99 000000b0 EE060F51          mcr   p15, #0,    r0, c6, c1, #2
     100                            ; Setup region 5
     101 000000b4 E3A00004          mov   r0,  #4
     102 000000b8 EE060F12          mcr   p15, #0,    r0, c6, c2, #0
     103 000000bc E59F01CC          ldr   r0,  r5Base
     104 000000c0 EE060F11          mcr   p15, #0,    r0, c6, c1, #0
     105 000000c4 E3A00000          mov   r0,  #0x0000
     106 000000c8 E3800C03          orr   r0,  r0,    #0x0300
     107 000000cc EE060F91          mcr   p15, #0,    r0, c6, c1, #4
     108 000000d0 E30C0037          movw  r0,  #((1 << 15) + (1 << 14) + (0 << 13) + (0 << 12) + (0 << 11) + (0 << 10) + (0 <<  9)
     109 000000d4 EE060F51          mcr   p15, #0,    r0, c6, c1, #2
     110                            ; Setup region 6
TI ARM Assembler PC v16.9.0 Thu Feb 16 13:27:11 2017

Tools Copyright (c) 1996-2015 Texas Instruments Incorporated
../hcg/source/HL_sys_mpu.asm                                         PAGE    3

     111 000000d8 E3A00005          mov   r0,  #5
     112 000000dc EE060F12          mcr   p15, #0,    r0, c6, c2, #0
     113 000000e0 E59F01AC          ldr   r0,  r6Base
     114 000000e4 EE060F11          mcr   p15, #0,    r0, c6, c1, #0
     115 000000e8 E3A00006          mov   r0,  #0x0006
     116 000000ec E3800C03          orr   r0,  r0,    #0x0300
     117 000000f0 EE060F91          mcr   p15, #0,    r0, c6, c1, #4
     118 000000f4 E3000035          movw  r0,  #((0 << 15) + (0 << 14) + (0 << 13) + (0 << 12) + (0 << 11) + (0 << 10) + (0 <<  9)
     119 000000f8 EE060F51          mcr   p15, #0,    r0, c6, c1, #2
     120                            ; Setup region 7
     121 000000fc E3A00006          mov   r0,  #6
     122 00000100 EE060F12          mcr   p15, #0,    r0, c6, c2, #0
     123 00000104 E59F018C          ldr   r0,  r7Base
     124 00000108 EE060F11          mcr   p15, #0,    r0, c6, c1, #0
     125 0000010c E3A00002          mov   r0,  #0x0002
     126 00000110 E3800C12          orr   r0,  r0,    #0x1200
     127 00000114 EE060F91          mcr   p15, #0,    r0, c6, c1, #4
     128 00000118 E300002D          movw  r0,  #((0 << 15) + (0 << 14) + (0 << 13) + (0 << 12) + (0 << 11) + (0 << 10) + (0 <<  9)
     129 0000011c EE060F51          mcr   p15, #0,    r0, c6, c1, #2
     130                            ; Setup region 8
     131 00000120 E3A00007          mov   r0,  #7
     132 00000124 EE060F12          mcr   p15, #0,    r0, c6, c2, #0
     133 00000128 E59F016C          ldr   r0,  r8Base
     134 0000012c EE060F11          mcr   p15, #0,    r0, c6, c1, #0
     135 00000130 E3A00008          mov   r0,  #0x0008
     136 00000134 E3800C03          orr   r0,  r0,    #0x0300
     137 00000138 EE060F91          mcr   p15, #0,    r0, c6, c1, #4
     138 0000013c E3000015          movw  r0,  #((0 << 15) + (0 << 14) + (0 << 13) + (0 << 12) + (0 << 11) + (0 << 10) + (0 <<  9)
     139 00000140 EE060F51          mcr   p15, #0,    r0, c6, c1, #2
     140                            ; Setup region 9
     141 00000144 E3A00008          mov   r0,  #8
     142 00000148 EE060F12          mcr   p15, #0,    r0, c6, c2, #0
     143 0000014c E59F014C          ldr   r0,  r9Base
     144 00000150 EE060F11          mcr   p15, #0,    r0, c6, c1, #0
     145 00000154 E3A00006          mov   r0,  #0x0006
     146 00000158 E3800C12          orr   r0,  r0,    #0x1200
     147 0000015c EE060F91          mcr   p15, #0,    r0, c6, c1, #4
     148 00000160 E3000008          movw  r0,  #((0 << 15) + (0 << 14) + (0 << 13) + (0 << 12) + (0 << 11) + (0 << 10) + (0 <<  9)
     149 00000164 EE060F51          mcr   p15, #0,    r0, c6, c1, #2
     150                            ; Setup region 10
     151 00000168 E3A00009          mov   r0,  #9
     152 0000016c EE060F12          mcr   p15, #0,    r0, c6, c2, #0
     153 00000170 E59F012C          ldr   r0,  r10Base
     154 00000174 EE060F11          mcr   p15, #0,    r0, c6, c1, #0
     155 00000178 E3A0000C          mov   r0,  #0x000C
     156 0000017c E3800C13          orr   r0,  r0,    #0x1300
     157 00000180 EE060F91          mcr   p15, #0,    r0, c6, c1, #4
     158 00000184 E3000008          movw  r0,  #((0 << 15) + (0 << 14) + (0 << 13) + (0 << 12) + (0 << 11) + (0 << 10) + (0 <<  9)
     159 00000188 EE060F51          mcr   p15, #0,    r0, c6, c1, #2
     160                            ; Setup region 11
     161 0000018c E3A0000A          mov   r0,  #10
     162 00000190 EE060F12          mcr   p15, #0,    r0, c6, c2, #0
     163 00000194 E59F010C          ldr   r0,  r11Base
     164 00000198 EE060F11          mcr   p15, #0,    r0, c6, c1, #0
     165 0000019c E3A00006          mov   r0,  #0x0006
TI ARM Assembler PC v16.9.0 Thu Feb 16 13:27:11 2017

Tools Copyright (c) 1996-2015 Texas Instruments Incorporated
../hcg/source/HL_sys_mpu.asm                                         PAGE    4

     166 000001a0 E3800C06          orr   r0,  r0,    #0x0600
     167 000001a4 EE060F91          mcr   p15, #0,    r0, c6, c1, #4
     168 000001a8 E3000008          movw  r0,  #((0 << 15) + (0 << 14) + (0 << 13) + (0 << 12) + (0 << 11) + (0 << 10) + (0 <<  9)
     169 000001ac EE060F51          mcr   p15, #0,    r0, c6, c1, #2
     170                            ; Setup region 12
     171 000001b0 E3A0000B          mov   r0,  #11
     172 000001b4 EE060F12          mcr   p15, #0,    r0, c6, c2, #0
     173 000001b8 E59F00EC          ldr   r0,  r12Base
     174 000001bc EE060F11          mcr   p15, #0,    r0, c6, c1, #0
     175 000001c0 E3A00006          mov   r0,  #0x0006
     176 000001c4 E3800C16          orr   r0,  r0,    #0x1600
     177 000001c8 EE060F91          mcr   p15, #0,    r0, c6, c1, #4
     178 000001cc E3000008          movw  r0,  #((0 << 15) + (0 << 14) + (0 << 13) + (0 << 12) + (0 << 11) + (0 << 10) + (0 <<  9)
     179 000001d0 EE060F51          mcr   p15, #0,    r0, c6, c1, #2
     180                            ; Setup region 13
     181 000001d4 E3A0000C          mov   r0,  #12
     182 000001d8 EE060F12          mcr   p15, #0,    r0, c6, c2, #0
     183 000001dc E59F00CC          ldr   r0,  r13Base
     184 000001e0 EE060F11          mcr   p15, #0,    r0, c6, c1, #0
     185 000001e4 E3A00006          mov   r0,  #0x0006
     186 000001e8 E3800C16          orr   r0,  r0,    #0x1600
     187 000001ec EE060F91          mcr   p15, #0,    r0, c6, c1, #4
     188 000001f0 E3000008          movw  r0,  #((0 << 15) + (0 << 14) + (0 << 13) + (0 << 12) + (0 << 11) + (0 << 10) + (0 <<  9)
     189 000001f4 EE060F51          mcr   p15, #0,    r0, c6, c1, #2
     190                            ; Setup region 14
     191 000001f8 E3A0000D          mov   r0,  #13
     192 000001fc EE060F12          mcr   p15, #0,    r0, c6, c2, #0
     193 00000200 E59F00AC          ldr   r0,  r14Base
     194 00000204 EE060F11          mcr   p15, #0,    r0, c6, c1, #0
     195 00000208 E3A00006          mov   r0,  #0x0006
     196 0000020c E3800C16          orr   r0,  r0,    #0x1600
     197 00000210 EE060F91          mcr   p15, #0,    r0, c6, c1, #4
     198 00000214 E3000008          movw  r0,  #((0 << 15) + (0 << 14) + (0 << 13) + (0 << 12) + (0 << 11) + (0 << 10) + (0 <<  9)
     199 00000218 EE060F51          mcr   p15, #0,    r0, c6, c1, #2
     200                            ; Setup region 15
     201 0000021c E3A0000E          mov   r0,  #14
     202 00000220 EE060F12          mcr   p15, #0,    r0, c6, c2, #0
     203 00000224 E59F008C          ldr   r0,  r15Base
     204 00000228 EE060F11          mcr   p15, #0,    r0, c6, c1, #0
     205 0000022c E3A00006          mov   r0,  #0x0006
     206 00000230 E3800C16          orr   r0,  r0,    #0x1600
     207 00000234 EE060F91          mcr   p15, #0,    r0, c6, c1, #4
     208 00000238 E3000008          movw  r0,  #((0 << 15) + (0 << 14) + (0 << 13) + (0 << 12) + (0 << 11) + (0 << 10) + (0 <<  9)
     209 0000023c EE060F51          mcr   p15, #0,    r0, c6, c1, #2
     210                            ; Setup region 16
     211 00000240 E3A0000F          mov   r0,  #15
     212 00000244 EE060F12          mcr   p15, #0,    r0, c6, c2, #0
     213 00000248 E59F006C          ldr   r0,  r16Base
     214 0000024c EE060F11          mcr   p15, #0,    r0, c6, c1, #0
     215 00000250 E3A00010          mov   r0,  #0x0010
     216 00000254 E3800C12          orr   r0,  r0,    #0x1200
     217 00000258 EE060F91          mcr   p15, #0,    r0, c6, c1, #4
     218 0000025c E3000025          movw  r0,  #((0 << 15) + (0 << 14) + (0 << 13) + (0 << 12) + (0 << 11) + (0 << 10) + (0 <<  9)
     219 00000260 EE060F51          mcr   p15, #0,    r0, c6, c1, #2
     220                    
TI ARM Assembler PC v16.9.0 Thu Feb 16 13:27:11 2017

Tools Copyright (c) 1996-2015 Texas Instruments Incorporated
../hcg/source/HL_sys_mpu.asm                                         PAGE    5

     221                            ; Enable mpu
     222 00000264 EE110F10          mrc   p15, #0, r0, c1, c0, #0
     223 00000268 E3800001          orr   r0,  r0, #1
     224 0000026c F57FF04F          dsb
     225 00000270 EE010F10          mcr   p15, #0, r0, c1, c0, #0
     226 00000274 F57FF06F          isb
     227 00000278 E8BD0001          ldmfd sp!, {r0}
     228 0000027c E12FFF1E          bx    lr
     229                    
     230 00000280 00000000  r1Base  .word 0x00000000  
     231 00000284 00000000  r2Base  .word 0x00000000  
     232 00000288 08000000  r3Base  .word 0x08000000  
     233 0000028c F8000000  r4Base  .word 0xF8000000  
     234 00000290 60000000  r5Base  .word 0x60000000  
     235 00000294 80000000  r6Base  .word 0x80000000  
     236 00000298 F0000000  r7Base  .word 0xF0000000  
     237 0000029c 08001800  r8Base  .word 0x08001800  
     238 000002a0 00000000  r9Base  .word 0x00000000  
     239 000002a4 00000000  r10Base  .word 0x00000000  
     240 000002a8 00000000  r11Base  .word 0x00000000  
     241 000002ac 00000000  r12Base  .word 0x00000000  
     242 000002b0 00000000  r13Base  .word 0x00000000  
     243 000002b4 00000000  r14Base  .word 0x00000000  
     244 000002b8 00000000  r15Base  .word 0x00000000  
     245 000002bc FFF80000  r16Base  .word 0xFFF80000  
     246                        .endasmfunc
     247                    
     248                    
     249                    ;-------------------------------------------------------------------------------
     250                    ; Enable Mpu
     251                    
     252                        .def     _mpuEnable_
     253                        .asmfunc
     254                    
     255 000002c0           _mpuEnable_
     256                    
     257 000002c0 E92D0001          stmfd sp!, {r0}
     258 000002c4 EE110F10          mrc   p15, #0, r0, c1, c0, #0
     259 000002c8 E3800001          orr   r0,  r0, #1
     260 000002cc F57FF04F          dsb
     261 000002d0 EE010F10          mcr   p15, #0, r0, c1, c0, #0
     262 000002d4 F57FF06F          isb
     263 000002d8 E8BD0001          ldmfd sp!, {r0}         
     264 000002dc E12FFF1E          bx    lr
     265                    
     266                        .endasmfunc
     267                    
     268                    
     269                    ;-------------------------------------------------------------------------------
     270                    ; Disable Mpu
     271                    
     272                        .def     _mpuDisable_
     273                        .asmfunc
     274                    
     275 000002e0           _mpuDisable_
TI ARM Assembler PC v16.9.0 Thu Feb 16 13:27:11 2017

Tools Copyright (c) 1996-2015 Texas Instruments Incorporated
../hcg/source/HL_sys_mpu.asm                                         PAGE    6

     276                    
     277 000002e0 E92D0001          stmfd sp!, {r0}
     278 000002e4 EE110F10          mrc   p15, #0, r0, c1, c0, #0
     279 000002e8 E3C00001          bic   r0,  r0, #1
     280 000002ec F57FF04F          dsb
     281 000002f0 EE010F10          mcr   p15, #0, r0, c1, c0, #0
     282 000002f4 F57FF06F          isb
     283 000002f8 E8BD0001          ldmfd sp!, {r0}         
     284 000002fc E12FFF1E          bx    lr
     285                    
     286                        .endasmfunc
     287                    
     288                    
     289                    ;-------------------------------------------------------------------------------
     290                    ; Enable Mpu background region
     291                    
     292                        .def     _mpuEnableBackgroundRegion_
     293                        .asmfunc
     294                    
     295 00000300           _mpuEnableBackgroundRegion_
     296                    
     297 00000300 E92D0001          stmfd sp!, {r0}
     298 00000304 EE110F10          mrc   p15, #0, r0,      c1, c0, #0
     299 00000308 E3800802          orr   r0,  r0, #0x20000
     300 0000030c EE010F10          mcr   p15, #0, r0,      c1, c0, #0
     301 00000310 E8BD0001          ldmfd sp!, {r0}         
     302 00000314 E12FFF1E          bx    lr
     303                    
     304                        .endasmfunc
     305                    
     306                    
     307                    ;-------------------------------------------------------------------------------
     308                    ; Disable Mpu background region
     309                    
     310                        .def     _mpuDisableBackgroundRegion_
     311                        .asmfunc
     312                    
     313 00000318           _mpuDisableBackgroundRegion_
     314                    
     315 00000318 E92D0001          stmfd sp!, {r0}
     316 0000031c EE110F10          mrc   p15, #0, r0,      c1, c0, #0
     317 00000320 E3C00802          bic   r0,  r0, #0x20000
     318 00000324 EE010F10          mcr   p15, #0, r0,      c1, c0, #0
     319 00000328 E8BD0001          ldmfd sp!, {r0}
     320 0000032c E12FFF1E          bx    lr
     321                    
     322                        .endasmfunc
     323                    
     324                    
     325                    ;-------------------------------------------------------------------------------
     326                    ; Returns number of implemented Mpu regions
     327                    
     328                        .def     _mpuGetNumberOfRegions_
     329                        .asmfunc
     330                    
TI ARM Assembler PC v16.9.0 Thu Feb 16 13:27:11 2017

Tools Copyright (c) 1996-2015 Texas Instruments Incorporated
../hcg/source/HL_sys_mpu.asm                                         PAGE    7

     331 00000330           _mpuGetNumberOfRegions_
     332                    
     333 00000330 EE100F90          mrc   p15, #0, r0,      c0, c0, #4
     334 00000334 E6EF0470          uxtb  r0,  r0, ROR #8
     335 00000338 E12FFF1E          bx    lr
     336                    
     337                        .endasmfunc
     338                    
     339                    
     340                    ;-------------------------------------------------------------------------------
     341                    ; Returns the type of the implemented mpu regions
     342                    
     343                        .def     _mpuAreRegionsSeparate_
     344                        .asmfunc
     345                    
     346 0000033c           _mpuAreRegionsSeparate_
     347                    
     348 0000033c EE100F90          mrc   p15, #0, r0,      c0, c0, #4
     349 00000340 E6EF0070          uxtb  r0,  r0
     350 00000344 E12FFF1E          bx    lr
     351                    
     352                        .endasmfunc
     353                    
     354                    
     355                    ;-------------------------------------------------------------------------------
     356                    ; Set mpu region number
     357                    
     358                        .def     _mpuSetRegion_
     359                        .asmfunc
     360                    
     361 00000348           _mpuSetRegion_
     362                    
     363 00000348 EE060F12          mcr   p15, #0, r0, c6, c2, #0
     364 0000034c E12FFF1E          bx    lr
     365                    
     366                        .endasmfunc
     367                    
     368                    
     369                    ;-------------------------------------------------------------------------------
     370                    ; Get mpu region number
     371                    
     372                        .def     _mpuGetRegion_
     373                        .asmfunc
     374                    
     375 00000350           _mpuGetRegion_
     376                    
     377 00000350 EE160F12          mrc   p15, #0, r0, c6, c2, #0
     378 00000354 E12FFF1E          bx    lr
     379                    
     380                        .endasmfunc
     381                    
     382                    
     383                    ;-------------------------------------------------------------------------------
     384                    ; Set base address
     385                    
TI ARM Assembler PC v16.9.0 Thu Feb 16 13:27:11 2017

Tools Copyright (c) 1996-2015 Texas Instruments Incorporated
../hcg/source/HL_sys_mpu.asm                                         PAGE    8

     386                        .def     _mpuSetRegionBaseAddress_
     387                        .asmfunc
     388                    
     389 00000358           _mpuSetRegionBaseAddress_
     390                    
     391 00000358 EE060F11          mcr   p15, #0, r0, c6, c1, #0
     392 0000035c E12FFF1E          bx    lr
     393                    
     394                        .endasmfunc
     395                    
     396                    
     397                    ;-------------------------------------------------------------------------------
     398                    ; Get base address
     399                    
     400                        .def     _mpuGetRegionBaseAddress_
     401                        .asmfunc
     402                    
     403 00000360           _mpuGetRegionBaseAddress_
     404                    
     405 00000360 EE160F11          mrc   p15, #0, r0, c6, c1, #0
     406 00000364 E12FFF1E          bx    lr
     407                    
     408                        .endasmfunc
     409                    
     410                    
     411                    ;-------------------------------------------------------------------------------
     412                    ; Set type and permission
     413                    
     414                        .def     _mpuSetRegionTypeAndPermission_
     415                        .asmfunc
     416                    
     417 00000368           _mpuSetRegionTypeAndPermission_
     418                    
     419 00000368 E1800001          orr   r0,  r0, r1
     420 0000036c EE060F91          mcr   p15, #0, r0, c6, c1, #4
     421 00000370 E12FFF1E          bx    lr
     422                    
     423                        .endasmfunc
     424                    
     425                    
     426                    ;-------------------------------------------------------------------------------
     427                    ; Get type
     428                    
     429                        .def     _mpuGetRegionType_
     430                        .asmfunc
     431                    
     432 00000374           _mpuGetRegionType_
     433                    
     434 00000374 EE160F91          mrc   p15, #0, r0,     c6, c1, #4
     435 00000378 E3C00CFF          bic   r0,  r0, #0xFF00
     436 0000037c E12FFF1E          bx    lr
     437                    
     438                        .endasmfunc
     439                    
     440                    
TI ARM Assembler PC v16.9.0 Thu Feb 16 13:27:11 2017

Tools Copyright (c) 1996-2015 Texas Instruments Incorporated
../hcg/source/HL_sys_mpu.asm                                         PAGE    9

     441                    ;-------------------------------------------------------------------------------
     442                    ; Get permission
     443                    
     444                        .def     _mpuGetRegionPermission_
     445                        .asmfunc
     446                    
     447 00000380           _mpuGetRegionPermission_
     448                    
     449 00000380 EE160F91          mrc   p15, #0, r0,   c6, c1, #4
     450 00000384 E3C000FF          bic   r0,  r0, #0xFF
     451 00000388 E12FFF1E          bx    lr
     452                    
     453                        .endasmfunc
     454                    
     455                    
     456                    ;-------------------------------------------------------------------------------
     457                    ; Set region size register value
     458                    
     459                        .def     _mpuSetRegionSizeRegister_
     460                        .asmfunc
     461                    
     462 0000038c           _mpuSetRegionSizeRegister_
     463                    
     464 0000038c EE060F51          mcr   p15, #0, r0, c6, c1, #2
     465 00000390 E12FFF1E          bx    lr
     466                    
     467                        .endasmfunc
     468                    
     469                        
     470                    
     471                    ;-------------------------------------------------------------------------------
     472                    

No Assembly Errors, No Assembly Warnings
